########## patch: fork -> spawn for episode dataloader workers ##########
patched to spawn

########## stop the slow workers=0 run, relaunch with spawn ##########
launched D2 (GPU3) and D1 (GPU2) with spawn workers; watching 6 minutes
########## after 6 minutes ##########
--- D2 ---
[data] episodic users=86 train + 10 meta-val (held out from module training)
[optim] backbone 5.29M @ lr 3.0e-05 | context 0.96M @ lr 1.0e-03 | 2 params exempt from weight decay
[pretrained] loaded 51 backbone tensors from /data2/chenyuxiang/code/emg2qwerty/models/generic.ckpt; 98 context tensors keep their initialization
[watchdog] armed
step 100/8000 | loss 3.3284 | lr 1.01e-05 | 0.82 it/s
step 200/8000 | loss 2.7280 | lr 2.01e-05 | 0.86 it/s
--- D1 ---
[model] v1 | 6.25M params total (published backbone 5.29M + ICL module 0.96M) | device=cuda | phase=icl
[data] train sessions=837 val sessions=192
[data] episodic users=86 train + 10 meta-val (held out from module training)
[optim] backbone 5.29M @ lr 3.0e-05 | context 0.96M @ lr 1.0e-03 | 2 params exempt from weight decay
[pretrained] loaded 51 backbone tensors from /data2/chenyuxiang/code/emg2qwerty/models/generic.ckpt; 98 context tensors keep their initialization
[watchdog] armed
0, 16 MiB, 0 %
1, 12 MiB, 0 %
2, 2443 MiB, 0 %
3, 2483 MiB, 0 %
