=== waiting for the unit-encoder pretrain to finish ===
found /data2/chenyuxiang/runs/units_pretrain.pt at 2026年 08月 18日 星期二 23:38:05 CST, size 25152021 bytes

=== D3: D1 + pretrained unit encoder, GPU2 ===
--- first 25 lines (look for the [units] line) ---
[model] v1 | 6.25M params total (published backbone 5.29M + ICL module 0.96M) | device=cuda | phase=icl
[data] train sessions=837 val sessions=192
[data] episodic users=86 train + 10 meta-val (held out from module training)
[optim] backbone 5.29M @ lr 3.0e-05 | context 0.96M @ lr 1.0e-03 | 2 params exempt from weight decay
[pretrained] loaded 51 backbone tensors from /data2/chenyuxiang/code/emg2qwerty/models/generic.ckpt; 98 context tensors keep their initialization
[units] loaded 72/72 ctx_encoder tensors from /data2/chenyuxiang/runs/units_pretrain.pt
[watchdog] armed
step 100/8000 | loss 1.1694 | lr 1.01e-05 | 1.71 it/s
--- waiting for D3 checkpoint step >= 2000 (23:39) ---
=== D3 @ step ~2000 : 8 official held-out users, A/B/C, K=256 ===
[A] mean over users: 53.98
[B] mean over users: 54.18
[C] mean over users: 54.19
[A] gap closed vs personalization ceiling: 3.2%
[B] gap closed vs personalization ceiling: 2.7%
[C] gap closed vs personalization ceiling: 2.7%
=== /tmp/d3_snap.pt  (step 2000) ===
    cross_pre    |tanh(g)|=0.22478  ||W||=  6.2468  EFFECTIVE=1.40417
    cross_post   |tanh(g)|=0.18466  ||W||=  5.1602  EFFECTIVE=0.95287
--- waiting for D3 checkpoint step >= 5000 (00:00) ---
=== D3 @ step ~5000 : 8 official held-out users, A/B/C, K=256 ===
[A] mean over users: 54.76
[B] mean over users: 55.26
[C] mean over users: 54.95
[A] gap closed vs personalization ceiling: 1.4%
[B] gap closed vs personalization ceiling: 0.3%
[C] gap closed vs personalization ceiling: 1.0%
=== /tmp/d3_snap.pt  (step 5000) ===
    cross_pre    |tanh(g)|=0.00317  ||W||=  8.4206  EFFECTIVE=0.02668
    cross_post   |tanh(g)|=0.00475  ||W||=  7.4897  EFFECTIVE=0.03559
--- waiting for D3 checkpoint step >= 8000 (00:30) ---
=== D3 @ step ~8000 : 8 official held-out users, A/B/C, K=256 ===
[A] mean over users: 54.49
[B] mean over users: 54.77
[C] mean over users: 54.78
[A] gap closed vs personalization ceiling: 2.0%
[B] gap closed vs personalization ceiling: 1.4%
[C] gap closed vs personalization ceiling: 1.4%
=== /tmp/d3_snap.pt  (step 8000) ===
    cross_pre    |tanh(g)|=0.00165  ||W||=  8.4925  EFFECTIVE=0.01399
    cross_post   |tanh(g)|=0.00059  ||W||=  7.6299  EFFECTIVE=0.00450
=== D3 evaluation curve complete ===
