=== v3 hedge: context-heavy + longer (GPU1) ===
[model] v1 | 6.01M params total (published backbone 5.29M + ICL module 0.71M) | device=cuda | phase=icl
[data] train sessions=837 val sessions=192
[data] episodic users=86 train + 10 meta-val (held out from module training)
[optim] backbone 5.29M @ lr 3.0e-05 | context 0.71M @ lr 2.0e-03 | 2 params exempt from weight decay
[pretrained] loaded 51 backbone tensors from /data2/chenyuxiang/code/emg2qwerty/models/generic.ckpt; 35 context tensors keep their initialization
[watchdog] armed
step 100/20000 | loss 1.4790 | lr 3.79e-06 | 2.89 it/s
step 200/20000 | loss 1.3944 | lr 7.54e-06 | 2.79 it/s
step 300/20000 | loss 1.5722 | lr 1.13e-05 | 2.25 it/s
step 400/20000 | loss 1.4285 | lr 1.50e-05 | 2.48 it/s
step 100/20000 | loss 1.4790 | lr 3.79e-06 | 2.89 it/s
step 200/20000 | loss 1.3944 | lr 7.54e-06 | 2.79 it/s
step 300/20000 | loss 1.5722 | lr 1.13e-05 | 2.25 it/s
step 400/20000 | loss 1.4285 | lr 1.50e-05 | 2.48 it/s
--- wait cheavy step >= 6000 (03:07) ---
=== v3-cheavy @ step ~6000 : 8 users A/B/C ===
[A] mean over users: 53.53
[B] mean over users: 53.53
[C] mean over users: 54.86
    cross_pre    |tanh(g)|=0.00042  ||W||= 26.4393  EFFECTIVE=0.01104
    cross_post   |tanh(g)|=0.00642  ||W||= 20.5838  EFFECTIVE=0.13212
--- wait cheavy step >= 12000 (03:44) ---
=== v3-cheavy @ step ~12000 : 8 users A/B/C ===
[A] mean over users: 54.62
[B] mean over users: 54.62
[C] mean over users: 55.57
    cross_pre    |tanh(g)|=0.00189  ||W||= 30.9359  EFFECTIVE=0.05857
    cross_post   |tanh(g)|=0.00023  ||W||= 22.8550  EFFECTIVE=0.00533
--- wait cheavy step >= 20000 (04:21) ---
=== v3-cheavy @ step ~20000 : 8 users A/B/C ===
[A] mean over users: 54.38
[B] mean over users: 54.38
[C] mean over users: 55.93
    cross_pre    |tanh(g)|=0.00122  ||W||= 31.0374  EFFECTIVE=0.03788
    cross_post   |tanh(g)|=0.00030  ||W||= 22.6137  EFFECTIVE=0.00681
=== v3-cheavy complete ===
