=== deploy smoke print fix ===
=== smoke (both kv modes) ===

===== smoke v3 (kv_split=False) =====
[smoke] built 50 support tokens from 6 windows
[smoke] init max|mode C - mode A| = 0.00e+00 (want ~0: identity)
[smoke] init grad o_proj=3.354e+01 (want >0: path can open)
[smoke] with o_proj opened, mean|mode C - mode A| = 3.6827e-02 (want >0: context now changes output)
[smoke] grad to frame context encoder now = 1.095e+01
[smoke] full-length support -> 96 tokens (>= 50 masked)
[smoke v3] ALL PASS

===== smoke v3 (kv_split=True) =====
[smoke] built 50 support tokens from 6 windows
[smoke] init max|mode C - mode A| = 0.00e+00 (want ~0: identity)
[smoke] init grad o_proj=4.382e+01 (want >0: path can open)
[smoke] with o_proj opened, mean|mode C - mode A| = 3.0983e-02 (want >0: context now changes output)
[smoke] grad to frame context encoder now = 4.497e+00
[smoke] full-length support -> 96 tokens (>= 50 masked)
[smoke v3] ALL PASS
=== wait for a free GPU (v3-main on GPU2 to finish) ===
v3-main at step 12000
=== launch v3.1 on GPU2 ===
