=== phase 0: freeze the teacher-headroom diagnostic, stop the fleet ===
33 /data2/chenyuxiang/runs/teacher_headroom.txt
teacher fleet stopped
0, 16 MiB, 0 %
1, 12 MiB, 0 %
2, 12 MiB, 0 %
3, 12 MiB, 0 %

=== phase 1: calibrate the gain-only synthetic subject (GPU0, ~15 min) ===
--- gain_log_std 0.5 ---
  (a) training users, NO synthetic shift      : CER  14.21
  (b) training users, synthetic shift applied : CER  64.59
  ratio = 1.22  (GOOD: comparable)
--- gain_log_std 0.7 ---
  (a) training users, NO synthetic shift      : CER  13.01
  (b) training users, synthetic shift applied : CER  84.08
  ratio = 1.68  (MISCALIBRATED: use --sweep)
--- gain_log_std 0.9 ---
  (a) training users, NO synthetic shift      : CER  13.72
  (b) training users, synthetic shift applied : CER  93.16
  ratio = 1.91  (MISCALIBRATED: use --sweep)
--- gain_log_std 1.2 ---
  (a) training users, NO synthetic shift      : CER  13.64
  (b) training users, synthetic shift applied : CER  97.82
  ratio = 2.02  (MISCALIBRATED: use --sweep)
  sigma 0.7: CER 84.08 (|d-55.4| 28.69)
  sigma 1.2: CER 97.82 (|d-55.4| 42.43)
  sigma 0.9: CER 93.16 (|d-55.4| 37.77)
  sigma 0.5: CER 64.59 (|d-55.4| 9.20)
CHOSEN 0.5
=== using gain_log_std = 0.5 ===

=== phase 2: write the three V5 configs ===
[ok] myoicl/configs/qwerty_v5_a0_gain_affine.yaml  p_synth=1.0 synth={'rotation_choices': [0], 'gain_log_std': 0.5, 'p_noise': 0.0, 'p_mix': 0.0} strength=None frozen=True
[ok] myoicl/configs/qwerty_v5_a1_gain_v31.yaml  p_synth=1.0 synth={'rotation_choices': [0], 'gain_log_std': 0.5, 'p_noise': 0.0, 'p_mix': 0.0} strength=None frozen=True
[ok] myoicl/configs/qwerty_v5_a2_realistic.yaml  p_synth=1.0 synth=None strength=[0.35, 0.6] frozen=True

=== phase 3: launch A0/A1/A2 on GPU0/1/2 ===
launched v5_a0_gain_affine on GPU0 pid=2830660
launched v5_a1_gain_v31 on GPU1 pid=2831392
launched v5_a2_realistic on GPU2 pid=2832409
=== phase 3b: GPU3 -- zero-shot CER over all 96 training users ===
launched zero-shot scan on GPU3 pid=2833489

=== phase 4: stream progress (12 h) ===
--- 14:48 ---
[a0_gain_affine] [val] step 500: mode-C CER 70.64 | mode-B CER 41.67 | mode-A CER 68.22 | gain C -2.42 / B +26.55 | loss 3.8753
[a1_gain_v31] [val] step 1000: mode-C CER 40.50 | mode-B CER 75.37 | mode-A CER 75.37 | gain C +34.86 / B +0.00 | loss 1.4733
[a2_realistic] 
[scan] [89/96] 9456349: held-out-session CER 7.59 (7 sessions)
--- 14:53 ---
[a0_gain_affine] [val] step 1000: mode-C CER 46.97 | mode-B CER 55.64 | mode-A CER 69.04 | gain C +22.06 / B +13.39 | loss 2.0425
[a1_gain_v31] [val] step 2500: mode-C CER 38.06 | mode-B CER 75.39 | mode-A CER 75.39 | gain C +37.33 / B +0.00 | loss 1.3286
[a2_realistic] 
[scan] === UNSEEN users (8 official test): 55.39 published ===
--- 14:58 ---
[a0_gain_affine] [val] step 1500: mode-C CER 71.44 | mode-B CER 59.87 | mode-A CER 69.22 | gain C -2.22 / B +9.35 | loss 4.4178
[a1_gain_v31] [val] step 4000: mode-C CER 34.94 | mode-B CER 75.56 | mode-A CER 75.56 | gain C +40.62 / B +0.00 | loss 1.2116
[a2_realistic] [val] step 500: mode-C CER 66.18 | mode-B CER 68.33 | mode-A CER 79.82 | gain C +13.65 / B +11.49 | loss 2.7225
[scan] === UNSEEN users (8 official test): 55.39 published ===
