=== backup before overwriting shared modules ===
rollback copy: /data2/chenyuxiang/runs/backup_myoicl_20260819_153159
=== extract ===
AST OK

=== regression: the NO-remix path must be untouched ===
/data2/chenyuxiang/conda_envs/qwerty/lib/python3.10/site-packages/torch/nn/modules/transformer.py:306: UserWarning: enable_nested_tensor is True, but self.use_nested_tensor is False because encoder_layer.norm_first was True
  warnings.warn(f"enable_nested_tensor is True, but self.use_nested_tensor is False because {why_not_sparsity_fast_path}")
no-remix model OK | trainable 6.23M -> frozen leaves 0.93M context params

=== smoke: the remix head itself (CPU) ===
/data2/chenyuxiang/conda_envs/qwerty/lib/python3.10/site-packages/torch/nn/modules/transformer.py:306: UserWarning: enable_nested_tensor is True, but self.use_nested_tensor is False because encoder_layer.norm_first was True
  warnings.warn(f"enable_nested_tensor is True, but self.use_nested_tensor is False because {why_not_sparsity_fast_path}")
[build] remix params 217.6k
  [ok ] remix is identity at init  max|M-I| = 0.00e+00
  [ok ] logits unchanged at init  max|da| = 0.00e+00
        (zero-grad at step 0: ['s_ref', 'mlp.0.weight', 'mlp.0.bias'] -- expected for parameters upstream of a zero output matrix)
  [ok ] every remix parameter gets gradient after one step
  [ok ] assign head recovers a known channel roll  accuracy 100%  (roll=5)
/data2/chenyuxiang/conda_envs/qwerty/lib/python3.10/site-packages/torch/nn/modules/transformer.py:306: UserWarning: enable_nested_tensor is True, but self.use_nested_tensor is False because encoder_layer.norm_first was True
  warnings.warn(f"enable_nested_tensor is True, but self.use_nested_tensor is False because {why_not_sparsity_fast_path}")
  [ok ] freeze_backbone leaves remix trainable

SMOKE OK -- remix head is identity at init, gradient-connected, identifiable, and survives freezing.
=== 413 done: remix head deployed and verified, nothing launched ===
