=== backup + extract ===
rollback copy: /data2/chenyuxiang/runs/backup_myoicl_20260819_150520
AST OK

=== fold split (deterministic) ===
96 training users -> 4 folds
  fold 0:  24 users,  213 sessions | e.g. ['11372316', '14312238', '2396581']
  fold 1:  24 users,  206 sessions | e.g. ['11944098', '1438774', '25847138']
  fold 2:  24 users,  213 sessions | e.g. ['12565339', '18200807', '25915650']
  fold 3:  24 users,  205 sessions | e.g. ['13321435', '20676876', '26940776']

=== parameter counts vs the paper's Table 2 ===
/data2/chenyuxiang/conda_envs/qwerty/lib/python3.10/site-packages/torch/nn/modules/transformer.py:306: UserWarning: enable_nested_tensor is True, but self.use_nested_tensor is False because encoder_layer.norm_first was True
  warnings.warn(f"enable_nested_tensor is True, but self.use_nested_tensor is False because {why_not_sparsity_fast_path}")
tiny   ours    2.12M | paper    2.2M -> OK (paper cross-user CER 35.9)
        2.12M total  (featurizer 0.08M  encoder 1.98M  decoder 0.01M)
small  ours    4.99M | paper    5.4M -> OK (paper cross-user CER 35.2)
        4.99M total  (featurizer 0.08M  encoder 4.74M  decoder 0.03M)
large  ours  103.06M | paper  109.0M -> OK (paper cross-user CER 30.5)
        103.06M total  (featurizer 0.08M  encoder 100.77M  decoder 0.10M)

=== end-to-end CPU smoke: 5 real training steps ===
fold 0: train 624 sessions | heldout 213 sessions, 24 users
/data2/chenyuxiang/conda_envs/qwerty/lib/python3.10/site-packages/torch/nn/modules/transformer.py:306: UserWarning: enable_nested_tensor is True, but self.use_nested_tensor is False because encoder_layer.norm_first was True
  warnings.warn(f"enable_nested_tensor is True, but self.use_nested_tensor is False because {why_not_sparsity_fast_path}")
  step 0: raw (4, 32, 11994) -> emissions (121, 4, 99) | frame lens [121, 120, 120, 121]
           loss 19.8256  grad-sum 2.047e+04
  step 1: raw (4, 32, 11963) -> emissions (120, 4, 99) | frame lens [120, 120, 120, 120]
           loss 18.7519  grad-sum 1.718e+04
  step 2: raw (4, 32, 11982) -> emissions (121, 4, 99) | frame lens [121, 120, 120, 120]
           loss 124.2906  grad-sum 2.955e+05
  step 3: raw (4, 32, 11998) -> emissions (121, 4, 99) | frame lens [120, 121, 120, 121]
           loss 27.9070  grad-sum 5.973e+04
  step 4: raw (4, 32, 11992) -> emissions (121, 4, 99) | frame lens [120, 121, 120, 120]
           loss 14.3142  grad-sum 2.479e+04
  prefix hook OK: 37 prefix tokens leave emissions at (121, 4, 99)
SMOKE OK
=== 430 done: trunk deployed and verified, nothing launched ===
