=== redeploy train_trunk (cached eval sets) ===
AST OK

=== waiting for GPUs (the v5 ladder is still running) ===
launched tf_ref on GPU1 pid=2889785  (15:24)
  (10) no free GPU: 0, 2411 MiB 1, 1369 MiB 2, 2807 MiB 3, 24117 MiB 
launched tf_fold0 on GPU3 pid=2905364  (15:34)

=== streaming (12 h) ===
--- 15:39 ---
[tf_ref] [val] step 2000: 8-test-user CER 100.00 | fold-heldout-user CER nan  (their Tiny reference: 35.9)
[tf_fold0] step 400/40000 | loss 4.1474 | lr 6.00e-05 | 433 win/s
--- 15:44 ---
[tf_ref] [val] step 2000: 8-test-user CER 100.00 | fold-heldout-user CER nan  (their Tiny reference: 35.9)
[tf_fold0] step 1000/40000 | loss 3.4651 | lr 1.50e-04 | 449 win/s
--- 15:49 ---
[tf_ref] [val] step 2000: 8-test-user CER 100.00 | fold-heldout-user CER nan  (their Tiny reference: 35.9)
[tf_fold0] step 1600/40000 | loss 3.3047 | lr 2.40e-04 | 463 win/s
--- 15:54 ---
[tf_ref] [val] step 4000: 8-test-user CER 94.53 | fold-heldout-user CER nan  (their Tiny reference: 35.9)
[tf_fold0] [val] step 2000: 8-test-user CER 100.00 | fold-heldout-user CER 100.00  (their Tiny reference: 35.9)
--- 15:59 ---
[tf_ref] [val] step 4000: 8-test-user CER 94.53 | fold-heldout-user CER nan  (their Tiny reference: 35.9)
[tf_fold0] [val] step 2000: 8-test-user CER 100.00 | fold-heldout-user CER 100.00  (their Tiny reference: 35.9)
--- 16:04 ---
[tf_ref] [val] step 4000: 8-test-user CER 94.53 | fold-heldout-user CER nan  (their Tiny reference: 35.9)
[tf_fold0] [val] step 2000: 8-test-user CER 100.00 | fold-heldout-user CER 100.00  (their Tiny reference: 35.9)
--- 16:09 ---
[tf_ref] [val] step 4000: 8-test-user CER 94.53 | fold-heldout-user CER nan  (their Tiny reference: 35.9)
[tf_fold0] [val] step 2000: 8-test-user CER 100.00 | fold-heldout-user CER 100.00  (their Tiny reference: 35.9)
--- 16:14 ---
[tf_ref] [val] step 6000: 8-test-user CER 90.24 | fold-heldout-user CER nan  (their Tiny reference: 35.9)
[tf_fold0] [val] step 4000: 8-test-user CER 93.44 | fold-heldout-user CER 94.28  (their Tiny reference: 35.9)
