=== log relay started 2026-08-19T15:35:31+08:00 ===
--- 15:35 ---
0, 2411 MiB, 32 %|1, 1369 MiB, 0 %|2, 2807 MiB, 0 %|3, 8790 MiB, 4 %|
[tf_fold0] 
[tf_ref] step 1800/40000 | loss 3.2358 | lr 2.70e-04 | 763 win/s

--- 15:40 ---
0, 16 MiB, 0 %|1, 1369 MiB, 14 %|2, 2807 MiB, 0 %|3, 1369 MiB, 38 %|
[tf_fold0] step 400/40000 | loss 4.1474 | lr 6.00e-05 | 433 win/s
[tf_ref] [val] new best 100.00 -> best.pt

--- 16:00 ---
0, 1371 MiB, 0 %|1, 1369 MiB, 0 %|2, 2807 MiB, 0 %|3, 1369 MiB, 0 %|
[tf_fold0] [val] new best 100.00 -> best.pt
[tf_ref] [val] new best 94.53 -> best.pt
[tf_ref_lr1e3] 

--- 16:30 ---
0, 3171 MiB, 69 %|1, 3167 MiB, 68 %|2, 2983 MiB, 86 %|3, 12 MiB, 0 %|
[tf_fold0] step 1600/40000 | loss 3.1930 | lr 2.40e-04 | 623 win/s
[tf_ref] step 1800/40000 | loss 3.1541 | lr 2.70e-04 | 712 win/s
[tf_ref_lr1e3] step 1400/40000 | loss 3.1287 | lr 7.00e-04 | 625 win/s

--- 17:00 ---
0, 2989 MiB, 90 %|1, 2985 MiB, 11 %|2, 2985 MiB, 68 %|3, 805 MiB, 0 %|
[tf_fold0] 
[tf_fold1] 
[tf_fold2] 
[tf_ref] [val] new best 83.37 -> best.pt
[tf_ref_lr1e3] [val] new best 78.64 -> best.pt

--- 17:30 ---
0, 2989 MiB, 85 %|1, 2985 MiB, 35 %|2, 3169 MiB, 53 %|3, 3169 MiB, 42 %|
[tf_fold0] [val] new best 100.00 -> best.pt
[tf_fold1] [val] new best 83.88 -> best.pt
[tf_fold2] [val] new best 84.75 -> best.pt
[tf_ref] [val] new best 83.37 -> best.pt
[tf_ref_lr1e3] [val] step 6000: 8-test-user CER 84.01 | fold-heldout-user CER nan  (their Tiny reference: 35.9)

