=== extract ===
AST OK

=== prefix length budget ===
encoder params 29.8k
  {'k_windows': 4, 'seconds': 16, 'tokens_uncapped': 380, 'tokens': 380, 'capped': False}
  {'k_windows': 12, 'seconds': 48, 'tokens_uncapped': 1140, 'tokens': 1140, 'capped': False}
  {'k_windows': 18, 'seconds': 72, 'tokens_uncapped': 1710, 'tokens': 1710, 'capped': False}
  {'k_windows': 23, 'seconds': 92, 'tokens_uncapped': 2185, 'tokens': 2185, 'capped': False}
  {'k_windows': 45, 'seconds': 180, 'tokens_uncapped': 4275, 'tokens': 4096, 'capped': True}

=== contamination guard must FIRE on a reference backbone ===
/data2/chenyuxiang/conda_envs/qwerty/lib/python3.10/site-packages/torch/nn/modules/transformer.py:306: UserWarning: enable_nested_tensor is True, but self.use_nested_tensor is False because encoder_layer.norm_first was True
  warnings.warn(f"enable_nested_tensor is True, but self.use_nested_tensor is False because {why_not_sparsity_fast_path}")
[trunk] /data2/chenyuxiang/runs/tf_ref/last.pt step 2000 | 2.12M total  (featurizer 0.08M  encoder 1.98M  decoder 0.01M)
[FATAL] backbone was trained with --fold -1 but the cohort is fold 0: it has SEEN these users, so the episodes would contain no adaptation headroom
(expected: [FATAL] backbone was trained with --fold -1 ...)

=== CPU smoke: one real episode end to end ===
cohort 24 multi-session users of 24
/data2/chenyuxiang/conda_envs/qwerty/lib/python3.10/site-packages/torch/nn/modules/transformer.py:306: UserWarning: enable_nested_tensor is True, but self.use_nested_tensor is False because encoder_layer.norm_first was True
  warnings.warn(f"enable_nested_tensor is True, but self.use_nested_tensor is False because {why_not_sparsity_fast_path}")
episode user 89335547: support (11960, 6, 2, 16) query (11898, 2, 2, 16)
prefix (1, 615, 128)  (615 tokens from 6 windows)
mode A (593, 2, 99) vs mode C (593, 2, 99) | max|dlogit| 3.309
ctc loss 235.4557 | prefix-encoder grad-sum 2.731e+04
SMOKE OK
=== 471 done: prefix ICL trainer deployed, waiting on tf_fold0 ===
