=== launching tf_ref_lr1e3 on GPU0 at 15:58 ===
pid=2942963
[split] REFERENCE run: all 96 training users
[split] official test users: 16 sessions (never trained on in either mode)
[data] 183349 training windows of 5.0s
[data] monitor sets: 160 test windows, 0 fold-heldout windows
/data2/chenyuxiang/conda_envs/qwerty/lib/python3.10/site-packages/torch/nn/modules/transformer.py:306: UserWarning: enable_nested_tensor is True, but self.use_nested_tensor is False because encoder_layer.norm_first was True
  warnings.warn(f"enable_nested_tensor is True, but self.use_nested_tensor is False because {why_not_sparsity_fast_path}")
[model] tiny: 2.12M total  (featurizer 0.08M  encoder 1.98M  decoder 0.01M)
/data2/chenyuxiang/conda_envs/qwerty/lib/python3.10/site-packages/torch/nn/modules/conv.py:306: UserWarning: Plan failed with a cudnnException: CUDNN_BACKEND_EXECUTION_PLAN_DESCRIPTOR: cudnnFinalize Descriptor Failed cudnn_status: CUDNN_STATUS_NOT_SUPPORTED (Triggered internally at ../aten/src/ATen/native/cudnn/Conv_v8.cpp:919.)

=== compare the two learning rates every 10 min ===
--- 16:10 ---
[tf_ref] step 5600/40000 | loss 2.6972 | lr 2.93e-04 | 538 win/s
         [val] new best 94.53 -> best.pt
[tf_ref_lr1e3] step 600/40000 | loss 3.4864 | lr 3.00e-04 | 259 win/s
[tf_fold0] step 3800/40000 | loss 2.9388 | lr 2.98e-04 | 464 win/s
         [val] new best 100.00 -> best.pt
--- 16:20 ---
[tf_ref] step 200/40000 | loss 84.3919 | lr 3.00e-05 | 617 win/s
[tf_ref_lr1e3] no steps yet
[tf_fold0] no steps yet
--- 16:30 ---
[tf_ref] step 1800/40000 | loss 3.1541 | lr 2.70e-04 | 712 win/s
[tf_ref_lr1e3] step 1400/40000 | loss 3.1287 | lr 7.00e-04 | 625 win/s
[tf_fold0] step 1400/40000 | loss 3.2304 | lr 2.10e-04 | 640 win/s
--- 16:40 ---
[tf_ref] step 3400/40000 | loss 2.8254 | lr 2.99e-04 | 706 win/s
         [val] new best 100.00 -> best.pt
[tf_ref_lr1e3] step 2600/40000 | loss 2.6788 | lr 9.99e-04 | 578 win/s
         [val] new best 100.00 -> best.pt
[tf_fold0] step 2800/40000 | loss 2.9634 | lr 3.00e-04 | 573 win/s
         [val] new best 100.00 -> best.pt
