=== stop the mis-specified runs ===
trunk runs stopped
A2 stopped
0, 16 MiB
1, 12 MiB
2, 12 MiB
3, 12 MiB

=== deploy the corrected trunk ===
AST OK

=== sanity: frame rate and sequence length ===
/data2/chenyuxiang/conda_envs/qwerty/lib/python3.10/site-packages/torch/nn/modules/transformer.py:306: UserWarning: enable_nested_tensor is True, but self.use_nested_tensor is False because encoder_layer.norm_first was True
  warnings.warn(f"enable_nested_tensor is True, but self.use_nested_tensor is False because {why_not_sparsity_fast_path}")
2.12M total  (featurizer 0.08M  encoder 1.98M  decoder 0.01M)
raw (2, 32, 10000) -> emissions (498, 2, 99) = 100 Hz  (target 100 Hz)
frame rate OK

=== relaunch: ref(3e-4) / fold0(3e-4) / ref(1e-3) ===
launched tf_ref on GPU0 lr=3e-4 fold=-1 pid=2975197
launched tf_fold0 on GPU1 lr=3e-4 fold=0 pid=2976588
launched tf_ref_lr1e3 on GPU2 lr=1e-3 fold=-1 pid=2978025

--- tf_ref ---
[split] REFERENCE run: all 96 training users
[split] official test users: 16 sessions (never trained on in either mode)
[data] 229266 training windows of 4.0s
[data] monitor sets: 160 test windows, 0 fold-heldout windows
[model] featurizer [11, 3, 3]/[5, 2, 2] -> 100 Hz frames (400 per window)
[model] tiny: 2.12M total  (featurizer 0.08M  encoder 1.98M  decoder 0.01M)
--- tf_fold0 ---
[split] fold 0: train on 72 users (624 sessions); HELD OUT 24 users (213 sessions)
[split] official test users: 16 sessions (never trained on in either mode)
[data] 172708 training windows of 4.0s
[data] monitor sets: 160 test windows, 160 fold-heldout windows
[model] featurizer [11, 3, 3]/[5, 2, 2] -> 100 Hz frames (400 per window)
[model] tiny: 2.12M total  (featurizer 0.08M  encoder 1.98M  decoder 0.01M)
--- tf_ref_lr1e3 ---
[split] REFERENCE run: all 96 training users
[split] official test users: 16 sessions (never trained on in either mode)
[data] 229266 training windows of 4.0s
[data] monitor sets: 160 test windows, 0 fold-heldout windows
[model] featurizer [11, 3, 3]/[5, 2, 2] -> 100 Hz frames (400 per window)
[model] tiny: 2.12M total  (featurizer 0.08M  encoder 1.98M  decoder 0.01M)

=== stream (14 h) ===
--- 16:28 ---
[tf_ref] step 1600/40000 | loss 3.1925 | lr 2.40e-04 | 711 win/s
[tf_fold0] step 1200/40000 | loss 3.3008 | lr 1.80e-04 | 653 win/s
[tf_ref_lr1e3] step 1200/40000 | loss 3.1712 | lr 6.00e-04 | 636 win/s
--- 16:33 ---
[tf_ref] step 2400/40000 | loss 3.0256 | lr 3.00e-04 | 711 win/s
        [val] new best 100.00 -> best.pt
[tf_fold0] step 2000/40000 | loss 3.1303 | lr 3.00e-04 | 604 win/s
[tf_ref_lr1e3] step 1800/40000 | loss 3.0091 | lr 9.00e-04 | 604 win/s
--- 16:38 ---
[tf_ref] step 3200/40000 | loss 2.8676 | lr 2.99e-04 | 707 win/s
        [val] new best 100.00 -> best.pt
[tf_fold0] step 2400/40000 | loss 3.0404 | lr 3.00e-04 | 587 win/s
        [val] new best 100.00 -> best.pt
[tf_ref_lr1e3] step 2400/40000 | loss 2.7516 | lr 1.00e-03 | 584 win/s
        [val] new best 100.00 -> best.pt
