=== stop the mis-specified runs ===
trunk runs stopped
A2 stopped
0, 16 MiB
1, 12 MiB
2, 12 MiB
3, 12 MiB

=== deploy the corrected trunk ===
AST OK

=== sanity: frame rate and sequence length ===
/data2/chenyuxiang/conda_envs/qwerty/lib/python3.10/site-packages/torch/nn/modules/transformer.py:306: UserWarning: enable_nested_tensor is True, but self.use_nested_tensor is False because encoder_layer.norm_first was True
  warnings.warn(f"enable_nested_tensor is True, but self.use_nested_tensor is False because {why_not_sparsity_fast_path}")
2.12M total  (featurizer 0.08M  encoder 1.98M  decoder 0.01M)
raw (2, 32, 10000) -> emissions (498, 2, 99) = 100 Hz  (target 100 Hz)
frame rate OK

=== relaunch: ref(3e-4) / fold0(3e-4) / ref(1e-3) ===
launched tf_ref on GPU0 lr=3e-4 fold=-1 pid=2975197
launched tf_fold0 on GPU1 lr=3e-4 fold=0 pid=2976588
launched tf_ref_lr1e3 on GPU2 lr=1e-3 fold=-1 pid=2978025

--- tf_ref ---
[split] REFERENCE run: all 96 training users
[split] official test users: 16 sessions (never trained on in either mode)
[data] 229266 training windows of 4.0s
[data] monitor sets: 160 test windows, 0 fold-heldout windows
[model] featurizer [11, 3, 3]/[5, 2, 2] -> 100 Hz frames (400 per window)
[model] tiny: 2.12M total  (featurizer 0.08M  encoder 1.98M  decoder 0.01M)
--- tf_fold0 ---
[split] fold 0: train on 72 users (624 sessions); HELD OUT 24 users (213 sessions)
[split] official test users: 16 sessions (never trained on in either mode)
[data] 172708 training windows of 4.0s
[data] monitor sets: 160 test windows, 160 fold-heldout windows
[model] featurizer [11, 3, 3]/[5, 2, 2] -> 100 Hz frames (400 per window)
[model] tiny: 2.12M total  (featurizer 0.08M  encoder 1.98M  decoder 0.01M)
--- tf_ref_lr1e3 ---
[split] REFERENCE run: all 96 training users
[split] official test users: 16 sessions (never trained on in either mode)
[data] 229266 training windows of 4.0s
[data] monitor sets: 160 test windows, 0 fold-heldout windows
[model] featurizer [11, 3, 3]/[5, 2, 2] -> 100 Hz frames (400 per window)
[model] tiny: 2.12M total  (featurizer 0.08M  encoder 1.98M  decoder 0.01M)

=== stream (14 h) ===
--- 16:28 ---
[tf_ref] step 1600/40000 | loss 3.1925 | lr 2.40e-04 | 711 win/s
[tf_fold0] step 1200/40000 | loss 3.3008 | lr 1.80e-04 | 653 win/s
[tf_ref_lr1e3] step 1200/40000 | loss 3.1712 | lr 6.00e-04 | 636 win/s
--- 16:33 ---
[tf_ref] step 2400/40000 | loss 3.0256 | lr 3.00e-04 | 711 win/s
        [val] new best 100.00 -> best.pt
[tf_fold0] step 2000/40000 | loss 3.1303 | lr 3.00e-04 | 604 win/s
[tf_ref_lr1e3] step 1800/40000 | loss 3.0091 | lr 9.00e-04 | 604 win/s
--- 16:38 ---
[tf_ref] step 3200/40000 | loss 2.8676 | lr 2.99e-04 | 707 win/s
        [val] new best 100.00 -> best.pt
[tf_fold0] step 2400/40000 | loss 3.0404 | lr 3.00e-04 | 587 win/s
        [val] new best 100.00 -> best.pt
[tf_ref_lr1e3] step 2400/40000 | loss 2.7516 | lr 1.00e-03 | 584 win/s
        [val] new best 100.00 -> best.pt
--- 16:43 ---
[tf_ref] step 4000/40000 | loss 2.7171 | lr 2.98e-04 | 705 win/s
        [val] new best 96.35 -> best.pt
[tf_fold0] step 3200/40000 | loss 2.8907 | lr 2.99e-04 | 566 win/s
        [val] new best 100.00 -> best.pt
[tf_ref_lr1e3] step 3000/40000 | loss 2.5095 | lr 9.98e-04 | 571 win/s
        [val] new best 100.00 -> best.pt
--- 16:48 ---
[tf_ref] step 4800/40000 | loss 2.5449 | lr 2.96e-04 | 702 win/s
        [val] new best 96.35 -> best.pt
[tf_fold0] step 3800/40000 | loss 2.7759 | lr 2.98e-04 | 557 win/s
        [val] new best 100.00 -> best.pt
[tf_ref_lr1e3] step 3600/40000 | loss 2.4140 | lr 9.96e-04 | 562 win/s
        [val] new best 100.00 -> best.pt
--- 16:53 ---
[tf_ref] step 5600/40000 | loss 2.4213 | lr 2.93e-04 | 701 win/s
        [val] new best 96.35 -> best.pt
[tf_fold0] step 4200/40000 | loss 2.7054 | lr 2.98e-04 | 547 win/s
        [val] new best 99.61 -> best.pt
[tf_ref_lr1e3] step 4200/40000 | loss 2.3668 | lr 9.92e-04 | 551 win/s
        [val] new best 78.64 -> best.pt
--- 16:58 ---
[tf_ref] step 6400/40000 | loss 2.3342 | lr 2.90e-04 | 702 win/s
        [val] new best 83.37 -> best.pt
[tf_fold0] step 4800/40000 | loss 2.6088 | lr 2.96e-04 | 529 win/s
        [val] new best 99.61 -> best.pt
[tf_ref_lr1e3] step 4800/40000 | loss 2.3765 | lr 9.87e-04 | 533 win/s
        [val] new best 78.64 -> best.pt
--- 17:03 ---
[tf_ref] step 6400/40000 | loss 2.3342 | lr 2.90e-04 | 702 win/s
        [val] new best 83.37 -> best.pt
[tf_fold0] step 400/40000 | loss 3.6596 | lr 2.00e-04 | 427 win/s
[tf_ref_lr1e3] step 5200/40000 | loss 2.3498 | lr 9.83e-04 | 531 win/s
        [val] new best 78.64 -> best.pt
--- 17:08 ---
[tf_ref] step 6400/40000 | loss 2.3342 | lr 2.90e-04 | 702 win/s
        [val] new best 83.37 -> best.pt
[tf_fold0] step 800/40000 | loss 3.3100 | lr 4.00e-04 | 421 win/s
[tf_ref_lr1e3] step 5800/40000 | loss 2.3295 | lr 9.76e-04 | 515 win/s
        [val] new best 78.64 -> best.pt
--- 17:13 ---
[tf_ref] step 6400/40000 | loss 2.3342 | lr 2.90e-04 | 702 win/s
        [val] new best 83.37 -> best.pt
[tf_fold0] step 1200/40000 | loss 3.1668 | lr 6.00e-04 | 408 win/s
[tf_ref_lr1e3] step 6200/40000 | loss 2.3223 | lr 9.70e-04 | 502 win/s
        [val] step 6000: 8-test-user CER 84.01 | fold-heldout-user CER nan  (their Tiny reference: 35.9)
--- 17:18 ---
[tf_ref] step 6400/40000 | loss 2.3342 | lr 2.90e-04 | 702 win/s
        [val] new best 83.37 -> best.pt
[tf_fold0] step 1600/40000 | loss 3.0458 | lr 8.00e-04 | 395 win/s
[tf_ref_lr1e3] step 6600/40000 | loss 2.2975 | lr 9.64e-04 | 490 win/s
        [val] step 6000: 8-test-user CER 84.01 | fold-heldout-user CER nan  (their Tiny reference: 35.9)
--- 17:23 ---
[tf_ref] step 6400/40000 | loss 2.3342 | lr 2.90e-04 | 702 win/s
        [val] new best 83.37 -> best.pt
[tf_fold0] step 2000/40000 | loss 2.9238 | lr 1.00e-03 | 387 win/s
        [val] new best 100.00 -> best.pt
[tf_ref_lr1e3] step 7000/40000 | loss 2.2745 | lr 9.58e-04 | 479 win/s
        [val] step 6000: 8-test-user CER 84.01 | fold-heldout-user CER nan  (their Tiny reference: 35.9)
--- 17:28 ---
[tf_ref] step 6400/40000 | loss 2.3342 | lr 2.90e-04 | 702 win/s
        [val] new best 83.37 -> best.pt
[tf_fold0] step 2400/40000 | loss 2.7709 | lr 1.00e-03 | 378 win/s
        [val] new best 100.00 -> best.pt
[tf_ref_lr1e3] step 7400/40000 | loss 2.2626 | lr 9.51e-04 | 469 win/s
        [val] step 6000: 8-test-user CER 84.01 | fold-heldout-user CER nan  (their Tiny reference: 35.9)
--- 17:33 ---
[tf_ref] step 6400/40000 | loss 2.3342 | lr 2.90e-04 | 702 win/s
        [val] new best 83.37 -> best.pt
[tf_fold0] step 2800/40000 | loss 2.6051 | lr 9.99e-04 | 372 win/s
        [val] new best 100.00 -> best.pt
[tf_ref_lr1e3] step 7800/40000 | loss 2.2951 | lr 9.44e-04 | 460 win/s
        [val] step 6000: 8-test-user CER 84.01 | fold-heldout-user CER nan  (their Tiny reference: 35.9)
--- 17:38 ---
[tf_ref] step 6400/40000 | loss 2.3342 | lr 2.90e-04 | 702 win/s
        [val] new best 83.37 -> best.pt
[tf_fold0] step 3200/40000 | loss 2.4514 | lr 9.98e-04 | 368 win/s
        [val] new best 100.00 -> best.pt
[tf_ref_lr1e3] step 8200/40000 | loss 2.2681 | lr 9.36e-04 | 452 win/s
        [val] step 8000: 8-test-user CER 81.87 | fold-heldout-user CER nan  (their Tiny reference: 35.9)
--- 17:43 ---
[tf_ref] step 6400/40000 | loss 2.3342 | lr 2.90e-04 | 702 win/s
        [val] new best 83.37 -> best.pt
[tf_fold0] step 3600/40000 | loss 2.3868 | lr 9.96e-04 | 365 win/s
        [val] new best 100.00 -> best.pt
[tf_ref_lr1e3] step 8600/40000 | loss 2.2633 | lr 9.27e-04 | 445 win/s
        [val] step 8000: 8-test-user CER 81.87 | fold-heldout-user CER nan  (their Tiny reference: 35.9)
--- 17:48 ---
[tf_ref] step 6400/40000 | loss 2.3342 | lr 2.90e-04 | 702 win/s
        [val] new best 83.37 -> best.pt
[tf_fold0] step 4000/40000 | loss 2.3651 | lr 9.93e-04 | 364 win/s
        [val] new best 83.52 -> best.pt
[tf_ref_lr1e3] step 9000/40000 | loss 2.2774 | lr 9.19e-04 | 440 win/s
        [val] step 8000: 8-test-user CER 81.87 | fold-heldout-user CER nan  (their Tiny reference: 35.9)
--- 17:53 ---
[tf_ref] step 6400/40000 | loss 2.3342 | lr 2.90e-04 | 702 win/s
        [val] new best 83.37 -> best.pt
[tf_fold0] step 4600/40000 | loss 2.3547 | lr 9.88e-04 | 361 win/s
        [val] new best 83.52 -> best.pt
[tf_ref_lr1e3] step 9400/40000 | loss 2.2435 | lr 9.09e-04 | 435 win/s
        [val] step 8000: 8-test-user CER 81.87 | fold-heldout-user CER nan  (their Tiny reference: 35.9)
--- 17:58 ---
[tf_ref] step 6400/40000 | loss 2.3342 | lr 2.90e-04 | 702 win/s
        [val] new best 83.37 -> best.pt
[tf_fold0] step 5000/40000 | loss 2.3357 | lr 9.85e-04 | 360 win/s
        [val] new best 83.52 -> best.pt
[tf_ref_lr1e3] step 9800/40000 | loss 2.2706 | lr 9.00e-04 | 430 win/s
        [val] step 8000: 8-test-user CER 81.87 | fold-heldout-user CER nan  (their Tiny reference: 35.9)
--- 18:03 ---
[tf_ref] step 6400/40000 | loss 2.3342 | lr 2.90e-04 | 702 win/s
        [val] new best 83.37 -> best.pt
[tf_fold0] step 5400/40000 | loss 2.3209 | lr 9.80e-04 | 359 win/s
        [val] new best 83.52 -> best.pt
[tf_ref_lr1e3] step 10200/40000 | loss 2.2399 | lr 8.89e-04 | 425 win/s
        [val] step 10000: 8-test-user CER 84.65 | fold-heldout-user CER nan  (their Tiny reference: 35.9)
--- 18:08 ---
[tf_ref] step 6400/40000 | loss 2.3342 | lr 2.90e-04 | 702 win/s
        [val] new best 83.37 -> best.pt
[tf_fold0] step 5800/40000 | loss 2.2929 | lr 9.76e-04 | 357 win/s
        [val] new best 83.52 -> best.pt
[tf_ref_lr1e3] step 10600/40000 | loss 2.2577 | lr 8.79e-04 | 420 win/s
        [val] step 10000: 8-test-user CER 84.65 | fold-heldout-user CER nan  (their Tiny reference: 35.9)
--- 18:13 ---
[tf_ref] step 6400/40000 | loss 2.3342 | lr 2.90e-04 | 702 win/s
        [val] new best 83.37 -> best.pt
[tf_fold0] step 6000/40000 | loss 2.2815 | lr 9.73e-04 | 356 win/s
        [val] step 6000: 8-test-user CER 85.77 | fold-heldout-user CER 87.43  (their Tiny reference: 35.9)
[tf_ref_lr1e3] step 11000/40000 | loss 2.2230 | lr 8.68e-04 | 416 win/s
        [val] step 10000: 8-test-user CER 84.65 | fold-heldout-user CER nan  (their Tiny reference: 35.9)
--- 18:18 ---
[tf_ref] step 6400/40000 | loss 2.3342 | lr 2.90e-04 | 702 win/s
        [val] new best 83.37 -> best.pt
[tf_fold0] step 6400/40000 | loss 2.2611 | lr 9.67e-04 | 353 win/s
        [val] step 6000: 8-test-user CER 85.77 | fold-heldout-user CER 87.43  (their Tiny reference: 35.9)
[tf_ref_lr1e3] step 11400/40000 | loss 2.2166 | lr 8.56e-04 | 412 win/s
        [val] step 10000: 8-test-user CER 84.65 | fold-heldout-user CER nan  (their Tiny reference: 35.9)
