=== stop tf_ref (3e-4) and tf_fold0 (3e-4) ===
killed 2976588 (python -m myoicl.train_trunk --out-dir /data2/chenyuxiang/runs/tf_fold0 --fold 0 --size tiny --max-steps 40000 --batch 64 --accum 4 --lr 3e-4 --window-length 8000 --conv-strides 5 2 2 --num-workers 3 --eval-every 2000 --seed 2)
killed 2976795 (python -m myoicl.train_trunk --out-dir /data2/chenyuxiang/runs/tf_fold0 --fold 0 --size tiny --max-steps 40000 --batch 64 --accum 4 --lr 3e-4 --window-length 8000 --conv-strides 5 2 2 --num-workers 3 --eval-every 2000 --seed 2)
killed 2976858 (python -m myoicl.train_trunk --out-dir /data2/chenyuxiang/runs/tf_fold0 --fold 0 --size tiny --max-steps 40000 --batch 64 --accum 4 --lr 3e-4 --window-length 8000 --conv-strides 5 2 2 --num-workers 3 --eval-every 2000 --seed 2)
killed 2976921 (python -m myoicl.train_trunk --out-dir /data2/chenyuxiang/runs/tf_fold0 --fold 0 --size tiny --max-steps 40000 --batch 64 --accum 4 --lr 3e-4 --window-length 8000 --conv-strides 5 2 2 --num-workers 3 --eval-every 2000 --seed 2)
0, 16 MiB
1, 12 MiB
2, 2985 MiB
3, 12 MiB

=== launch fold0/1/2 at lr 1e-3 on free GPUs ===
launched tf_fold0 on GPU0 pid=3041555
launched tf_fold1 on GPU1 pid=3043152
launched tf_fold2 on GPU3 pid=3044556

=== stream (14 h); launch fold3 when a slot frees ===
--- 17:05 ---
[tf_ref_lr1e3] step 5600/40000 | loss 2.3210 | lr 9.78e-04 | 521 win/s
        [val] new best 78.64 -> best.pt
[tf_fold0] step 600/40000 | loss 3.4617 | lr 3.00e-04 | 425 win/s
[tf_fold1] step 800/40000 | loss 3.3023 | lr 4.00e-04 | 597 win/s
[tf_fold2] step 600/40000 | loss 3.3959 | lr 3.00e-04 | 610 win/s
--- 17:10 ---
[tf_ref_lr1e3] step 6000/40000 | loss 2.3262 | lr 9.73e-04 | 509 win/s
        [val] step 6000: 8-test-user CER 84.01 | fold-heldout-user CER nan  (their Tiny reference: 35.9)
[tf_fold0] step 1000/40000 | loss 3.2248 | lr 5.00e-04 | 412 win/s
[tf_fold1] step 1400/40000 | loss 3.1176 | lr 7.00e-04 | 610 win/s
[tf_fold2] step 1400/40000 | loss 3.1016 | lr 7.00e-04 | 621 win/s
--- 17:15 ---
[tf_ref_lr1e3] step 6400/40000 | loss 2.3045 | lr 9.67e-04 | 496 win/s
        [val] step 6000: 8-test-user CER 84.01 | fold-heldout-user CER nan  (their Tiny reference: 35.9)
[tf_fold0] step 1400/40000 | loss 3.1061 | lr 7.00e-04 | 401 win/s
[tf_fold1] step 2200/40000 | loss 2.8231 | lr 1.00e-03 | 613 win/s
        [val] new best 100.00 -> best.pt
[tf_fold2] step 2200/40000 | loss 2.7923 | lr 1.00e-03 | 623 win/s
        [val] new best 100.00 -> best.pt
