=== deploy (fixed 10000-window monitor + step-0 audit) ===
AST OK
=== archive the 40k trunks (superseded for reporting, kept for ablation) ===
0, 16 MiB
1, 3169 MiB
2, 12 MiB
3, 12 MiB

=== track 1: full-budget trunks on GPU 0/1/2 ===
launched tf_ref_full on GPU0 (continue from tf_ref_lr1e3) pid=3824858
launched tf_fold0_full on GPU1 (continue from tf_fold0) pid=3826044
launched tf_fold1_full on GPU2 (continue from tf_fold1) pid=3827383

=== track 2: ICL dev on GPU3 (fold2@40k backbone) ===
launched icl_dev_fold2 pid=3828713
=== first lines ===
--- tf_ref_full ---
[split] REFERENCE run: all 96 training users
[split] official test users: 16 sessions (never trained on in either mode)
[data] 229266 training windows of 4.0s
[data] monitor sets: 512 test windows, 0 fold-heldout windows
[init] continued from /data2/chenyuxiang/runs/tf_ref_lr1e3/last.pt (step 40000, fold -1); optimizer starts fresh
[model] featurizer [11, 3, 3]/[5, 2, 2] -> 100 Hz frames (400 per window)
[model] tiny: 2.12M total  (featurizer 0.08M  encoder 1.98M  decoder 0.01M)
  return F.conv1d(input, weight, bias, self.stride,
--- tf_fold0_full ---
96 training users -> 4 folds
  fold 0:  24 users,  213 sessions | e.g. ['11372316', '14312238', '2396581']
  fold 1:  24 users,  206 sessions | e.g. ['11944098', '1438774', '25847138']
  fold 2:  24 users,  213 sessions | e.g. ['12565339', '18200807', '25915650']
  fold 3:  24 users,  205 sessions | e.g. ['13321435', '20676876', '26940776']
[split] fold 0: train on 72 users (624 sessions); HELD OUT 24 users (213 sessions)
[split] official test users: 16 sessions (never trained on in either mode)
[data] 172708 training windows of 4.0s
--- tf_fold1_full ---
96 training users -> 4 folds
  fold 0:  24 users,  213 sessions | e.g. ['11372316', '14312238', '2396581']
  fold 1:  24 users,  206 sessions | e.g. ['11944098', '1438774', '25847138']
  fold 2:  24 users,  213 sessions | e.g. ['12565339', '18200807', '25915650']
  fold 3:  24 users,  205 sessions | e.g. ['13321435', '20676876', '26940776']
[split] fold 1: train on 72 users (631 sessions); HELD OUT 24 users (206 sessions)
[split] official test users: 16 sessions (never trained on in either mode)
[data] 174323 training windows of 4.0s
--- icl_dev_fold2 ---
[cohort] fold 2: 24 users the backbone has never seen, 213 sessions
[trunk] /data2/chenyuxiang/runs/tf_fold2/last.pt step 40000 | 2.12M total  (featurizer 0.08M  encoder 1.98M  decoder 0.01M)
Traceback (most recent call last):
  File "/data2/chenyuxiang/conda_envs/qwerty/lib/python3.10/runpy.py", line 196, in _run_module_as_main
    return _run_code(code, main_globals, None,
  File "/data2/chenyuxiang/conda_envs/qwerty/lib/python3.10/runpy.py", line 86, in _run_code
    exec(code, run_globals)
  File "/data2/chenyuxiang/code/myoicl/myoicl/train_prefix_icl.py", line 445, in <module>

=== stream (16 h) ===
--- 00:54 ---
[tf_ref_full] step 1400/103000 | loss 1.9162 | lr 4.76e-04 | 630 win/s
[tf_fold0_full] step 1000/103000 | loss 1.7365 | lr 3.40e-04 | 498 win/s
[tf_fold1_full] step 1200/103000 | loss 1.7817 | lr 4.08e-04 | 607 win/s
[icl_dev_fold2] starting
