AST OK
relaunched icl_dev_fold2 pid=3845713
[cohort] fold 2: 24 users the backbone has never seen, 213 sessions
[trunk] /data2/chenyuxiang/runs/tf_fold2/last.pt step 40000 | 2.12M total  (featurizer 0.08M  encoder 1.98M  decoder 0.01M)
[prefix] {'k_windows': 4, 'seconds': 16, 'tokens_uncapped': 380, 'tokens': 380, 'capped': False}
[prefix] {'k_windows': 12, 'seconds': 48, 'tokens_uncapped': 1140, 'tokens': 1140, 'capped': False}
[prefix] {'k_windows': 23, 'seconds': 92, 'tokens_uncapped': 2185, 'tokens': 2185, 'capped': False}
[prefix] {'k_windows': 45, 'seconds': 180, 'tokens_uncapped': 4275, 'tokens': 4096, 'capped': True}
[symbol] 26 permutable letter classes | p_permute 0.5 k [4, 12]
  return F.conv1d(input, weight, bias, self.stride,
[audit] step 0: mode-A 63.00 | mode-C 100.00 (random prefix) | deployment reference ~43-58
step 100/12000 | loss 8.1230 | lr 5.00e-05 | 1.74 it/s
step 200/12000 | loss 4.7799 | lr 1.00e-04 | 1.72 it/s
step 300/12000 | loss 3.3612 | lr 1.50e-04 | 1.63 it/s
step 400/12000 | loss 3.1112 | lr 2.00e-04 | 1.54 it/s
[01:05] [val] new best mode-C 75.06 -> best.pt
[01:10] [val] new best mode-C 56.03 -> best.pt
[01:15] [val] step 1500: mode-A 58.10 | mode-C 59.18 | gain C -1.08   (REAL novel subjects, fold 2)
[01:20] [val] step 2000: mode-A 58.35 | mode-C 59.76 | gain C -1.41   (REAL novel subjects, fold 2)
[01:25] [val] step 2500: mode-A 58.83 | mode-C 59.59 | gain C -0.76   (REAL novel subjects, fold 2)
[01:30] [val] new best mode-C 55.67 -> best.pt
[01:35] [val] step 3500: mode-A 54.20 | mode-C 56.13 | gain C -1.93   (REAL novel subjects, fold 2)
[01:40] [val] new best mode-C 50.66 -> best.pt
[01:45] [val] step 4500: mode-A 55.46 | mode-C 55.64 | gain C -0.18   (REAL novel subjects, fold 2)
[01:50] [val] step 5000: mode-A 56.02 | mode-C 56.35 | gain C -0.32   (REAL novel subjects, fold 2)
[01:55] [val] step 5500: mode-A 53.06 | mode-C 52.86 | gain C +0.19   (REAL novel subjects, fold 2)
[02:00] [val] step 5500: mode-A 53.06 | mode-C 52.86 | gain C +0.19   (REAL novel subjects, fold 2)
[02:05] [val] step 6000: mode-A 51.51 | mode-C 51.94 | gain C -0.43   (REAL novel subjects, fold 2)
[02:10] [val] step 6500: mode-A 51.30 | mode-C 51.25 | gain C +0.05   (REAL novel subjects, fold 2)
[02:15] [val] step 7000: mode-A 51.60 | mode-C 51.78 | gain C -0.18   (REAL novel subjects, fold 2)
[02:20] [val] new best mode-C 45.71 -> best.pt
[02:25] [val] step 8000: mode-A 54.18 | mode-C 54.37 | gain C -0.19   (REAL novel subjects, fold 2)
[02:30] [val] step 8500: mode-A 56.27 | mode-C 56.49 | gain C -0.22   (REAL novel subjects, fold 2)
[02:35] [val] step 8500: mode-A 56.27 | mode-C 56.49 | gain C -0.22   (REAL novel subjects, fold 2)
[02:40] [val] step 9000: mode-A 52.14 | mode-C 51.76 | gain C +0.37   (REAL novel subjects, fold 2)
[02:45] [val] step 9500: mode-A 52.50 | mode-C 52.50 | gain C +0.00   (REAL novel subjects, fold 2)
[02:50] [val] step 10000: mode-A 48.03 | mode-C 48.01 | gain C +0.02   (REAL novel subjects, fold 2)
[02:55] [val] step 10500: mode-A 53.90 | mode-C 54.52 | gain C -0.62   (REAL novel subjects, fold 2)
[03:00] [val] step 11000: mode-A 47.58 | mode-C 47.71 | gain C -0.13   (REAL novel subjects, fold 2)
[03:05] [val] step 11500: mode-A 49.54 | mode-C 50.28 | gain C -0.74   (REAL novel subjects, fold 2)
[03:10] [val] step 12000: mode-A 51.03 | mode-C 50.91 | gain C +0.12   (REAL novel subjects, fold 2)
[03:15] [val] step 12000: mode-A 51.03 | mode-C 50.91 | gain C +0.12   (REAL novel subjects, fold 2)
[03:20] [val] step 12000: mode-A 51.03 | mode-C 50.91 | gain C +0.12   (REAL novel subjects, fold 2)
[03:25] [val] step 12000: mode-A 51.03 | mode-C 50.91 | gain C +0.12   (REAL novel subjects, fold 2)
[03:30] [val] step 12000: mode-A 51.03 | mode-C 50.91 | gain C +0.12   (REAL novel subjects, fold 2)
[03:35] [val] step 12000: mode-A 51.03 | mode-C 50.91 | gain C +0.12   (REAL novel subjects, fold 2)
[03:40] [val] step 12000: mode-A 51.03 | mode-C 50.91 | gain C +0.12   (REAL novel subjects, fold 2)
[03:45] [val] step 12000: mode-A 51.03 | mode-C 50.91 | gain C +0.12   (REAL novel subjects, fold 2)
[03:50] [val] step 12000: mode-A 51.03 | mode-C 50.91 | gain C +0.12   (REAL novel subjects, fold 2)
[03:55] [val] step 12000: mode-A 51.03 | mode-C 50.91 | gain C +0.12   (REAL novel subjects, fold 2)
[04:00] [val] step 12000: mode-A 51.03 | mode-C 50.91 | gain C +0.12   (REAL novel subjects, fold 2)
[04:05] [val] step 12000: mode-A 51.03 | mode-C 50.91 | gain C +0.12   (REAL novel subjects, fold 2)
[04:10] [val] step 12000: mode-A 51.03 | mode-C 50.91 | gain C +0.12   (REAL novel subjects, fold 2)
[04:15] [val] step 12000: mode-A 51.03 | mode-C 50.91 | gain C +0.12   (REAL novel subjects, fold 2)
[04:20] [val] step 12000: mode-A 51.03 | mode-C 50.91 | gain C +0.12   (REAL novel subjects, fold 2)
[04:25] [val] step 12000: mode-A 51.03 | mode-C 50.91 | gain C +0.12   (REAL novel subjects, fold 2)
[04:30] [val] step 12000: mode-A 51.03 | mode-C 50.91 | gain C +0.12   (REAL novel subjects, fold 2)
[04:35] [val] step 12000: mode-A 51.03 | mode-C 50.91 | gain C +0.12   (REAL novel subjects, fold 2)
[04:40] [val] step 12000: mode-A 51.03 | mode-C 50.91 | gain C +0.12   (REAL novel subjects, fold 2)
