AST OK
=== wait for phase 1 to finish (or die) ===
phase-1 best gain: 0.37
=== phase 2: symbol-tuning emphasis, warm-started from /data2/chenyuxiang/runs/icl_dev_fold2/best.pt ===
phase 2 pid=4079332
[03:13] running
[03:18] [val] new best mode-C 53.38 -> best.pt
[03:23] [val] new best mode-C 49.42 -> best.pt
[03:28] [val] step 1500: mode-A 50.66 | mode-C 50.24 | gain C +0.43   (REAL novel subjects, fold 2)
[03:33] [val] step 2000: mode-A 53.05 | mode-C 53.20 | gain C -0.16   (REAL novel subjects, fold 2)
[03:38] [val] step 2500: mode-A 52.58 | mode-C 53.33 | gain C -0.75   (REAL novel subjects, fold 2)
[03:43] [val] step 3000: mode-A 61.16 | mode-C 61.03 | gain C +0.12   (REAL novel subjects, fold 2)
[03:48] [val] step 3500: mode-A 56.54 | mode-C 56.50 | gain C +0.05   (REAL novel subjects, fold 2)
[03:53] [val] new best mode-C 45.37 -> best.pt
[03:58] [val] step 4500: mode-A 50.06 | mode-C 50.49 | gain C -0.44   (REAL novel subjects, fold 2)
[04:03] [val] step 5000: mode-A 52.32 | mode-C 52.85 | gain C -0.54   (REAL novel subjects, fold 2)
[04:08] [val] step 5500: mode-A 52.45 | mode-C 52.97 | gain C -0.52   (REAL novel subjects, fold 2)
[04:13] [val] step 6000: mode-A 51.82 | mode-C 51.91 | gain C -0.09   (REAL novel subjects, fold 2)
[04:18] [val] step 6500: mode-A 46.04 | mode-C 45.61 | gain C +0.43   (REAL novel subjects, fold 2)
[04:23] [val] step 6500: mode-A 46.04 | mode-C 45.61 | gain C +0.43   (REAL novel subjects, fold 2)
[04:28] [val] step 7000: mode-A 48.94 | mode-C 48.79 | gain C +0.15   (REAL novel subjects, fold 2)
[04:33] [val] step 7500: mode-A 49.76 | mode-C 49.56 | gain C +0.20   (REAL novel subjects, fold 2)
[04:38] [val] step 8000: mode-A 51.88 | mode-C 52.31 | gain C -0.44   (REAL novel subjects, fold 2)
[04:43] [val] step 8500: mode-A 54.10 | mode-C 54.31 | gain C -0.21   (REAL novel subjects, fold 2)
[04:48] [val] step 9000: mode-A 53.15 | mode-C 52.17 | gain C +0.98   (REAL novel subjects, fold 2)
[04:53] [val] step 9500: mode-A 52.04 | mode-C 51.66 | gain C +0.38   (REAL novel subjects, fold 2)
[04:58] [val] step 10000: mode-A 50.11 | mode-C 50.08 | gain C +0.02   (REAL novel subjects, fold 2)
[05:03] [val] step 10500: mode-A 49.27 | mode-C 49.71 | gain C -0.44   (REAL novel subjects, fold 2)
[05:08] [val] step 11000: mode-A 51.72 | mode-C 51.37 | gain C +0.35   (REAL novel subjects, fold 2)
[05:13] [val] step 11500: mode-A 46.72 | mode-C 47.36 | gain C -0.64   (REAL novel subjects, fold 2)
[05:18] [val] step 12000: mode-A 47.42 | mode-C 47.99 | gain C -0.56   (REAL novel subjects, fold 2)
[05:23] [val] step 12000: mode-A 47.42 | mode-C 47.99 | gain C -0.56   (REAL novel subjects, fold 2)
phase 2 ended
=== 543 done ===
