=== stop the jointly-trained fused run (it is re-treading the zero-lock) ===
stopped
launched icl_frozen_fold2 pid=248766
[cohort] fold 2: 24 users the backbone has never seen, 213 sessions
[trunk] /data2/chenyuxiang/runs/tf_fold2/last.pt step 40000 | 2.12M total  (featurizer 0.08M  encoder 1.98M  decoder 0.01M)
[prefix] FUSED mode: per-token (signal + soft-aligned char)
[prefix] {'k_windows': 4, 'seconds': 16, 'tokens_uncapped': 380, 'tokens': 380, 'capped': False}
[prefix] {'k_windows': 12, 'seconds': 48, 'tokens_uncapped': 1140, 'tokens': 1140, 'capped': False}
[prefix] {'k_windows': 23, 'seconds': 92, 'tokens_uncapped': 2185, 'tokens': 2185, 'capped': False}
[prefix] {'k_windows': 45, 'seconds': 180, 'tokens_uncapped': 4275, 'tokens': 4096, 'capped': True}
[symbol] 26 permutable letter classes | p_permute 0.5 k [4, 12]
  return F.conv1d(input, weight, bias, self.stride,
[audit] step 0: mode-A 62.58 | mode-C 100.00 (random prefix) | deployment reference ~43-58
step 100/12000 | loss 9.6123 | lr 1.67e-04 | 2.02 it/s
step 200/12000 | loss 5.8096 | lr 3.33e-04 | 1.66 it/s
[06:38] [val] new best mode-C 72.48 -> best.pt
[06:43] [val] new best mode-C 61.12 -> best.pt
[06:48] [val] step 1500: mode-A 64.14 | mode-C 65.10 | gain C -0.95   (REAL novel subjects, fold 2)
[06:53] [val] step 2000: mode-A 62.40 | mode-C 65.08 | gain C -2.68   (REAL novel subjects, fold 2)
[06:58] [val] step 2500: mode-A 62.88 | mode-C 65.09 | gain C -2.20   (REAL novel subjects, fold 2)
[07:03] [val] step 3000: mode-A 62.10 | mode-C 64.05 | gain C -1.95   (REAL novel subjects, fold 2)
[07:08] [val] step 3500: mode-A 63.92 | mode-C 66.71 | gain C -2.79   (REAL novel subjects, fold 2)
[07:13] [val] new best mode-C 56.54 -> best.pt
[07:18] [val] step 4500: mode-A 57.76 | mode-C 60.85 | gain C -3.09   (REAL novel subjects, fold 2)
[07:23] [val] step 5000: mode-A 63.69 | mode-C 64.53 | gain C -0.84   (REAL novel subjects, fold 2)
[07:28] [val] step 5500: mode-A 65.75 | mode-C 66.20 | gain C -0.45   (REAL novel subjects, fold 2)
[07:33] [val] step 6000: mode-A 60.78 | mode-C 62.34 | gain C -1.56   (REAL novel subjects, fold 2)
[07:38] [val] step 6500: mode-A 59.58 | mode-C 61.48 | gain C -1.90   (REAL novel subjects, fold 2)
[07:43] [val] step 7000: mode-A 63.92 | mode-C 64.28 | gain C -0.36   (REAL novel subjects, fold 2)
[07:48] [val] step 7000: mode-A 63.92 | mode-C 64.28 | gain C -0.36   (REAL novel subjects, fold 2)
[07:53] [val] step 7500: mode-A 55.81 | mode-C 56.83 | gain C -1.02   (REAL novel subjects, fold 2)
[07:58] [val] step 8000: mode-A 61.59 | mode-C 61.61 | gain C -0.02   (REAL novel subjects, fold 2)
