=== GPU1: twin aux run on the full-budget fold0 backbone ===
launched icl_aux_fold0 pid=1090250
=== GPU0: probe loop when ref_full finishes ===
probe watcher pid=1090251
=== GPU2: fold2_full continuation when fold1_full finishes ===
=== stream (14 h) ===
--- 14:08 ---
[icl_aux_fold2] step 2100/20000 | loss 4.7245 | aux rot 2.011 (chance 2.83) | aux perm 1.707 (chance 3.26) | lr 9.92
        [val] new best mode-C 64.40 -> best.pt
[icl_aux_fold0] step 300/20000 | loss 5.8680 | aux rot 2.281 (chance 2.83) | aux perm 2.463 (chance 3.26) | lr 3.00e
k= 12 ( 48s): mode-A  53.24 | mode-C  57.82 | gain  -4.58 (24 episodes)
k= 45 (180s): mode-A  53.24 | mode-C  59.84 | gain  -6.60 (24 episodes)
k= 12 ( 48s): mode-A  64.69 | mode-C  67.42 | gain  -2.74 (24 episodes)
--- 14:13 ---
[icl_aux_fold2] step 2500/20000 | loss 4.9932 | aux rot 1.980 (chance 2.83) | aux perm 1.589 (chance 3.26) | lr 9.85
        [val] new best mode-C 64.40 -> best.pt
[icl_aux_fold0] step 700/20000 | loss 5.2765 | aux rot 2.074 (chance 2.83) | aux perm 1.661 (chance 3.26) | lr 7.00e
k= 12 ( 48s): mode-A  53.24 | mode-C  57.82 | gain  -4.58 (24 episodes)
k= 45 (180s): mode-A  53.24 | mode-C  59.84 | gain  -6.60 (24 episodes)
k= 12 ( 48s): mode-A  64.69 | mode-C  67.42 | gain  -2.74 (24 episodes)
--- 14:18 ---
[icl_aux_fold2] step 2900/20000 | loss 4.6595 | aux rot 1.931 (chance 2.83) | aux perm 1.631 (chance 3.26) | lr 9.76
        [val] new best mode-C 64.40 -> best.pt
[icl_aux_fold0] step 1100/20000 | loss 5.0098 | aux rot 2.092 (chance 2.83) | aux perm 1.624 (chance 3.26) | lr 1.00
        [val] new best mode-C 63.87 -> best.pt
k= 12 ( 48s): mode-A  53.24 | mode-C  57.82 | gain  -4.58 (24 episodes)
k= 45 (180s): mode-A  53.24 | mode-C  59.84 | gain  -6.60 (24 episodes)
k= 12 ( 48s): mode-A  64.69 | mode-C  67.42 | gain  -2.74 (24 episodes)
--- 14:23 ---
[icl_aux_fold2] step 3300/20000 | loss 5.0672 | aux rot 1.837 (chance 2.83) | aux perm 1.703 (chance 3.26) | lr 9.64
        [val] new best mode-C 64.18 -> best.pt
[icl_aux_fold0] step 1500/20000 | loss 4.9879 | aux rot 2.030 (chance 2.83) | aux perm 1.724 (chance 3.26) | lr 9.98
        [val] new best mode-C 63.87 -> best.pt
k= 12 ( 48s): mode-A  53.24 | mode-C  57.82 | gain  -4.58 (24 episodes)
k= 45 (180s): mode-A  53.24 | mode-C  59.84 | gain  -6.60 (24 episodes)
k= 12 ( 48s): mode-A  64.69 | mode-C  67.42 | gain  -2.74 (24 episodes)
