=== wait for tf_fold1_full to finish ===
using GPU0
launched icl_joint_fold1 pid=1211048
[15:09] step 200/20000 | loss 7.0014 | aux rot 2.560 (chance 2.83) | aux perm 3.132 (chance 3.26) | lr 1.00e
[15:14] step 400/20000 | loss 6.2978 | aux rot 2.187 (chance 2.83) | aux perm 2.488 (chance 3.26) | lr 2.00e
[15:19] step 700/20000 | loss 5.0362 | aux rot 2.080 (chance 2.83) | aux perm 1.784 (chance 3.26) | lr 3.50e
[15:24] step 900/20000 | loss 4.9979 | aux rot 2.124 (chance 2.83) | aux perm 1.754 (chance 3.26) | lr 4.50e
[15:29] step 1100/20000 | loss 5.0751 | aux rot 2.073 (chance 2.83) | aux perm 1.565 (chance 3.26) | lr 5.00
        [val] new best mode-C 55.21 -> best.pt
[15:34] step 1300/20000 | loss 4.8615 | aux rot 1.967 (chance 2.83) | aux perm 1.675 (chance 3.26) | lr 5.00
        [val] new best mode-C 55.21 -> best.pt
[15:39] step 1600/20000 | loss 4.7348 | aux rot 1.823 (chance 2.83) | aux perm 1.679 (chance 3.26) | lr 4.99
        [val] new best mode-C 55.21 -> best.pt
[15:44] step 1800/20000 | loss 4.8824 | aux rot 1.874 (chance 2.83) | aux perm 1.835 (chance 3.26) | lr 4.98
        [val] new best mode-C 55.21 -> best.pt
[15:49] step 2000/20000 | loss 5.0532 | aux rot 1.734 (chance 2.83) | aux perm 1.662 (chance 3.26) | lr 4.97
        [val] new best mode-C 47.72 -> best.pt
[15:54] step 2400/20000 | loss 4.6533 | aux rot 1.697 (chance 2.83) | aux perm 1.647 (chance 3.26) | lr 4.93
        [val] new best mode-C 47.72 -> best.pt
[15:59] step 2700/20000 | loss 4.6886 | aux rot 1.631 (chance 2.83) | aux perm 1.710 (chance 3.26) | lr 4.90
        [val] new best mode-C 47.72 -> best.pt
[16:04] step 3000/20000 | loss 4.7925 | aux rot 1.586 (chance 2.83) | aux perm 1.806 (chance 3.26) | lr 4.86
        [val] new best mode-C 44.45 -> best.pt
[16:09] step 3300/20000 | loss 4.6303 | aux rot 1.567 (chance 2.83) | aux perm 1.717 (chance 3.26) | lr 4.82
        [val] new best mode-C 44.45 -> best.pt
[16:14] step 3700/20000 | loss 4.0705 | aux rot 1.500 (chance 2.83) | aux perm 1.558 (chance 3.26) | lr 4.75
        [val] new best mode-C 44.45 -> best.pt
[16:19] step 4000/20000 | loss 4.5672 | aux rot 1.540 (chance 2.83) | aux perm 1.728 (chance 3.26) | lr 4.70
        [val] step 4000: mode-A 47.23 | mode-C 46.75 | gain C +0.48   (REAL novel subjects, fold 1)
[16:24] step 4300/20000 | loss 4.2733 | aux rot 1.425 (chance 2.83) | aux perm 1.701 (chance 3.26) | lr 4.64
        [val] step 4000: mode-A 47.23 | mode-C 46.75 | gain C +0.48   (REAL novel subjects, fold 1)
[16:29] step 4600/20000 | loss 4.6108 | aux rot 1.501 (chance 2.83) | aux perm 1.636 (chance 3.26) | lr 4.57
        [val] step 4000: mode-A 47.23 | mode-C 46.75 | gain C +0.48   (REAL novel subjects, fold 1)
[16:34] step 4900/20000 | loss 4.1456 | aux rot 1.387 (chance 2.83) | aux perm 1.696 (chance 3.26) | lr 4.50
        [val] step 4000: mode-A 47.23 | mode-C 46.75 | gain C +0.48   (REAL novel subjects, fold 1)
[16:39] step 5300/20000 | loss 4.3116 | aux rot 1.362 (chance 2.83) | aux perm 1.491 (chance 3.26) | lr 4.39
        [val] new best mode-C 40.65 -> best.pt
[16:44] step 5600/20000 | loss 4.1729 | aux rot 1.413 (chance 2.83) | aux perm 1.594 (chance 3.26) | lr 4.31
        [val] new best mode-C 40.65 -> best.pt
[16:49] step 5900/20000 | loss 4.4784 | aux rot 1.359 (chance 2.83) | aux perm 1.589 (chance 3.26) | lr 4.22
        [val] new best mode-C 40.65 -> best.pt
[16:54] step 6200/20000 | loss 4.3861 | aux rot 1.322 (chance 2.83) | aux perm 1.725 (chance 3.26) | lr 4.13
        [val] step 6000: mode-A 41.87 | mode-C 43.37 | gain C -1.50   (REAL novel subjects, fold 1)
