=== stop the frozen fold0 twin (kept as the ablation row) ===
stopped
=== launch joint main-line on fold0_full (GPU freed by the twin) ===
launched icl_joint_fold0 pid=1169828
=== stream both joint runs (16 h) ===
--- 14:48 ---
[icl_joint_fold0] step 200/30000 | loss 6.7254 | aux rot 2.736 (chance 2.83) | aux perm 3.197 (chance 3.26) | lr 6
[icl_joint_fold1] waiting
--- 14:53 ---
[icl_joint_fold0] step 100/30000 | loss 9.9521 | aux rot 2.875 (chance 2.83) | aux perm 3.271 (chance 3.26) | lr 3
[icl_joint_fold1] waiting
--- 14:58 ---
[icl_joint_fold0] step 300/30000 | loss 6.4928 | aux rot 2.489 (chance 2.83) | aux perm 3.008 (chance 3.26) | lr 1
[icl_joint_fold1] waiting
--- 15:03 ---
[icl_joint_fold0] step 600/30000 | loss 5.3970 | aux rot 2.163 (chance 2.83) | aux perm 2.046 (chance 3.26) | lr 2
[icl_joint_fold1] waiting
--- 15:08 ---
[icl_joint_fold0] step 900/30000 | loss 5.1509 | aux rot 2.147 (chance 2.83) | aux perm 1.755 (chance 3.26) | lr 3
[icl_joint_fold1] step 100/20000 | loss 8.2409 | aux rot 2.789 (chance 2.83) | aux perm 3.260 (chance 3.26) | lr 5
--- 15:13 ---
[icl_joint_fold0] step 1100/30000 | loss 5.1774 | aux rot 2.116 (chance 2.83) | aux perm 1.561 (chance 3.26) | lr 
        [val] new best mode-C 47.71 -> best.pt
[icl_joint_fold1] step 400/20000 | loss 6.2978 | aux rot 2.187 (chance 2.83) | aux perm 2.488 (chance 3.26) | lr 2
--- 15:18 ---
[icl_joint_fold0] step 1400/30000 | loss 4.8974 | aux rot 2.092 (chance 2.83) | aux perm 1.600 (chance 3.26) | lr 
        [val] new best mode-C 47.71 -> best.pt
[icl_joint_fold1] step 600/20000 | loss 5.2351 | aux rot 2.131 (chance 2.83) | aux perm 1.787 (chance 3.26) | lr 3
--- 15:23 ---
[icl_joint_fold0] step 1600/30000 | loss 4.9454 | aux rot 1.993 (chance 2.83) | aux perm 1.673 (chance 3.26) | lr 
        [val] new best mode-C 47.71 -> best.pt
[icl_joint_fold1] step 800/20000 | loss 4.6822 | aux rot 2.074 (chance 2.83) | aux perm 1.681 (chance 3.26) | lr 4
--- 15:28 ---
[icl_joint_fold0] step 1900/30000 | loss 4.9759 | aux rot 1.983 (chance 2.83) | aux perm 1.835 (chance 3.26) | lr 
        [val] new best mode-C 47.71 -> best.pt
[icl_joint_fold1] step 1100/20000 | loss 5.0751 | aux rot 2.073 (chance 2.83) | aux perm 1.565 (chance 3.26) | lr 
        [val] new best mode-C 55.21 -> best.pt
--- 15:33 ---
[icl_joint_fold0] step 2100/30000 | loss 4.6140 | aux rot 1.894 (chance 2.83) | aux perm 1.564 (chance 3.26) | lr 
        [val] new best mode-C 47.40 -> best.pt
[icl_joint_fold1] step 1300/20000 | loss 4.8615 | aux rot 1.967 (chance 2.83) | aux perm 1.675 (chance 3.26) | lr 
        [val] new best mode-C 55.21 -> best.pt
--- 15:38 ---
[icl_joint_fold0] step 2300/30000 | loss 4.6538 | aux rot 1.858 (chance 2.83) | aux perm 1.667 (chance 3.26) | lr 
        [val] new best mode-C 47.40 -> best.pt
[icl_joint_fold1] step 1500/20000 | loss 5.1511 | aux rot 1.905 (chance 2.83) | aux perm 1.784 (chance 3.26) | lr 
        [val] new best mode-C 55.21 -> best.pt
