=== stop the frozen fold0 twin (kept as the ablation row) ===
stopped
=== launch joint main-line on fold0_full (GPU freed by the twin) ===
launched icl_joint_fold0 pid=1169828
=== stream both joint runs (16 h) ===
--- 14:48 ---
[icl_joint_fold0] step 200/30000 | loss 6.7254 | aux rot 2.736 (chance 2.83) | aux perm 3.197 (chance 3.26) | lr 6
[icl_joint_fold1] waiting
--- 14:53 ---
[icl_joint_fold0] step 100/30000 | loss 9.9521 | aux rot 2.875 (chance 2.83) | aux perm 3.271 (chance 3.26) | lr 3
[icl_joint_fold1] waiting
--- 14:58 ---
[icl_joint_fold0] step 300/30000 | loss 6.4928 | aux rot 2.489 (chance 2.83) | aux perm 3.008 (chance 3.26) | lr 1
[icl_joint_fold1] waiting
--- 15:03 ---
[icl_joint_fold0] step 600/30000 | loss 5.3970 | aux rot 2.163 (chance 2.83) | aux perm 2.046 (chance 3.26) | lr 2
[icl_joint_fold1] waiting
--- 15:08 ---
[icl_joint_fold0] step 900/30000 | loss 5.1509 | aux rot 2.147 (chance 2.83) | aux perm 1.755 (chance 3.26) | lr 3
[icl_joint_fold1] step 100/20000 | loss 8.2409 | aux rot 2.789 (chance 2.83) | aux perm 3.260 (chance 3.26) | lr 5
--- 15:13 ---
[icl_joint_fold0] step 1100/30000 | loss 5.1774 | aux rot 2.116 (chance 2.83) | aux perm 1.561 (chance 3.26) | lr 
        [val] new best mode-C 47.71 -> best.pt
[icl_joint_fold1] step 400/20000 | loss 6.2978 | aux rot 2.187 (chance 2.83) | aux perm 2.488 (chance 3.26) | lr 2
