=== interpreter ===
python 3.10.20 | torch 2.3.0+cu121 | cuda True

=== unpack + verify ===
  ok myoicl/tta_floor.py (12497 bytes)

=== official checkpoint present? ===
-rw-rw-r-- 1 chenyuxiang chenyuxiang 63587626 8月  14 15:23 /data2/chenyuxiang/code/emg2qwerty/models/generic.ckpt

=== ONE-USER smoke: arch inventory + base CER (must be plausible) ===
/data2/chenyuxiang/conda_envs/qwerty/lib/python3.10/site-packages/torch/nn/modules/transformer.py:306: UserWarning: enable_nested_tensor is True, but self.use_nested_tensor is False because encoder_layer.norm_first was True
  warnings.warn(f"enable_nested_tensor is True, but self.use_nested_tensor is False because {why_not_sparsity_fast_path}")
[pretrained] loaded 51 backbone tensors from /data2/chenyuxiang/code/emg2qwerty/models/generic.ckpt; 67 context tensors keep their initialization
[arch] BatchNorm x1: ['frontend.0.batch_norm']
[arch] LayerNorm x17 | other norm x0

[user0] 32 unlabelled calibration windows (2.1 min)
/data2/chenyuxiang/conda_envs/qwerty/lib/python3.10/site-packages/torch/nn/modules/conv.py:456: UserWarning: Plan failed with a cudnnException: CUDNN_BACKEND_EXECUTION_PLAN_DESCRIPTOR: cudnnFinalize Descriptor Failed cudnn_status: CUDNN_STATUS_NOT_SUPPORTED (Triggered internally at ../aten/src/ATen/native/cudnn/Conv_v8.cpp:919.)
  return F.conv2d(input, weight, bias, self.stride,
  [base] user0: CER 61.51
  [bn] recalibrated 1 BatchNorm layers
  [bn] user0: CER 60.64

============================================================
TEST-TIME ADAPTATION FLOOR -- 8 official unseen users, NO labels
       arm  mean CER   vs base
      base     61.51     +0.00
        bn     60.64     +0.87

[SANITY FAIL] unadapted mean 61.51 vs reproduction reference 55.39 (|d| = 6.12 > 1.0). Do NOT use the numbers above; fix the eval path first.

[FLOOR] the best label-free generic recipe is 'bn' at 60.64 (+0.87 vs unadapted).
        Part B (LM-as-Teacher) must beat 60.64, not 61.51, to claim anything.
        Personalised-with-labels reference: 11.28 -- the gap still open after the floor is 49.36 CER.

[saved] /data2/chenyuxiang/runs/tta_floor_smoke.json

=== full run: 8 users x 4 arms ===
/data2/chenyuxiang/conda_envs/qwerty/lib/python3.10/site-packages/torch/nn/modules/transformer.py:306: UserWarning: enable_nested_tensor is True, but self.use_nested_tensor is False because encoder_layer.norm_first was True
  warnings.warn(f"enable_nested_tensor is True, but self.use_nested_tensor is False because {why_not_sparsity_fast_path}")
[pretrained] loaded 51 backbone tensors from /data2/chenyuxiang/code/emg2qwerty/models/generic.ckpt; 67 context tensors keep their initialization
[arch] BatchNorm x1: ['frontend.0.batch_norm']
[arch] LayerNorm x17 | other norm x0

[user0] 64 unlabelled calibration windows (4.3 min)
/data2/chenyuxiang/conda_envs/qwerty/lib/python3.10/site-packages/torch/nn/modules/conv.py:456: UserWarning: Plan failed with a cudnnException: CUDNN_BACKEND_EXECUTION_PLAN_DESCRIPTOR: cudnnFinalize Descriptor Failed cudnn_status: CUDNN_STATUS_NOT_SUPPORTED (Triggered internally at ../aten/src/ATen/native/cudnn/Conv_v8.cpp:919.)
  return F.conv2d(input, weight, bias, self.stride,
