=== interpreter ===
3.10.20 2.3.0+cu121
=== unpack + verify ===
  ok myoicl/partb2.py (17052 bytes)
  ok myoicl/partb.py (17760 bytes)
  ok myoicl/tta_floor.py (12497 bytes)

=== LM asset present? ===
总用量 74320
-rw-rw-r-- 1 chenyuxiang chenyuxiang 43556054 8月  14 15:19 wikitext-103-6gram-charlm.arpa
-rw-rw-r-- 1 chenyuxiang chenyuxiang 32545139 8月  14 15:19 wikitext-103-6gram-charlm.bin

=== PROBE on user0: does any filter actually separate? ===
[lm] /data2/chenyuxiang/code/emg2qwerty/models/lm/wikitext-103-6gram-charlm.bin
[lm] FAILED: real -2.308 vs shuffled -1.933 -- tokenisation is probably wrong, LM filter disabled
[beam] not attempted
/data2/chenyuxiang/conda_envs/qwerty/lib/python3.10/site-packages/torch/nn/modules/transformer.py:306: UserWarning: enable_nested_tensor is True, but self.use_nested_tensor is False because encoder_layer.norm_first was True
  warnings.warn(f"enable_nested_tensor is True, but self.use_nested_tensor is False because {why_not_sparsity_fast_path}")
[pretrained] loaded 51 backbone tensors from /data2/chenyuxiang/code/emg2qwerty/models/generic.ckpt; 67 context tensors keep their initialization
/data2/chenyuxiang/conda_envs/qwerty/lib/python3.10/site-packages/torch/nn/modules/conv.py:456: UserWarning: Plan failed with a cudnnException: CUDNN_BACKEND_EXECUTION_PLAN_DESCRIPTOR: cudnnFinalize Descriptor Failed cudnn_status: CUDNN_STATUS_NOT_SUPPORTED (Triggered internally at ../aten/src/ATen/native/cudnn/Conv_v8.cpp:919.)
  return F.conv2d(input, weight, bias, self.stride,

[user0] 128 windows | raw CER 68.08
            conf_nb>q50: keep 50.0%  pseudo-CER  62.38  (gain  +5.70)
            conf_nb>q75: keep 25.0%  pseudo-CER  61.13  (gain  +6.95)
            conf_nb>q90: keep 10.2%  pseudo-CER  52.88  (gain +15.20)
            path_lp>q50: keep 50.0%  pseudo-CER  70.26  (gain  -2.17)
            path_lp>q75: keep 25.0%  pseudo-CER  79.86  (gain -11.78)
            path_lp>q90: keep 10.2%  pseudo-CER  83.15  (gain -15.06)
             consistent: keep 42.2%  pseudo-CER  67.89  (gain  +0.20)
      consistent+conf75: keep 17.2%  pseudo-CER  62.50  (gain  +5.58)

[saved] /data2/chenyuxiang/runs/partb2_probe.json

=== per-user detached: audit + adaptation ===
  launched user0 on gpu 0
  launched user1 on gpu 1
  launched user2 on gpu 2
  launched user3 on gpu 3
  launched user4 on gpu 0
  launched user5 on gpu 1
