=== unpack + verify ===
  ok (18448 bytes)

=== final8 progress (582) ===
8
  gain  +3.32 | conf_nb>q90 lr=3e-05 steps=30 inputbn student (kept 20, pseudo-CER 40.7)
  gain  -0.06 | conf_nb>q90 lr=3e-05 steps=30 inputbn ema (kept 20, pseudo-CER 40.7)
[user6] unadapted test CER 54.66
         conf_nb>q90 lr=3e-05   steps=30   inputbn student: CER  57.41  gain  -2.75
         conf_nb>q90 lr=3e-05   steps=30   inputbn     ema: CER  54.61  gain  +0.05
  gain  +0.05 | conf_nb>q90 lr=3e-05 steps=30 inputbn ema (kept 20, pseudo-CER 51.0)
  gain  -2.75 | conf_nb>q90 lr=3e-05 steps=30 inputbn student (kept 20, pseudo-CER 51.0)
[user7] unadapted test CER 52.17
         conf_nb>q90 lr=3e-05   steps=30   inputbn student: CER  51.57  gain  +0.60
         conf_nb>q90 lr=3e-05   steps=30   inputbn     ema: CER  52.19  gain  -0.02
  gain  +0.60 | conf_nb>q90 lr=3e-05 steps=30 inputbn student (kept 20, pseudo-CER 43.0)
  gain  -0.02 | conf_nb>q90 lr=3e-05 steps=30 inputbn ema (kept 20, pseudo-CER 43.0)

=== launch segment-level adaptation, 768-window pool ===
  launched user0 on gpu 0 (768 windows)
  launched user1 on gpu 1 (768 windows)
  launched user3 on gpu 2 (768 windows)

workers now: 3
=== 583 launched ===
