########## workers ##########
0
0

########## per-user ##########
--- user0 ---
[user0] unadapted 61.51 | receptive field 125 | gap 50.23
[user0] r1 decode: greedy 68.72 | beam 66.80 | drift(beam-vs-greedy) 42.69 | 50 windows (pool 256) | pseudo-CER 56.23
[user0] r1 RESULT: 61.51 -> 61.06 (+0.45) = 0.9% of the gap
[user0] r2 decode: greedy 68.93 | beam 67.42 | drift(beam-vs-greedy) 43.40 | 48 windows (pool 256) | pseudo-CER 57.30
[user0] r2 RESULT: 61.51 -> 61.52 (-0.01) = -0.0% of the gap
[user0] r3 decode: greedy 68.93 | beam 67.89 | drift(beam-vs-greedy) 44.99 | 50 windows (pool 256) | pseudo-CER 56.25
[user0] DRIFT GUARD: disagreement rose 43.40 -> 44.99; rolled back and stopped
[FINAL] user0: 61.51 -> 61.52 (-0.01) | gap eaten -0.0%
--- user1 ---
[user1] unadapted 59.96 | receptive field 125 | gap 48.68
[user1] r1 decode: greedy 56.19 | beam 52.46 | drift(beam-vs-greedy) 36.92 | 51 windows (pool 256) | pseudo-CER 43.38
[user1] r1 RESULT: 59.96 -> 61.62 (-1.67) = -3.4% of the gap
[user1] r2 decode: greedy 55.97 | beam 52.14 | drift(beam-vs-greedy) 36.97 | 51 windows (pool 256) | pseudo-CER 42.17
[user1] r2 RESULT: 59.96 -> 60.05 (-0.10) = -0.2% of the gap
[user1] r3 decode: greedy 55.58 | beam 52.48 | drift(beam-vs-greedy) 36.38 | 51 windows (pool 256) | pseudo-CER 44.86
[user1] r3 RESULT: 59.96 -> 59.73 (+0.23) = 0.5% of the gap
[FINAL] user1: 59.96 -> 59.73 (+0.23) | gap eaten 0.5%
--- user2 ---
[user2] unadapted 48.01 | receptive field 125 | gap 36.73
[user2] r1 decode: greedy 49.90 | beam 44.16 | drift(beam-vs-greedy) 34.52 | 50 windows (pool 256) | pseudo-CER 34.98
[user2] r1 RESULT: 48.01 -> 48.00 (+0.01) = 0.0% of the gap
[user2] r2 decode: greedy 48.48 | beam 43.69 | drift(beam-vs-greedy) 33.39 | 49 windows (pool 256) | pseudo-CER 35.70
[user2] r2 RESULT: 48.01 -> 46.48 (+1.53) = 4.2% of the gap
[user2] r3 decode: greedy 48.48 | beam 43.04 | drift(beam-vs-greedy) 33.05 | 49 windows (pool 256) | pseudo-CER 35.32
[user2] r3 RESULT: 48.01 -> 47.14 (+0.87) = 2.4% of the gap
[FINAL] user2: 48.01 -> 47.14 (+0.87) | gap eaten 2.4%
--- user3 ---
[user3] unadapted 54.70 | receptive field 125 | gap 43.42
[user3] r1 decode: greedy 56.93 | beam 55.05 | drift(beam-vs-greedy) 34.14 | 278 segments | pseudo-CER 70.50
[user3] r1 RESULT: 54.70 -> 52.11 (+2.59) = 6.0% of the gap
[user3] r2 decode: greedy 56.78 | beam 54.24 | drift(beam-vs-greedy) 34.15 | 305 segments | pseudo-CER 69.02
[user3] r2 RESULT: 54.70 -> 50.76 (+3.94) = 9.1% of the gap
[user3] r3 decode: greedy 56.71 | beam 54.19 | drift(beam-vs-greedy) 35.21 | 296 segments | pseudo-CER 67.46
[user3] DRIFT GUARD: disagreement rose 34.15 -> 35.21; rolled back and stopped
[FINAL] user3: 54.70 -> 50.76 (+3.94) | gap eaten 9.1%
--- user4 ---
[user4] unadapted 58.24 | receptive field 125 | gap 46.96
[user4] r1 decode: greedy 60.03 | beam 55.47 | drift(beam-vs-greedy) 41.18 | 342 segments | pseudo-CER 67.67
[user4] r1 RESULT: 58.24 -> 58.53 (-0.30) = -0.6% of the gap
[user4] r2 decode: greedy 59.36 | beam 54.00 | drift(beam-vs-greedy) 40.59 | 334 segments | pseudo-CER 65.59
[user4] r2 RESULT: 58.24 -> 55.81 (+2.43) = 5.2% of the gap
[user4] r3 decode: greedy 58.66 | beam 52.95 | drift(beam-vs-greedy) 40.49 | 337 segments | pseudo-CER 63.26
[user4] r3 RESULT: 58.24 -> 54.78 (+3.45) = 7.4% of the gap
[FINAL] user4: 58.24 -> 54.78 (+3.45) | gap eaten 7.4%
--- user5 ---
[user5] unadapted 53.85 | receptive field 125 | gap 42.57
[user5] r1 decode: greedy 51.93 | beam 48.73 | drift(beam-vs-greedy) 32.53 | 51 windows (pool 256) | pseudo-CER 37.34
[user5] r1 RESULT: 53.85 -> 50.14 (+3.71) = 8.7% of the gap
[user5] r2 decode: greedy 51.00 | beam 48.15 | drift(beam-vs-greedy) 31.61 | 51 windows (pool 256) | pseudo-CER 39.02
[user5] r2 RESULT: 53.85 -> 52.02 (+1.83) = 4.3% of the gap
[user5] r3 decode: greedy 51.05 | beam 47.93 | drift(beam-vs-greedy) 32.07 | 51 windows (pool 256) | pseudo-CER 39.68
[user5] r3 RESULT: 53.85 -> 51.91 (+1.94) = 4.6% of the gap
[FINAL] user5: 53.85 -> 51.91 (+1.94) | gap eaten 4.6%
--- user6 ---
[user6] unadapted 54.66 | receptive field 125 | gap 43.38
[user6] r1 decode: greedy 54.34 | beam 51.42 | drift(beam-vs-greedy) 35.33 | 52 windows (pool 256) | pseudo-CER 46.62
[user6] r1 RESULT: 54.66 -> 56.64 (-1.97) = -4.6% of the gap
[user6] r2 decode: greedy 54.26 | beam 51.46 | drift(beam-vs-greedy) 35.87 | 52 windows (pool 256) | pseudo-CER 47.51
[user6] r2 RESULT: 54.66 -> 55.65 (-0.99) = -2.3% of the gap
[user6] r3 decode: greedy 53.98 | beam 53.11 | drift(beam-vs-greedy) 37.24 | 52 windows (pool 256) | pseudo-CER 48.71
[user6] DRIFT GUARD: disagreement rose 35.87 -> 37.24; rolled back and stopped
[FINAL] user6: 54.66 -> 55.65 (-0.99) | gap eaten -2.3%
--- user7 ---
[user7] unadapted 52.17 | receptive field 125 | gap 40.89
[user7] r1 decode: greedy 51.74 | beam 48.26 | drift(beam-vs-greedy) 32.89 | 411 segments | pseudo-CER 69.52
[user7] r1 RESULT: 52.17 -> 49.87 (+2.30) = 5.6% of the gap
[user7] r2 decode: greedy 51.13 | beam 47.67 | drift(beam-vs-greedy) 31.97 | 423 segments | pseudo-CER 67.41
[user7] r2 RESULT: 52.17 -> 48.13 (+4.05) = 9.9% of the gap
[user7] r3 decode: greedy 50.74 | beam 47.93 | drift(beam-vs-greedy) 30.57 | 437 segments | pseudo-CER 70.59
[user7] r3 RESULT: 52.17 -> 48.14 (+4.03) = 9.9% of the gap
[FINAL] user7: 52.17 -> 48.14 (+4.03) | gap eaten 9.9%

##################################################################
###   PART B v2 -- segment-level, official beam, encoder        ##
##################################################################

     user   before    after    gain  gap eaten
    user0    61.51    61.52   -0.01      -0.0%
    user1    59.96    59.73   +0.23       0.5%
    user2    48.01    47.14   +0.87       2.4%
    user3    54.70    50.76   +3.94       9.1%
    user4    58.24    54.78   +3.45       7.4%
    user5    53.85    51.91   +1.94       4.6%
    user6    54.66    55.65   -0.99      -2.3%
    user7    52.17    48.14   +4.03       9.9%
  ----------------------------------------------
     MEAN    55.39    53.70   +1.68       3.8%   (8/8)

  per-user gain +1.68 +- 1.82 (6/8 improved, worst -0.99, best +4.03)

  v1 for comparison: 55.39 -> 53.67, +1.72, 3.9%, 4/8 improved

     user   r  greedy    beam   drift  items     CER
    user0   1   68.72   66.80   42.69     50   61.06
    user0   2   68.93   67.42   43.40     48   61.52
    user1   1   56.19   52.46   36.92     51   61.62
    user1   2   55.97   52.14   36.97     51   60.05
    user1   3   55.58   52.48   36.38     51   59.73
    user2   1   49.90   44.16   34.52     50   48.00
    user2   2   48.48   43.69   33.39     49   46.48
    user2   3   48.48   43.04   33.05     49   47.14
    user3   1   56.93   55.05   34.14    278   52.11
    user3   2   56.78   54.24   34.15    305   50.76
    user4   1   60.03   55.47   41.18    342   58.53
    user4   2   59.36   54.00   40.59    334   55.81
    user4   3   58.66   52.95   40.49    337   54.78
    user5   1   51.93   48.73   32.53     51   50.14
    user5   2   51.00   48.15   31.61     51   52.02
    user5   3   51.05   47.93   32.07     51   51.91
    user6   1   54.34   51.42   35.33     52   56.64
    user6   2   54.26   51.46   35.87     52   55.65
    user7   1   51.74   48.26   32.89    411   49.87
    user7   2   51.13   47.67   31.97    423   48.13
    user7   3   50.74   47.93   30.57    437   48.14
=== 597 done ===
