=== stop the two arms built on the wrong RTN/ACM ===
  stopped rtn_nobn
  stopped full_nobn
  still running: 10

=== patch splash.py: frozen-statistics warm-up, Tm=125 ===
[patched] splash.py: Tm=125 frozen-statistics warm-up

=== patch train_splash.py: ACM = SpecAugment(0 time, 2 freq @ 12) ===
[patched] train_splash.py: ACM via SpecAugment, frontend ACM disabled
  verified

=== re-verify RTN numerically with the new warm-up ===
  causality (frames 0..299): 0.000e+00
  warm-up block 0..124 uses one shared statistic: True
  late frames mean +0.0074 std 1.0108
  finite: True

=== relaunch the two arms, corrected ===
  launched rtn_v2 on gpu 0 (bands=0 rtn=1 acm=0, RTN replaces BN)
  launched full_v2 on gpu 1 (bands=6 rtn=1 acm=1, RTN replaces BN)

workers: 12
  (plain and rsgonly still running untouched as the budget-matched
   references -- restarting them would break the comparison)
=== 605 launched ===
