[model] v1 | 6.26M params total (published backbone 5.29M + ICL module 0.96M) | device=cuda | phase=icl
[data] train sessions=837 val sessions=192
[data] episodic users=86 train + 10 meta-val (held out from module training)
[optim] backbone 5.29M @ lr 3.0e-05 | context 0.96M @ lr 1.0e-03 | 2 params exempt from weight decay
[pretrained] loaded 51 backbone tensors from /data2/chenyuxiang/code/emg2qwerty/models/generic.ckpt; 102 context tensors keep their initialization
[units] loaded 72/72 ctx_encoder tensors from /data2/chenyuxiang/runs/units_pretrain.pt
[watchdog] armed
step 100/8000 | loss 1.2414 | lr 1.01e-05 | 1.46 it/s
step 200/8000 | loss 1.2513 | lr 2.01e-05 | 1.34 it/s
step 300/8000 | loss 1.1105 | lr 3.00e-05 | 1.15 it/s
step 400/8000 | loss 1.0781 | lr 3.00e-05 | 1.38 it/s
step 500/8000 | loss 1.0556 | lr 3.00e-05 | 1.54 it/s
step 600/8000 | loss 1.0896 | lr 2.99e-05 | 1.55 it/s
step 700/8000 | loss 1.0087 | lr 2.98e-05 | 1.57 it/s
step 800/8000 | loss 0.9303 | lr 2.97e-05 | 1.21 it/s
step 900/8000 | loss 0.9999 | lr 2.96e-05 | 1.45 it/s
step 1000/8000 | loss 0.9291 | lr 2.94e-05 | 1.46 it/s
[val] step 1000: mode-C CER 21.42 | mode-B CER 21.47 | mode-A CER 20.09 | gain C -1.33 / B -1.38 | loss 0.7925
[val] new best CER 21.42 -> saved best.pt
step 1100/8000 | loss 0.9399 | lr 2.92e-05 | 1.15 it/s
step 1200/8000 | loss 0.9326 | lr 2.91e-05 | 1.44 it/s
step 1300/8000 | loss 0.9883 | lr 2.88e-05 | 1.80 it/s
step 1400/8000 | loss 0.8671 | lr 2.86e-05 | 1.80 it/s
step 1500/8000 | loss 0.8496 | lr 2.83e-05 | 1.57 it/s
step 1600/8000 | loss 0.9383 | lr 2.80e-05 | 1.52 it/s
step 1700/8000 | loss 0.9179 | lr 2.77e-05 | 1.55 it/s
step 1800/8000 | loss 0.9827 | lr 2.74e-05 | 1.23 it/s
step 1900/8000 | loss 0.8595 | lr 2.71e-05 | 1.47 it/s
step 2000/8000 | loss 0.8976 | lr 2.67e-05 | 1.22 it/s
[val] step 2000: mode-C CER 21.68 | mode-B CER 21.68 | mode-A CER 20.77 | gain C -0.91 / B -0.91 | loss 0.7939
step 2100/8000 | loss 0.9412 | lr 2.63e-05 | 0.96 it/s
step 2200/8000 | loss 0.8382 | lr 2.59e-05 | 1.52 it/s
step 2300/8000 | loss 0.9048 | lr 2.55e-05 | 1.32 it/s
step 2400/8000 | loss 0.8128 | lr 2.51e-05 | 1.49 it/s
step 2500/8000 | loss 0.8747 | lr 2.46e-05 | 1.55 it/s
step 2600/8000 | loss 0.8367 | lr 2.42e-05 | 1.51 it/s
step 2700/8000 | loss 0.6977 | lr 2.37e-05 | 1.27 it/s
step 2800/8000 | loss 0.9492 | lr 2.32e-05 | 1.38 it/s
step 2900/8000 | loss 0.8343 | lr 2.27e-05 | 1.48 it/s
step 3000/8000 | loss 0.8490 | lr 2.22e-05 | 1.64 it/s
[val] step 3000: mode-C CER 21.22 | mode-B CER 21.17 | mode-A CER 20.05 | gain C -1.18 / B -1.12 | loss 0.8058
[val] new best CER 21.22 -> saved best.pt
step 3100/8000 | loss 0.9001 | lr 2.17e-05 | 1.20 it/s
step 3200/8000 | loss 0.8656 | lr 2.11e-05 | 1.78 it/s
step 3300/8000 | loss 0.8265 | lr 2.06e-05 | 1.71 it/s
step 3400/8000 | loss 0.8122 | lr 2.00e-05 | 2.00 it/s
step 3500/8000 | loss 0.8403 | lr 1.95e-05 | 1.70 it/s
step 3600/8000 | loss 0.8402 | lr 1.89e-05 | 1.44 it/s
step 3700/8000 | loss 0.8782 | lr 1.84e-05 | 1.25 it/s
step 3800/8000 | loss 0.8402 | lr 1.78e-05 | 1.52 it/s
step 3900/8000 | loss 0.7820 | lr 1.72e-05 | 1.75 it/s
step 4000/8000 | loss 0.8659 | lr 1.66e-05 | 1.18 it/s
[val] step 4000: mode-C CER 22.20 | mode-B CER 22.59 | mode-A CER 20.97 | gain C -1.23 / B -1.61 | loss 0.8122
step 4100/8000 | loss 0.8159 | lr 1.60e-05 | 1.32 it/s
step 4200/8000 | loss 0.7945 | lr 1.55e-05 | 1.79 it/s
step 4300/8000 | loss 0.8625 | lr 1.49e-05 | 1.49 it/s
step 4400/8000 | loss 0.7317 | lr 1.43e-05 | 1.56 it/s
step 4500/8000 | loss 0.7836 | lr 1.37e-05 | 1.86 it/s
step 4600/8000 | loss 0.8614 | lr 1.31e-05 | 1.07 it/s
step 4700/8000 | loss 0.7701 | lr 1.26e-05 | 1.44 it/s
step 4800/8000 | loss 0.8111 | lr 1.20e-05 | 1.63 it/s
step 4900/8000 | loss 0.7951 | lr 1.15e-05 | 1.33 it/s
step 5000/8000 | loss 0.8019 | lr 1.09e-05 | 1.49 it/s
[val] step 5000: mode-C CER 22.78 | mode-B CER 23.15 | mode-A CER 21.70 | gain C -1.08 / B -1.45 | loss 0.8594
step 5100/8000 | loss 0.8106 | lr 1.04e-05 | 1.13 it/s
step 5200/8000 | loss 0.7299 | lr 9.83e-06 | 1.42 it/s
step 5300/8000 | loss 0.7413 | lr 9.31e-06 | 1.49 it/s
step 5400/8000 | loss 0.8357 | lr 8.79e-06 | 1.65 it/s
step 5500/8000 | loss 0.7287 | lr 8.29e-06 | 1.72 it/s
step 5600/8000 | loss 0.8843 | lr 7.80e-06 | 1.59 it/s
step 5700/8000 | loss 0.8341 | lr 7.33e-06 | 1.45 it/s
step 5800/8000 | loss 0.7984 | lr 6.87e-06 | 1.36 it/s
step 5900/8000 | loss 0.7647 | lr 6.42e-06 | 1.58 it/s
step 6000/8000 | loss 0.8322 | lr 5.99e-06 | 1.56 it/s
[val] step 6000: mode-C CER 22.86 | mode-B CER 23.30 | mode-A CER 21.93 | gain C -0.93 / B -1.37 | loss 0.8716
step 6100/8000 | loss 0.7596 | lr 5.57e-06 | 1.39 it/s
step 6200/8000 | loss 0.8698 | lr 5.17e-06 | 1.61 it/s
step 6300/8000 | loss 0.7703 | lr 4.79e-06 | 1.17 it/s
step 6400/8000 | loss 0.8198 | lr 4.43e-06 | 1.65 it/s
step 6500/8000 | loss 0.7323 | lr 4.09e-06 | 1.54 it/s
step 6600/8000 | loss 0.7832 | lr 3.76e-06 | 1.72 it/s
step 6700/8000 | loss 0.8318 | lr 3.46e-06 | 1.37 it/s
step 6800/8000 | loss 0.6850 | lr 3.17e-06 | 1.87 it/s
step 6900/8000 | loss 0.8138 | lr 2.91e-06 | 1.84 it/s
step 7000/8000 | loss 0.8756 | lr 2.67e-06 | 1.56 it/s
[val] step 7000: mode-C CER 23.30 | mode-B CER 23.00 | mode-A CER 21.92 | gain C -1.38 / B -1.08 | loss 0.8791
step 7100/8000 | loss 0.7476 | lr 2.45e-06 | 1.34 it/s
step 7200/8000 | loss 0.7326 | lr 2.25e-06 | 1.57 it/s
step 7300/8000 | loss 0.8353 | lr 2.08e-06 | 1.44 it/s
step 7400/8000 | loss 0.7968 | lr 1.92e-06 | 1.48 it/s
step 7500/8000 | loss 0.8512 | lr 1.80e-06 | 1.58 it/s
step 7600/8000 | loss 0.8434 | lr 1.69e-06 | 1.50 it/s
step 7700/8000 | loss 0.7596 | lr 1.61e-06 | 1.73 it/s
step 7800/8000 | loss 0.7662 | lr 1.55e-06 | 1.81 it/s
step 7900/8000 | loss 0.7791 | lr 1.51e-06 | 1.68 it/s
step 8000/8000 | loss 0.7358 | lr 1.50e-06 | 1.65 it/s
[val] step 8000: mode-C CER 22.69 | mode-B CER 22.56 | mode-A CER 21.59 | gain C -1.10 / B -0.97 | loss 0.8491
[done] {'best_val_cer': 21.223643276875215, 'steps': 8000, 'phase': 'icl'}
