[cohort] fold 0: 24 users the backbone has never seen, 213 sessions
/data2/chenyuxiang/conda_envs/qwerty/lib/python3.10/site-packages/torch/nn/modules/transformer.py:306: UserWarning: enable_nested_tensor is True, but self.use_nested_tensor is False because encoder_layer.norm_first was True
  warnings.warn(f"enable_nested_tensor is True, but self.use_nested_tensor is False because {why_not_sparsity_fast_path}")
[trunk] /data2/chenyuxiang/runs/tf_fold0_full/last.pt step 103000 | 2.12M total  (featurizer 0.08M  encoder 1.98M  decoder 0.01M)
[prefix] FUSED mode: per-token (signal + soft-aligned char)
[prefix] {'k_windows': 4, 'seconds': 16, 'tokens_uncapped': 380, 'tokens': 380, 'capped': False}
[prefix] {'k_windows': 12, 'seconds': 48, 'tokens_uncapped': 1140, 'tokens': 1140, 'capped': False}
[prefix] {'k_windows': 23, 'seconds': 92, 'tokens_uncapped': 2185, 'tokens': 2185, 'capped': False}
[prefix] {'k_windows': 45, 'seconds': 180, 'tokens_uncapped': 4275, 'tokens': 4096, 'capped': True}
[symbol] 26 permutable letter classes | p_permute 0.5 k [4, 12]
/data2/chenyuxiang/conda_envs/qwerty/lib/python3.10/site-packages/torch/nn/modules/conv.py:306: UserWarning: Plan failed with a cudnnException: CUDNN_BACKEND_EXECUTION_PLAN_DESCRIPTOR: cudnnFinalize Descriptor Failed cudnn_status: CUDNN_STATUS_NOT_SUPPORTED (Triggered internally at ../aten/src/ATen/native/cudnn/Conv_v8.cpp:919.)
  return F.conv1d(input, weight, bias, self.stride,
[audit] step 0: mode-A 60.97 | mode-C 100.00 (random prefix) | deployment reference ~43-58
step 100/20000 | loss 10.7385 | aux rot 2.829 (chance 2.83) | aux perm 3.218 (chance 3.26) | lr 1.00e-04 | 1.45 it/s
step 200/20000 | loss 7.5114 | aux rot 2.604 (chance 2.83) | aux perm 2.951 (chance 3.26) | lr 2.00e-04 | 1.36 it/s
step 300/20000 | loss 5.8680 | aux rot 2.281 (chance 2.83) | aux perm 2.463 (chance 3.26) | lr 3.00e-04 | 1.37 it/s
step 400/20000 | loss 5.3768 | aux rot 2.127 (chance 2.83) | aux perm 1.910 (chance 3.26) | lr 4.00e-04 | 1.35 it/s
step 500/20000 | loss 5.4676 | aux rot 2.210 (chance 2.83) | aux perm 1.639 (chance 3.26) | lr 5.00e-04 | 1.34 it/s
step 600/20000 | loss 5.1117 | aux rot 2.040 (chance 2.83) | aux perm 1.660 (chance 3.26) | lr 6.00e-04 | 1.32 it/s
step 700/20000 | loss 5.2765 | aux rot 2.074 (chance 2.83) | aux perm 1.661 (chance 3.26) | lr 7.00e-04 | 1.35 it/s
step 800/20000 | loss 4.9588 | aux rot 2.050 (chance 2.83) | aux perm 1.750 (chance 3.26) | lr 8.00e-04 | 1.38 it/s
step 900/20000 | loss 5.3051 | aux rot 2.224 (chance 2.83) | aux perm 1.767 (chance 3.26) | lr 9.00e-04 | 1.38 it/s
step 1000/20000 | loss 5.2109 | aux rot 2.218 (chance 2.83) | aux perm 1.626 (chance 3.26) | lr 1.00e-03 | 1.38 it/s
[val] step 1000: mode-A 60.88 | mode-C 63.87 | gain C -2.99   (REAL novel subjects, fold 0)
[val] new best mode-C 63.87 -> best.pt
step 1100/20000 | loss 5.0098 | aux rot 2.092 (chance 2.83) | aux perm 1.624 (chance 3.26) | lr 1.00e-03 | 1.35 it/s
step 1200/20000 | loss 4.8963 | aux rot 2.065 (chance 2.83) | aux perm 1.712 (chance 3.26) | lr 1.00e-03 | 1.35 it/s
step 1300/20000 | loss 5.0274 | aux rot 2.043 (chance 2.83) | aux perm 1.671 (chance 3.26) | lr 9.99e-04 | 1.33 it/s
step 1400/20000 | loss 4.7274 | aux rot 2.118 (chance 2.83) | aux perm 1.620 (chance 3.26) | lr 9.99e-04 | 1.34 it/s
step 1500/20000 | loss 4.9879 | aux rot 2.030 (chance 2.83) | aux perm 1.724 (chance 3.26) | lr 9.98e-04 | 1.35 it/s
step 1600/20000 | loss 4.7783 | aux rot 2.015 (chance 2.83) | aux perm 1.728 (chance 3.26) | lr 9.98e-04 | 1.36 it/s
step 1700/20000 | loss 4.8300 | aux rot 2.095 (chance 2.83) | aux perm 1.650 (chance 3.26) | lr 9.97e-04 | 1.37 it/s
step 1800/20000 | loss 4.9617 | aux rot 1.972 (chance 2.83) | aux perm 1.611 (chance 3.26) | lr 9.96e-04 | 1.37 it/s
step 1900/20000 | loss 4.9612 | aux rot 1.993 (chance 2.83) | aux perm 1.604 (chance 3.26) | lr 9.94e-04 | 1.37 it/s
step 2000/20000 | loss 4.9789 | aux rot 1.965 (chance 2.83) | aux perm 1.736 (chance 3.26) | lr 9.93e-04 | 1.36 it/s
[val] step 2000: mode-A 57.78 | mode-C 60.48 | gain C -2.70   (REAL novel subjects, fold 0)
[val] new best mode-C 60.48 -> best.pt
step 2100/20000 | loss 4.7293 | aux rot 1.980 (chance 2.83) | aux perm 1.692 (chance 3.26) | lr 9.92e-04 | 1.35 it/s
step 2200/20000 | loss 5.0857 | aux rot 2.010 (chance 2.83) | aux perm 1.760 (chance 3.26) | lr 9.90e-04 | 1.33 it/s
step 2300/20000 | loss 4.8654 | aux rot 1.966 (chance 2.83) | aux perm 1.729 (chance 3.26) | lr 9.88e-04 | 1.32 it/s
step 2400/20000 | loss 4.5350 | aux rot 1.811 (chance 2.83) | aux perm 1.742 (chance 3.26) | lr 9.87e-04 | 1.32 it/s
step 2500/20000 | loss 4.9696 | aux rot 1.938 (chance 2.83) | aux perm 1.592 (chance 3.26) | lr 9.85e-04 | 1.31 it/s
step 2600/20000 | loss 4.7692 | aux rot 1.888 (chance 2.83) | aux perm 1.744 (chance 3.26) | lr 9.83e-04 | 1.30 it/s
step 2700/20000 | loss 5.1111 | aux rot 1.919 (chance 2.83) | aux perm 1.742 (chance 3.26) | lr 9.80e-04 | 1.29 it/s
step 2800/20000 | loss 4.5304 | aux rot 1.813 (chance 2.83) | aux perm 1.671 (chance 3.26) | lr 9.78e-04 | 1.30 it/s
step 2900/20000 | loss 4.5663 | aux rot 1.831 (chance 2.83) | aux perm 1.641 (chance 3.26) | lr 9.76e-04 | 1.30 it/s
step 3000/20000 | loss 5.0045 | aux rot 1.955 (chance 2.83) | aux perm 1.760 (chance 3.26) | lr 9.73e-04 | 1.30 it/s
[val] step 3000: mode-A 58.67 | mode-C 61.45 | gain C -2.78   (REAL novel subjects, fold 0)
