[cohort] fold 1: 24 users the backbone has never seen, 206 sessions
/data2/chenyuxiang/conda_envs/qwerty/lib/python3.10/site-packages/torch/nn/modules/transformer.py:306: UserWarning: enable_nested_tensor is True, but self.use_nested_tensor is False because encoder_layer.norm_first was True
  warnings.warn(f"enable_nested_tensor is True, but self.use_nested_tensor is False because {why_not_sparsity_fast_path}")
[trunk] /data2/chenyuxiang/runs/tf_fold1_full/last.pt step 103000 | 2.12M total  (featurizer 0.08M  encoder 1.98M  decoder 0.01M)
[prefix] FUSED mode: per-token (signal + soft-aligned char)
[prefix] {'k_windows': 4, 'seconds': 16, 'tokens_uncapped': 380, 'tokens': 380, 'capped': False}
[prefix] {'k_windows': 12, 'seconds': 48, 'tokens_uncapped': 1140, 'tokens': 1140, 'capped': False}
[prefix] {'k_windows': 23, 'seconds': 92, 'tokens_uncapped': 2185, 'tokens': 2185, 'capped': False}
[prefix] {'k_windows': 45, 'seconds': 180, 'tokens_uncapped': 4275, 'tokens': 4096, 'capped': True}
[symbol] 26 permutable letter classes | p_permute 0.5 k [4, 12]
/data2/chenyuxiang/conda_envs/qwerty/lib/python3.10/site-packages/torch/nn/modules/conv.py:306: UserWarning: Plan failed with a cudnnException: CUDNN_BACKEND_EXECUTION_PLAN_DESCRIPTOR: cudnnFinalize Descriptor Failed cudnn_status: CUDNN_STATUS_NOT_SUPPORTED (Triggered internally at ../aten/src/ATen/native/cudnn/Conv_v8.cpp:919.)
  return F.conv1d(input, weight, bias, self.stride,
[audit] step 0: mode-A 51.83 | mode-C 100.00 (random prefix) | deployment reference ~43-58
step 100/20000 | loss 8.2409 | aux rot 2.789 (chance 2.83) | aux perm 3.260 (chance 3.26) | lr 5.00e-05 | 0.81 it/s
step 200/20000 | loss 7.0014 | aux rot 2.560 (chance 2.83) | aux perm 3.132 (chance 3.26) | lr 1.00e-04 | 0.80 it/s
step 300/20000 | loss 6.4499 | aux rot 2.333 (chance 2.83) | aux perm 2.917 (chance 3.26) | lr 1.50e-04 | 0.82 it/s
step 400/20000 | loss 6.2978 | aux rot 2.187 (chance 2.83) | aux perm 2.488 (chance 3.26) | lr 2.00e-04 | 0.81 it/s
step 500/20000 | loss 5.6428 | aux rot 2.157 (chance 2.83) | aux perm 2.027 (chance 3.26) | lr 2.50e-04 | 0.80 it/s
step 600/20000 | loss 5.2351 | aux rot 2.131 (chance 2.83) | aux perm 1.787 (chance 3.26) | lr 3.00e-04 | 0.81 it/s
step 700/20000 | loss 5.0362 | aux rot 2.080 (chance 2.83) | aux perm 1.784 (chance 3.26) | lr 3.50e-04 | 0.80 it/s
step 800/20000 | loss 4.6822 | aux rot 2.074 (chance 2.83) | aux perm 1.681 (chance 3.26) | lr 4.00e-04 | 0.81 it/s
step 900/20000 | loss 4.9979 | aux rot 2.124 (chance 2.83) | aux perm 1.754 (chance 3.26) | lr 4.50e-04 | 0.79 it/s
step 1000/20000 | loss 4.9507 | aux rot 2.057 (chance 2.83) | aux perm 1.585 (chance 3.26) | lr 5.00e-04 | 0.79 it/s
[val] step 1000: mode-A 51.35 | mode-C 55.21 | gain C -3.86   (REAL novel subjects, fold 1)
[val] new best mode-C 55.21 -> best.pt
step 1100/20000 | loss 5.0751 | aux rot 2.073 (chance 2.83) | aux perm 1.565 (chance 3.26) | lr 5.00e-04 | 0.79 it/s
step 1200/20000 | loss 5.0613 | aux rot 2.000 (chance 2.83) | aux perm 1.750 (chance 3.26) | lr 5.00e-04 | 0.78 it/s
step 1300/20000 | loss 4.8615 | aux rot 1.967 (chance 2.83) | aux perm 1.675 (chance 3.26) | lr 5.00e-04 | 0.78 it/s
step 1400/20000 | loss 4.8311 | aux rot 1.996 (chance 2.83) | aux perm 1.603 (chance 3.26) | lr 4.99e-04 | 0.78 it/s
step 1500/20000 | loss 5.1511 | aux rot 1.905 (chance 2.83) | aux perm 1.784 (chance 3.26) | lr 4.99e-04 | 0.78 it/s
step 1600/20000 | loss 4.7348 | aux rot 1.823 (chance 2.83) | aux perm 1.679 (chance 3.26) | lr 4.99e-04 | 0.77 it/s
step 1700/20000 | loss 5.0181 | aux rot 1.923 (chance 2.83) | aux perm 1.707 (chance 3.26) | lr 4.98e-04 | 0.78 it/s
step 1800/20000 | loss 4.8824 | aux rot 1.874 (chance 2.83) | aux perm 1.835 (chance 3.26) | lr 4.98e-04 | 0.78 it/s
step 1900/20000 | loss 4.9219 | aux rot 1.813 (chance 2.83) | aux perm 1.839 (chance 3.26) | lr 4.97e-04 | 0.78 it/s
step 2000/20000 | loss 5.0532 | aux rot 1.734 (chance 2.83) | aux perm 1.662 (chance 3.26) | lr 4.97e-04 | 0.78 it/s
[val] step 2000: mode-A 46.21 | mode-C 47.72 | gain C -1.51   (REAL novel subjects, fold 1)
[val] new best mode-C 47.72 -> best.pt
step 2100/20000 | loss 4.4080 | aux rot 1.706 (chance 2.83) | aux perm 1.551 (chance 3.26) | lr 4.96e-04 | 0.78 it/s
step 2200/20000 | loss 4.5358 | aux rot 1.764 (chance 2.83) | aux perm 1.528 (chance 3.26) | lr 4.95e-04 | 0.79 it/s
step 2300/20000 | loss 4.4559 | aux rot 1.691 (chance 2.83) | aux perm 1.677 (chance 3.26) | lr 4.94e-04 | 0.80 it/s
step 2400/20000 | loss 4.6533 | aux rot 1.697 (chance 2.83) | aux perm 1.647 (chance 3.26) | lr 4.93e-04 | 0.81 it/s
step 2500/20000 | loss 4.5418 | aux rot 1.633 (chance 2.83) | aux perm 1.685 (chance 3.26) | lr 4.92e-04 | 0.82 it/s
step 2600/20000 | loss 4.7442 | aux rot 1.664 (chance 2.83) | aux perm 1.673 (chance 3.26) | lr 4.91e-04 | 0.82 it/s
step 2700/20000 | loss 4.6886 | aux rot 1.631 (chance 2.83) | aux perm 1.710 (chance 3.26) | lr 4.90e-04 | 0.83 it/s
step 2800/20000 | loss 4.6296 | aux rot 1.594 (chance 2.83) | aux perm 1.702 (chance 3.26) | lr 4.89e-04 | 0.84 it/s
step 2900/20000 | loss 4.4268 | aux rot 1.586 (chance 2.83) | aux perm 1.681 (chance 3.26) | lr 4.88e-04 | 0.84 it/s
step 3000/20000 | loss 4.7925 | aux rot 1.586 (chance 2.83) | aux perm 1.806 (chance 3.26) | lr 4.86e-04 | 0.85 it/s
[val] step 3000: mode-A 41.93 | mode-C 44.45 | gain C -2.52   (REAL novel subjects, fold 1)
[val] new best mode-C 44.45 -> best.pt
step 3100/20000 | loss 4.7087 | aux rot 1.594 (chance 2.83) | aux perm 1.658 (chance 3.26) | lr 4.85e-04 | 0.85 it/s
step 3200/20000 | loss 4.6718 | aux rot 1.606 (chance 2.83) | aux perm 1.632 (chance 3.26) | lr 4.84e-04 | 0.86 it/s
step 3300/20000 | loss 4.6303 | aux rot 1.567 (chance 2.83) | aux perm 1.717 (chance 3.26) | lr 4.82e-04 | 0.86 it/s
step 3400/20000 | loss 4.3724 | aux rot 1.544 (chance 2.83) | aux perm 1.649 (chance 3.26) | lr 4.81e-04 | 0.87 it/s
step 3500/20000 | loss 4.3487 | aux rot 1.507 (chance 2.83) | aux perm 1.562 (chance 3.26) | lr 4.79e-04 | 0.88 it/s
step 3600/20000 | loss 4.5182 | aux rot 1.559 (chance 2.83) | aux perm 1.744 (chance 3.26) | lr 4.77e-04 | 0.88 it/s
step 3700/20000 | loss 4.0705 | aux rot 1.500 (chance 2.83) | aux perm 1.558 (chance 3.26) | lr 4.75e-04 | 0.88 it/s
step 3800/20000 | loss 4.4389 | aux rot 1.515 (chance 2.83) | aux perm 1.578 (chance 3.26) | lr 4.74e-04 | 0.89 it/s
step 3900/20000 | loss 4.4485 | aux rot 1.441 (chance 2.83) | aux perm 1.692 (chance 3.26) | lr 4.72e-04 | 0.89 it/s
step 4000/20000 | loss 4.5672 | aux rot 1.540 (chance 2.83) | aux perm 1.728 (chance 3.26) | lr 4.70e-04 | 0.90 it/s
[val] step 4000: mode-A 47.23 | mode-C 46.75 | gain C +0.48   (REAL novel subjects, fold 1)
step 4100/20000 | loss 4.3575 | aux rot 1.416 (chance 2.83) | aux perm 1.584 (chance 3.26) | lr 4.68e-04 | 0.90 it/s
step 4200/20000 | loss 4.5546 | aux rot 1.498 (chance 2.83) | aux perm 1.607 (chance 3.26) | lr 4.66e-04 | 0.90 it/s
step 4300/20000 | loss 4.2733 | aux rot 1.425 (chance 2.83) | aux perm 1.701 (chance 3.26) | lr 4.64e-04 | 0.91 it/s
step 4400/20000 | loss 4.4450 | aux rot 1.471 (chance 2.83) | aux perm 1.710 (chance 3.26) | lr 4.62e-04 | 0.91 it/s
step 4500/20000 | loss 4.3350 | aux rot 1.458 (chance 2.83) | aux perm 1.624 (chance 3.26) | lr 4.59e-04 | 0.91 it/s
step 4600/20000 | loss 4.6108 | aux rot 1.501 (chance 2.83) | aux perm 1.636 (chance 3.26) | lr 4.57e-04 | 0.91 it/s
step 4700/20000 | loss 4.3908 | aux rot 1.453 (chance 2.83) | aux perm 1.651 (chance 3.26) | lr 4.55e-04 | 0.92 it/s
step 4800/20000 | loss 4.1560 | aux rot 1.367 (chance 2.83) | aux perm 1.657 (chance 3.26) | lr 4.52e-04 | 0.92 it/s
step 4900/20000 | loss 4.1456 | aux rot 1.387 (chance 2.83) | aux perm 1.696 (chance 3.26) | lr 4.50e-04 | 0.92 it/s
step 5000/20000 | loss 4.3735 | aux rot 1.436 (chance 2.83) | aux perm 1.736 (chance 3.26) | lr 4.47e-04 | 0.92 it/s
[val] step 5000: mode-A 40.20 | mode-C 40.65 | gain C -0.45   (REAL novel subjects, fold 1)
[val] new best mode-C 40.65 -> best.pt
step 5100/20000 | loss 4.2892 | aux rot 1.379 (chance 2.83) | aux perm 1.545 (chance 3.26) | lr 4.45e-04 | 0.93 it/s
step 5200/20000 | loss 4.6045 | aux rot 1.470 (chance 2.83) | aux perm 1.687 (chance 3.26) | lr 4.42e-04 | 0.93 it/s
step 5300/20000 | loss 4.3116 | aux rot 1.362 (chance 2.83) | aux perm 1.491 (chance 3.26) | lr 4.39e-04 | 0.93 it/s
step 5400/20000 | loss 4.1782 | aux rot 1.400 (chance 2.83) | aux perm 1.614 (chance 3.26) | lr 4.37e-04 | 0.93 it/s
step 5500/20000 | loss 4.0854 | aux rot 1.426 (chance 2.83) | aux perm 1.701 (chance 3.26) | lr 4.34e-04 | 0.94 it/s
step 5600/20000 | loss 4.1729 | aux rot 1.413 (chance 2.83) | aux perm 1.594 (chance 3.26) | lr 4.31e-04 | 0.94 it/s
step 5700/20000 | loss 4.5477 | aux rot 1.413 (chance 2.83) | aux perm 1.709 (chance 3.26) | lr 4.28e-04 | 0.94 it/s
step 5800/20000 | loss 4.2039 | aux rot 1.340 (chance 2.83) | aux perm 1.668 (chance 3.26) | lr 4.25e-04 | 0.94 it/s
step 5900/20000 | loss 4.4784 | aux rot 1.359 (chance 2.83) | aux perm 1.589 (chance 3.26) | lr 4.22e-04 | 0.94 it/s
step 6000/20000 | loss 4.3000 | aux rot 1.417 (chance 2.83) | aux perm 1.613 (chance 3.26) | lr 4.19e-04 | 0.95 it/s
[val] step 6000: mode-A 41.87 | mode-C 43.37 | gain C -1.50   (REAL novel subjects, fold 1)
step 6100/20000 | loss 4.4783 | aux rot 1.477 (chance 2.83) | aux perm 1.668 (chance 3.26) | lr 4.16e-04 | 0.95 it/s
step 6200/20000 | loss 4.3861 | aux rot 1.322 (chance 2.83) | aux perm 1.725 (chance 3.26) | lr 4.13e-04 | 0.95 it/s
step 6300/20000 | loss 4.6062 | aux rot 1.430 (chance 2.83) | aux perm 1.683 (chance 3.26) | lr 4.10e-04 | 0.94 it/s
step 6400/20000 | loss 4.2902 | aux rot 1.392 (chance 2.83) | aux perm 1.610 (chance 3.26) | lr 4.07e-04 | 0.95 it/s
step 6500/20000 | loss 4.1344 | aux rot 1.332 (chance 2.83) | aux perm 1.660 (chance 3.26) | lr 4.04e-04 | 0.95 it/s
step 6600/20000 | loss 3.9101 | aux rot 1.355 (chance 2.83) | aux perm 1.642 (chance 3.26) | lr 4.00e-04 | 0.95 it/s
step 6700/20000 | loss 4.0458 | aux rot 1.382 (chance 2.83) | aux perm 1.705 (chance 3.26) | lr 3.97e-04 | 0.95 it/s
step 6800/20000 | loss 4.2060 | aux rot 1.382 (chance 2.83) | aux perm 1.648 (chance 3.26) | lr 3.94e-04 | 0.95 it/s
step 6900/20000 | loss 4.0872 | aux rot 1.289 (chance 2.83) | aux perm 1.680 (chance 3.26) | lr 3.90e-04 | 0.95 it/s
step 7000/20000 | loss 4.5028 | aux rot 1.392 (chance 2.83) | aux perm 1.684 (chance 3.26) | lr 3.87e-04 | 0.95 it/s
[val] step 7000: mode-A 43.49 | mode-C 45.47 | gain C -1.98   (REAL novel subjects, fold 1)
step 7100/20000 | loss 4.0573 | aux rot 1.400 (chance 2.83) | aux perm 1.579 (chance 3.26) | lr 3.83e-04 | 0.95 it/s
step 7200/20000 | loss 3.7937 | aux rot 1.308 (chance 2.83) | aux perm 1.557 (chance 3.26) | lr 3.80e-04 | 0.95 it/s
step 7300/20000 | loss 4.3631 | aux rot 1.308 (chance 2.83) | aux perm 1.617 (chance 3.26) | lr 3.76e-04 | 0.95 it/s
