[cohort] fold 2: 24 users the backbone has never seen, 213 sessions
/data2/chenyuxiang/conda_envs/qwerty/lib/python3.10/site-packages/torch/nn/modules/transformer.py:306: UserWarning: enable_nested_tensor is True, but self.use_nested_tensor is False because encoder_layer.norm_first was True
  warnings.warn(f"enable_nested_tensor is True, but self.use_nested_tensor is False because {why_not_sparsity_fast_path}")
[trunk] /data2/chenyuxiang/runs/tf_fold2/last.pt step 40000 | 2.12M total  (featurizer 0.08M  encoder 1.98M  decoder 0.01M)
[prefix] FUSED mode: per-token (signal + soft-aligned char)
[prefix] {'k_windows': 4, 'seconds': 16, 'tokens_uncapped': 380, 'tokens': 380, 'capped': False}
[prefix] {'k_windows': 12, 'seconds': 48, 'tokens_uncapped': 1140, 'tokens': 1140, 'capped': False}
[prefix] {'k_windows': 23, 'seconds': 92, 'tokens_uncapped': 2185, 'tokens': 2185, 'capped': False}
[prefix] {'k_windows': 45, 'seconds': 180, 'tokens_uncapped': 4275, 'tokens': 4096, 'capped': True}
[symbol] 26 permutable letter classes | p_permute 0.5 k [4, 12]
/data2/chenyuxiang/conda_envs/qwerty/lib/python3.10/site-packages/torch/nn/modules/conv.py:306: UserWarning: Plan failed with a cudnnException: CUDNN_BACKEND_EXECUTION_PLAN_DESCRIPTOR: cudnnFinalize Descriptor Failed cudnn_status: CUDNN_STATUS_NOT_SUPPORTED (Triggered internally at ../aten/src/ATen/native/cudnn/Conv_v8.cpp:919.)
  return F.conv1d(input, weight, bias, self.stride,
[audit] step 0: mode-A 63.10 | mode-C 100.00 (random prefix) | deployment reference ~43-58
step 100/20000 | loss 13.0578 | aux rot 2.769 (chance 2.83) | aux perm 3.278 (chance 3.26) | lr 1.00e-04 | 1.59 it/s
step 200/20000 | loss 12.5117 | aux rot 2.420 (chance 2.83) | aux perm 2.978 (chance 3.26) | lr 2.00e-04 | 1.53 it/s
step 300/20000 | loss 10.4381 | aux rot 2.204 (chance 2.83) | aux perm 2.433 (chance 3.26) | lr 3.00e-04 | 1.55 it/s
step 400/20000 | loss 5.6576 | aux rot 2.159 (chance 2.83) | aux perm 2.008 (chance 3.26) | lr 4.00e-04 | 1.54 it/s
step 500/20000 | loss 5.6931 | aux rot 2.206 (chance 2.83) | aux perm 1.655 (chance 3.26) | lr 5.00e-04 | 1.53 it/s
step 600/20000 | loss 5.3155 | aux rot 2.030 (chance 2.83) | aux perm 1.650 (chance 3.26) | lr 6.00e-04 | 1.51 it/s
step 700/20000 | loss 5.3360 | aux rot 2.076 (chance 2.83) | aux perm 1.661 (chance 3.26) | lr 7.00e-04 | 1.55 it/s
step 800/20000 | loss 5.0267 | aux rot 2.039 (chance 2.83) | aux perm 1.763 (chance 3.26) | lr 8.00e-04 | 1.57 it/s
step 900/20000 | loss 5.3208 | aux rot 2.211 (chance 2.83) | aux perm 1.779 (chance 3.26) | lr 9.00e-04 | 1.58 it/s
step 1000/20000 | loss 5.2857 | aux rot 2.225 (chance 2.83) | aux perm 1.649 (chance 3.26) | lr 1.00e-03 | 1.58 it/s
[val] step 1000: mode-A 63.59 | mode-C 70.59 | gain C -7.00   (REAL novel subjects, fold 2)
[val] new best mode-C 70.59 -> best.pt
step 1100/20000 | loss 4.9343 | aux rot 2.078 (chance 2.83) | aux perm 1.626 (chance 3.26) | lr 1.00e-03 | 1.55 it/s
step 1200/20000 | loss 5.0062 | aux rot 2.095 (chance 2.83) | aux perm 1.724 (chance 3.26) | lr 1.00e-03 | 1.55 it/s
step 1300/20000 | loss 5.0901 | aux rot 2.041 (chance 2.83) | aux perm 1.672 (chance 3.26) | lr 9.99e-04 | 1.52 it/s
step 1400/20000 | loss 4.8480 | aux rot 2.128 (chance 2.83) | aux perm 1.646 (chance 3.26) | lr 9.99e-04 | 1.53 it/s
step 1500/20000 | loss 4.9718 | aux rot 2.034 (chance 2.83) | aux perm 1.742 (chance 3.26) | lr 9.98e-04 | 1.55 it/s
step 1600/20000 | loss 4.8578 | aux rot 2.049 (chance 2.83) | aux perm 1.739 (chance 3.26) | lr 9.98e-04 | 1.56 it/s
step 1700/20000 | loss 4.8765 | aux rot 2.104 (chance 2.83) | aux perm 1.647 (chance 3.26) | lr 9.97e-04 | 1.57 it/s
step 1800/20000 | loss 5.0060 | aux rot 1.987 (chance 2.83) | aux perm 1.606 (chance 3.26) | lr 9.96e-04 | 1.57 it/s
step 1900/20000 | loss 5.1146 | aux rot 2.028 (chance 2.83) | aux perm 1.602 (chance 3.26) | lr 9.94e-04 | 1.56 it/s
step 2000/20000 | loss 5.1622 | aux rot 2.035 (chance 2.83) | aux perm 1.746 (chance 3.26) | lr 9.93e-04 | 1.55 it/s
[val] step 2000: mode-A 59.74 | mode-C 64.40 | gain C -4.67   (REAL novel subjects, fold 2)
[val] new best mode-C 64.40 -> best.pt
step 2100/20000 | loss 4.7245 | aux rot 2.011 (chance 2.83) | aux perm 1.707 (chance 3.26) | lr 9.92e-04 | 1.54 it/s
step 2200/20000 | loss 5.1382 | aux rot 2.023 (chance 2.83) | aux perm 1.765 (chance 3.26) | lr 9.90e-04 | 1.52 it/s
step 2300/20000 | loss 4.9387 | aux rot 1.968 (chance 2.83) | aux perm 1.747 (chance 3.26) | lr 9.88e-04 | 1.51 it/s
step 2400/20000 | loss 4.6101 | aux rot 1.892 (chance 2.83) | aux perm 1.747 (chance 3.26) | lr 9.87e-04 | 1.52 it/s
step 2500/20000 | loss 4.9932 | aux rot 1.980 (chance 2.83) | aux perm 1.589 (chance 3.26) | lr 9.85e-04 | 1.51 it/s
step 2600/20000 | loss 4.8422 | aux rot 1.933 (chance 2.83) | aux perm 1.739 (chance 3.26) | lr 9.83e-04 | 1.50 it/s
step 2700/20000 | loss 5.0515 | aux rot 1.932 (chance 2.83) | aux perm 1.738 (chance 3.26) | lr 9.80e-04 | 1.49 it/s
step 2800/20000 | loss 4.6061 | aux rot 1.860 (chance 2.83) | aux perm 1.666 (chance 3.26) | lr 9.78e-04 | 1.49 it/s
step 2900/20000 | loss 4.6595 | aux rot 1.931 (chance 2.83) | aux perm 1.631 (chance 3.26) | lr 9.76e-04 | 1.50 it/s
step 3000/20000 | loss 5.1406 | aux rot 2.037 (chance 2.83) | aux perm 1.765 (chance 3.26) | lr 9.73e-04 | 1.49 it/s
[val] step 3000: mode-A 60.18 | mode-C 64.18 | gain C -4.00   (REAL novel subjects, fold 2)
[val] new best mode-C 64.18 -> best.pt
step 3100/20000 | loss 4.8039 | aux rot 1.880 (chance 2.83) | aux perm 1.628 (chance 3.26) | lr 9.70e-04 | 1.48 it/s
step 3200/20000 | loss 4.7880 | aux rot 1.868 (chance 2.83) | aux perm 1.683 (chance 3.26) | lr 9.67e-04 | 1.48 it/s
step 3300/20000 | loss 5.0672 | aux rot 1.837 (chance 2.83) | aux perm 1.703 (chance 3.26) | lr 9.64e-04 | 1.47 it/s
