[cohort] fold 0: 24 users the backbone has never seen, 213 sessions
/data2/chenyuxiang/conda_envs/qwerty/lib/python3.10/site-packages/torch/nn/modules/transformer.py:306: UserWarning: enable_nested_tensor is True, but self.use_nested_tensor is False because encoder_layer.norm_first was True
  warnings.warn(f"enable_nested_tensor is True, but self.use_nested_tensor is False because {why_not_sparsity_fast_path}")
[trunk] /data2/chenyuxiang/runs/tf_fold0_full/last.pt step 103000 | 2.12M total  (featurizer 0.08M  encoder 1.98M  decoder 0.01M)
[prefix] FUSED mode: per-token (signal + soft-aligned char)
[prefix] {'k_windows': 4, 'seconds': 16, 'tokens_uncapped': 380, 'tokens': 380, 'capped': False}
[prefix] {'k_windows': 12, 'seconds': 48, 'tokens_uncapped': 1140, 'tokens': 1140, 'capped': False}
[prefix] {'k_windows': 23, 'seconds': 92, 'tokens_uncapped': 2185, 'tokens': 2185, 'capped': False}
[prefix] {'k_windows': 45, 'seconds': 180, 'tokens_uncapped': 4275, 'tokens': 4096, 'capped': True}
[meta-split] meta-train 16 users / 137 sessions | meta-test 8 users / 76 sessions (disjoint, both unseen by the backbone)
[symbol] 26 permutable letter classes | p_permute 0.5 k [4, 12]
/data2/chenyuxiang/conda_envs/qwerty/lib/python3.10/site-packages/torch/nn/modules/conv.py:306: UserWarning: Plan failed with a cudnnException: CUDNN_BACKEND_EXECUTION_PLAN_DESCRIPTOR: cudnnFinalize Descriptor Failed cudnn_status: CUDNN_STATUS_NOT_SUPPORTED (Triggered internally at ../aten/src/ATen/native/cudnn/Conv_v8.cpp:919.)
  return F.conv1d(input, weight, bias, self.stride,
[audit] step 0: mode-A 50.89 | mode-C 100.00 (random prefix) | deployment reference ~43-58
step 100/20000 | loss 8.5527 | aux rot 2.860 (chance 2.83) | aux perm 3.278 (chance 3.26) | lr 3.00e-05 | 1.88 it/s
step 200/20000 | loss 6.2540 | aux rot 2.816 (chance 2.83) | aux perm 3.202 (chance 3.26) | lr 6.00e-05 | 1.79 it/s
step 300/20000 | loss 5.0300 | aux rot 2.677 (chance 2.83) | aux perm 3.070 (chance 3.26) | lr 9.00e-05 | 1.91 it/s
step 400/20000 | loss 5.3473 | aux rot 2.542 (chance 2.83) | aux perm 2.897 (chance 3.26) | lr 1.20e-04 | 1.78 it/s
step 500/20000 | loss 4.6795 | aux rot 2.428 (chance 2.83) | aux perm 2.574 (chance 3.26) | lr 1.50e-04 | 1.81 it/s
[val] step 500: IDENTITY A 45.02 C 68.06 gain -23.04 | PERMUTED A 61.34 C 77.21 gain -15.87 | mem-gauge(meta-train A) 51.55   (meta-test users, fold 0)
[val] new best mode-C 68.06 -> best.pt
step 600/20000 | loss 4.6654 | aux rot 2.416 (chance 2.83) | aux perm 2.304 (chance 3.26) | lr 1.80e-04 | 1.77 it/s
step 700/20000 | loss 4.3376 | aux rot 2.306 (chance 2.83) | aux perm 2.026 (chance 3.26) | lr 2.10e-04 | 1.76 it/s
step 800/20000 | loss 4.2150 | aux rot 2.235 (chance 2.83) | aux perm 1.831 (chance 3.26) | lr 2.40e-04 | 1.76 it/s
