[cohort] fold 1: 24 users the backbone has never seen, 206 sessions
/data2/chenyuxiang/conda_envs/qwerty/lib/python3.10/site-packages/torch/nn/modules/transformer.py:306: UserWarning: enable_nested_tensor is True, but self.use_nested_tensor is False because encoder_layer.norm_first was True
  warnings.warn(f"enable_nested_tensor is True, but self.use_nested_tensor is False because {why_not_sparsity_fast_path}")
[trunk] /data2/chenyuxiang/runs/tf_fold1_full/last.pt step 103000 | 2.12M total  (featurizer 0.08M  encoder 1.98M  decoder 0.01M)
[prefix] FUSED mode: per-token (signal + soft-aligned char)
[prefix] {'k_windows': 4, 'seconds': 16, 'tokens_uncapped': 380, 'tokens': 380, 'capped': False}
[prefix] {'k_windows': 12, 'seconds': 48, 'tokens_uncapped': 1140, 'tokens': 1140, 'capped': False}
[prefix] {'k_windows': 23, 'seconds': 92, 'tokens_uncapped': 2185, 'tokens': 2185, 'capped': False}
[prefix] {'k_windows': 45, 'seconds': 180, 'tokens_uncapped': 4275, 'tokens': 4096, 'capped': True}
[meta-split] meta-train 16 users / 146 sessions | meta-test 8 users / 60 sessions (disjoint, both unseen by the backbone)
[symbol] 26 permutable letter classes | p_permute 0.5 k [4, 12]
/data2/chenyuxiang/conda_envs/qwerty/lib/python3.10/site-packages/torch/nn/modules/conv.py:306: UserWarning: Plan failed with a cudnnException: CUDNN_BACKEND_EXECUTION_PLAN_DESCRIPTOR: cudnnFinalize Descriptor Failed cudnn_status: CUDNN_STATUS_NOT_SUPPORTED (Triggered internally at ../aten/src/ATen/native/cudnn/Conv_v8.cpp:919.)
  return F.conv1d(input, weight, bias, self.stride,
[audit] step 0: mode-A 62.84 | mode-C 100.00 (random prefix) | deployment reference ~43-58
step 100/20000 | loss 7.0961 | aux rot 2.808 (chance 2.83) | aux perm 3.273 (chance 3.26) | lr 3.00e-05 | 1.88 it/s
step 200/20000 | loss 5.8444 | aux rot 2.723 (chance 2.83) | aux perm 3.204 (chance 3.26) | lr 6.00e-05 | 1.78 it/s
step 300/20000 | loss 4.9437 | aux rot 2.620 (chance 2.83) | aux perm 3.074 (chance 3.26) | lr 9.00e-05 | 1.88 it/s
step 400/20000 | loss 5.3398 | aux rot 2.482 (chance 2.83) | aux perm 2.940 (chance 3.26) | lr 1.20e-04 | 1.75 it/s
step 500/20000 | loss 4.6027 | aux rot 2.414 (chance 2.83) | aux perm 2.645 (chance 3.26) | lr 1.50e-04 | 1.77 it/s
[val] step 500: IDENTITY A 55.82 C 75.80 gain -19.98 | PERMUTED A 67.62 C 81.28 gain -13.66 | mem-gauge(meta-train A) 44.68   (meta-test users, fold 1)
[val] new best mode-C 75.80 -> best.pt
step 600/20000 | loss 4.6691 | aux rot 2.348 (chance 2.83) | aux perm 2.360 (chance 3.26) | lr 1.80e-04 | 1.72 it/s
step 700/20000 | loss 4.2528 | aux rot 2.276 (chance 2.83) | aux perm 2.056 (chance 3.26) | lr 2.10e-04 | 1.71 it/s
step 800/20000 | loss 4.1700 | aux rot 2.250 (chance 2.83) | aux perm 1.857 (chance 3.26) | lr 2.40e-04 | 1.71 it/s
step 900/20000 | loss 3.5871 | aux rot 2.204 (chance 2.83) | aux perm 1.673 (chance 3.26) | lr 2.70e-04 | 1.73 it/s
step 1000/20000 | loss 3.6488 | aux rot 2.153 (chance 2.83) | aux perm 1.504 (chance 3.26) | lr 3.00e-04 | 1.70 it/s
[val] step 1000: IDENTITY A 56.26 C 58.91 gain -2.65 | PERMUTED A 68.02 C 69.50 gain -1.48 | mem-gauge(meta-train A) 39.94   (meta-test users, fold 1)
[val] new best mode-C 58.91 -> best.pt
step 1100/20000 | loss 3.7616 | aux rot 2.087 (chance 2.83) | aux perm 1.650 (chance 3.26) | lr 3.00e-04 | 1.70 it/s
step 1200/20000 | loss 3.8112 | aux rot 2.147 (chance 2.83) | aux perm 1.758 (chance 3.26) | lr 3.00e-04 | 1.70 it/s
step 1300/20000 | loss 3.9420 | aux rot 2.057 (chance 2.83) | aux perm 1.678 (chance 3.26) | lr 3.00e-04 | 1.73 it/s
step 1400/20000 | loss 3.9821 | aux rot 2.199 (chance 2.83) | aux perm 1.609 (chance 3.26) | lr 3.00e-04 | 1.73 it/s
step 1500/20000 | loss 3.9224 | aux rot 2.066 (chance 2.83) | aux perm 1.592 (chance 3.26) | lr 2.99e-04 | 1.71 it/s
[val] step 1500: IDENTITY A 57.12 C 59.58 gain -2.47 | PERMUTED A 68.48 C 70.32 gain -1.84 | mem-gauge(meta-train A) 37.18   (meta-test users, fold 1)
step 1600/20000 | loss 3.3163 | aux rot 1.986 (chance 2.83) | aux perm 1.672 (chance 3.26) | lr 2.99e-04 | 1.72 it/s
step 1700/20000 | loss 3.7076 | aux rot 1.990 (chance 2.83) | aux perm 1.576 (chance 3.26) | lr 2.99e-04 | 1.73 it/s
step 1800/20000 | loss 3.8425 | aux rot 2.033 (chance 2.83) | aux perm 1.603 (chance 3.26) | lr 2.99e-04 | 1.73 it/s
