[cohort] fold 2: 24 users the backbone has never seen, 213 sessions
/data2/chenyuxiang/conda_envs/qwerty/lib/python3.10/site-packages/torch/nn/modules/transformer.py:306: UserWarning: enable_nested_tensor is True, but self.use_nested_tensor is False because encoder_layer.norm_first was True
  warnings.warn(f"enable_nested_tensor is True, but self.use_nested_tensor is False because {why_not_sparsity_fast_path}")
[trunk] /data2/chenyuxiang/runs/tf_fold2/last.pt step 40000 | 2.12M total  (featurizer 0.08M  encoder 1.98M  decoder 0.01M)
[prefix] FUSED mode: per-token (signal + soft-aligned char)
[prefix] {'k_windows': 4, 'seconds': 16, 'tokens_uncapped': 380, 'tokens': 380, 'capped': False}
[prefix] {'k_windows': 12, 'seconds': 48, 'tokens_uncapped': 1140, 'tokens': 1140, 'capped': False}
[prefix] {'k_windows': 23, 'seconds': 92, 'tokens_uncapped': 2185, 'tokens': 2185, 'capped': False}
[prefix] {'k_windows': 45, 'seconds': 180, 'tokens_uncapped': 4275, 'tokens': 4096, 'capped': True}
[symbol] 26 permutable letter classes | p_permute 0.5 k [4, 12]
/data2/chenyuxiang/conda_envs/qwerty/lib/python3.10/site-packages/torch/nn/modules/conv.py:306: UserWarning: Plan failed with a cudnnException: CUDNN_BACKEND_EXECUTION_PLAN_DESCRIPTOR: cudnnFinalize Descriptor Failed cudnn_status: CUDNN_STATUS_NOT_SUPPORTED (Triggered internally at ../aten/src/ATen/native/cudnn/Conv_v8.cpp:919.)
  return F.conv1d(input, weight, bias, self.stride,
[audit] step 0: mode-A 62.58 | mode-C 100.00 (random prefix) | deployment reference ~43-58
step 100/12000 | loss 9.6123 | lr 1.67e-04 | 2.02 it/s
step 200/12000 | loss 5.8096 | lr 3.33e-04 | 1.66 it/s
step 300/12000 | loss 3.4108 | lr 5.00e-04 | 1.62 it/s
step 400/12000 | loss 2.9958 | lr 6.67e-04 | 1.64 it/s
step 500/12000 | loss 3.0010 | lr 8.33e-04 | 1.59 it/s
[val] step 500: mode-A 64.54 | mode-C 72.48 | gain C -7.93   (REAL novel subjects, fold 2)
[val] new best mode-C 72.48 -> best.pt
step 600/12000 | loss 2.9651 | lr 1.00e-03 | 1.51 it/s
step 700/12000 | loss 2.8859 | lr 1.00e-03 | 1.57 it/s
step 800/12000 | loss 2.9156 | lr 9.99e-04 | 1.58 it/s
step 900/12000 | loss 2.9002 | lr 9.98e-04 | 1.61 it/s
step 1000/12000 | loss 2.8655 | lr 9.97e-04 | 1.65 it/s
[val] step 1000: mode-A 56.80 | mode-C 61.12 | gain C -4.32   (REAL novel subjects, fold 2)
[val] new best mode-C 61.12 -> best.pt
step 1100/12000 | loss 2.9076 | lr 9.95e-04 | 1.61 it/s
step 1200/12000 | loss 2.9038 | lr 9.93e-04 | 1.63 it/s
step 1300/12000 | loss 2.9354 | lr 9.91e-04 | 1.61 it/s
step 1400/12000 | loss 2.9088 | lr 9.88e-04 | 1.64 it/s
step 1500/12000 | loss 2.8009 | lr 9.85e-04 | 1.64 it/s
[val] step 1500: mode-A 64.14 | mode-C 65.10 | gain C -0.95   (REAL novel subjects, fold 2)
step 1600/12000 | loss 2.9154 | lr 9.81e-04 | 1.60 it/s
step 1700/12000 | loss 2.8350 | lr 9.77e-04 | 1.61 it/s
step 1800/12000 | loss 2.8071 | lr 9.73e-04 | 1.63 it/s
