[cohort] fold 2: 24 users the backbone has never seen, 213 sessions
/data2/chenyuxiang/conda_envs/qwerty/lib/python3.10/site-packages/torch/nn/modules/transformer.py:306: UserWarning: enable_nested_tensor is True, but self.use_nested_tensor is False because encoder_layer.norm_first was True
  warnings.warn(f"enable_nested_tensor is True, but self.use_nested_tensor is False because {why_not_sparsity_fast_path}")
[trunk] /data2/chenyuxiang/runs/tf_fold2/last.pt step 40000 | 2.12M total  (featurizer 0.08M  encoder 1.98M  decoder 0.01M)
[prefix] FUSED mode: per-token (signal + soft-aligned char)
[prefix] {'k_windows': 4, 'seconds': 16, 'tokens_uncapped': 380, 'tokens': 380, 'capped': False}
[prefix] {'k_windows': 12, 'seconds': 48, 'tokens_uncapped': 1140, 'tokens': 1140, 'capped': False}
[prefix] {'k_windows': 23, 'seconds': 92, 'tokens_uncapped': 2185, 'tokens': 2185, 'capped': False}
[prefix] {'k_windows': 45, 'seconds': 180, 'tokens_uncapped': 4275, 'tokens': 4096, 'capped': True}
[symbol] 26 permutable letter classes | p_permute 0.5 k [4, 12]
/data2/chenyuxiang/conda_envs/qwerty/lib/python3.10/site-packages/torch/nn/modules/conv.py:306: UserWarning: Plan failed with a cudnnException: CUDNN_BACKEND_EXECUTION_PLAN_DESCRIPTOR: cudnnFinalize Descriptor Failed cudnn_status: CUDNN_STATUS_NOT_SUPPORTED (Triggered internally at ../aten/src/ATen/native/cudnn/Conv_v8.cpp:919.)
  return F.conv1d(input, weight, bias, self.stride,
[audit] step 0: mode-A 62.91 | mode-C 100.00 (random prefix) | deployment reference ~43-58
step 100/12000 | loss 8.1298 | lr 5.00e-05 | 1.62 it/s
step 200/12000 | loss 5.2564 | lr 1.00e-04 | 1.60 it/s
step 300/12000 | loss 3.3336 | lr 1.50e-04 | 1.52 it/s
step 400/12000 | loss 3.0898 | lr 2.00e-04 | 1.43 it/s
step 500/12000 | loss 2.9712 | lr 2.50e-04 | 1.39 it/s
[val] step 500: mode-A 59.79 | mode-C 75.59 | gain C -15.81   (REAL novel subjects, fold 2)
[val] new best mode-C 75.59 -> best.pt
step 600/12000 | loss 2.8059 | lr 3.00e-04 | 1.35 it/s
step 700/12000 | loss 2.6422 | lr 3.00e-04 | 1.38 it/s
step 800/12000 | loss 2.7266 | lr 3.00e-04 | 1.40 it/s
step 900/12000 | loss 2.7509 | lr 2.99e-04 | 1.41 it/s
step 1000/12000 | loss 2.7191 | lr 2.99e-04 | 1.43 it/s
[val] step 1000: mode-A 55.21 | mode-C 58.20 | gain C -2.99   (REAL novel subjects, fold 2)
[val] new best mode-C 58.20 -> best.pt
step 1100/12000 | loss 2.6566 | lr 2.99e-04 | 1.41 it/s
step 1200/12000 | loss 2.7880 | lr 2.98e-04 | 1.42 it/s
step 1300/12000 | loss 2.6549 | lr 2.97e-04 | 1.44 it/s
step 1400/12000 | loss 2.6886 | lr 2.96e-04 | 1.45 it/s
step 1500/12000 | loss 2.5372 | lr 2.95e-04 | 1.46 it/s
[val] step 1500: mode-A 57.10 | mode-C 58.68 | gain C -1.58   (REAL novel subjects, fold 2)
step 1600/12000 | loss 2.6845 | lr 2.94e-04 | 1.42 it/s
step 1700/12000 | loss 2.5618 | lr 2.93e-04 | 1.43 it/s
step 1800/12000 | loss 2.6191 | lr 2.92e-04 | 1.44 it/s
step 1900/12000 | loss 2.6154 | lr 2.90e-04 | 1.44 it/s
step 2000/12000 | loss 2.6922 | lr 2.89e-04 | 1.45 it/s
[val] step 2000: mode-A 59.25 | mode-C 60.57 | gain C -1.32   (REAL novel subjects, fold 2)
step 2100/12000 | loss 2.6274 | lr 2.87e-04 | 1.43 it/s
step 2200/12000 | loss 2.5883 | lr 2.86e-04 | 1.44 it/s
step 2300/12000 | loss 2.5148 | lr 2.84e-04 | 1.44 it/s
step 2400/12000 | loss 2.5568 | lr 2.82e-04 | 1.45 it/s
step 2500/12000 | loss 2.5626 | lr 2.80e-04 | 1.46 it/s
[val] step 2500: mode-A 56.96 | mode-C 57.42 | gain C -0.46   (REAL novel subjects, fold 2)
[val] new best mode-C 57.42 -> best.pt
step 2600/12000 | loss 2.5046 | lr 2.78e-04 | 1.44 it/s
step 2700/12000 | loss 2.5703 | lr 2.76e-04 | 1.44 it/s
step 2800/12000 | loss 2.4984 | lr 2.73e-04 | 1.45 it/s
step 2900/12000 | loss 2.5691 | lr 2.71e-04 | 1.44 it/s
step 3000/12000 | loss 2.5952 | lr 2.68e-04 | 1.45 it/s
[val] step 3000: mode-A 56.53 | mode-C 56.67 | gain C -0.15   (REAL novel subjects, fold 2)
[val] new best mode-C 56.67 -> best.pt
