96 training users -> 4 folds
  fold 0:  24 users,  213 sessions | e.g. ['11372316', '14312238', '2396581']
  fold 1:  24 users,  206 sessions | e.g. ['11944098', '1438774', '25847138']
  fold 2:  24 users,  213 sessions | e.g. ['12565339', '18200807', '25915650']
  fold 3:  24 users,  205 sessions | e.g. ['13321435', '20676876', '26940776']
[split] fold 3: train on 72 users (632 sessions); HELD OUT 24 users (205 sessions)
[split] official test users: 16 sessions (never trained on in either mode)
[data] 172088 training windows of 4.0s
[data] monitor sets: 160 test windows, 160 fold-heldout windows
/data2/chenyuxiang/conda_envs/qwerty/lib/python3.10/site-packages/torch/nn/modules/transformer.py:306: UserWarning: enable_nested_tensor is True, but self.use_nested_tensor is False because encoder_layer.norm_first was True
  warnings.warn(f"enable_nested_tensor is True, but self.use_nested_tensor is False because {why_not_sparsity_fast_path}")
[model] featurizer [11, 3, 3]/[5, 2, 2] -> 100 Hz frames (400 per window)
[model] tiny: 2.12M total  (featurizer 0.08M  encoder 1.98M  decoder 0.01M)
/data2/chenyuxiang/conda_envs/qwerty/lib/python3.10/site-packages/torch/nn/modules/conv.py:306: UserWarning: Plan failed with a cudnnException: CUDNN_BACKEND_EXECUTION_PLAN_DESCRIPTOR: cudnnFinalize Descriptor Failed cudnn_status: CUDNN_STATUS_NOT_SUPPORTED (Triggered internally at ../aten/src/ATen/native/cudnn/Conv_v8.cpp:919.)
  return F.conv1d(input, weight, bias, self.stride,
step 200/40000 | loss 54.9547 | lr 1.00e-04 | 604 win/s
step 400/40000 | loss 3.6422 | lr 2.00e-04 | 652 win/s
step 600/40000 | loss 3.4027 | lr 3.00e-04 | 664 win/s
step 800/40000 | loss 3.2751 | lr 4.00e-04 | 674 win/s
step 1000/40000 | loss 3.2154 | lr 5.00e-04 | 678 win/s
step 1200/40000 | loss 3.1712 | lr 6.00e-04 | 683 win/s
step 1400/40000 | loss 3.1160 | lr 7.00e-04 | 684 win/s
step 1600/40000 | loss 3.0326 | lr 8.00e-04 | 686 win/s
step 1800/40000 | loss 2.9719 | lr 9.00e-04 | 687 win/s
step 2000/40000 | loss 2.8907 | lr 1.00e-03 | 689 win/s
[val] step 2000: 8-test-user CER 100.00 | fold-heldout-user CER 100.00  (their Tiny reference: 35.9)
[val] new best 100.00 -> best.pt
step 2200/40000 | loss 2.8102 | lr 1.00e-03 | 689 win/s
step 2400/40000 | loss 2.7229 | lr 1.00e-03 | 690 win/s
step 2600/40000 | loss 2.6421 | lr 9.99e-04 | 691 win/s
step 2800/40000 | loss 2.5435 | lr 9.99e-04 | 691 win/s
step 3000/40000 | loss 2.4646 | lr 9.98e-04 | 692 win/s
step 3200/40000 | loss 2.4172 | lr 9.98e-04 | 692 win/s
step 3400/40000 | loss 2.3842 | lr 9.97e-04 | 693 win/s
step 3600/40000 | loss 2.3721 | lr 9.96e-04 | 693 win/s
step 3800/40000 | loss 2.3524 | lr 9.94e-04 | 694 win/s
step 4000/40000 | loss 2.3375 | lr 9.93e-04 | 693 win/s
[val] step 4000: 8-test-user CER 79.99 | fold-heldout-user CER 83.92  (their Tiny reference: 35.9)
[val] new best 79.99 -> best.pt
