96 training users -> 4 folds
  fold 0:  24 users,  213 sessions | e.g. ['11372316', '14312238', '2396581']
  fold 1:  24 users,  206 sessions | e.g. ['11944098', '1438774', '25847138']
  fold 2:  24 users,  213 sessions | e.g. ['12565339', '18200807', '25915650']
  fold 3:  24 users,  205 sessions | e.g. ['13321435', '20676876', '26940776']
[split] fold 0: train on 72 users (624 sessions); HELD OUT 24 users (213 sessions)
[split] official test users: 16 sessions (never trained on in either mode)
[data] 172708 training windows of 4.0s
[data] monitor sets: 512 test windows, 512 fold-heldout windows
/data2/chenyuxiang/conda_envs/qwerty/lib/python3.10/site-packages/torch/nn/modules/transformer.py:306: UserWarning: enable_nested_tensor is True, but self.use_nested_tensor is False because encoder_layer.norm_first was True
  warnings.warn(f"enable_nested_tensor is True, but self.use_nested_tensor is False because {why_not_sparsity_fast_path}")
[init] continued from /data2/chenyuxiang/runs/tf_fold0/last.pt (step 40000, fold 0); optimizer starts fresh
[model] featurizer [11, 3, 3]/[5, 2, 2] -> 100 Hz frames (400 per window)
[model] tiny: 2.12M total  (featurizer 0.08M  encoder 1.98M  decoder 0.01M)
/data2/chenyuxiang/conda_envs/qwerty/lib/python3.10/site-packages/torch/nn/modules/conv.py:306: UserWarning: Plan failed with a cudnnException: CUDNN_BACKEND_EXECUTION_PLAN_DESCRIPTOR: cudnnFinalize Descriptor Failed cudnn_status: CUDNN_STATUS_NOT_SUPPORTED (Triggered internally at ../aten/src/ATen/native/cudnn/Conv_v8.cpp:919.)
  return F.conv1d(input, weight, bias, self.stride,
step 200/103000 | loss 1.5577 | lr 6.80e-05 | 465 win/s
step 400/103000 | loss 1.5894 | lr 1.36e-04 | 479 win/s
step 600/103000 | loss 1.6305 | lr 2.04e-04 | 483 win/s
step 800/103000 | loss 1.6865 | lr 2.72e-04 | 490 win/s
step 1000/103000 | loss 1.7365 | lr 3.40e-04 | 498 win/s
step 1200/103000 | loss 1.7740 | lr 4.08e-04 | 506 win/s
step 1400/103000 | loss 1.8062 | lr 4.76e-04 | 511 win/s
step 1600/103000 | loss 1.8399 | lr 5.44e-04 | 516 win/s
step 1800/103000 | loss 1.9035 | lr 6.12e-04 | 522 win/s
step 2000/103000 | loss 1.9528 | lr 6.80e-04 | 526 win/s
step 2200/103000 | loss 1.9883 | lr 7.00e-04 | 530 win/s
step 2400/103000 | loss 1.9792 | lr 7.00e-04 | 534 win/s
step 2600/103000 | loss 1.9466 | lr 7.00e-04 | 537 win/s
step 2800/103000 | loss 1.9575 | lr 7.00e-04 | 540 win/s
step 3000/103000 | loss 1.9612 | lr 7.00e-04 | 542 win/s
step 3200/103000 | loss 1.9807 | lr 7.00e-04 | 544 win/s
step 3400/103000 | loss 2.0013 | lr 7.00e-04 | 546 win/s
step 3600/103000 | loss 1.9708 | lr 7.00e-04 | 548 win/s
step 3800/103000 | loss 2.0064 | lr 6.99e-04 | 550 win/s
step 4000/103000 | loss 2.0120 | lr 6.99e-04 | 551 win/s
[val] step 4000: 8-test-user CER 48.11 | fold-heldout-user CER 56.85  (their Tiny reference: 35.9)
[val] new best 48.11 -> best.pt
step 4200/103000 | loss 1.9860 | lr 6.99e-04 | 551 win/s
step 4400/103000 | loss 1.9762 | lr 6.99e-04 | 553 win/s
step 4600/103000 | loss 1.9621 | lr 6.99e-04 | 554 win/s
step 4800/103000 | loss 1.9575 | lr 6.99e-04 | 555 win/s
step 5000/103000 | loss 1.9961 | lr 6.99e-04 | 556 win/s
step 5200/103000 | loss 1.9579 | lr 6.98e-04 | 557 win/s
step 5400/103000 | loss 1.9888 | lr 6.98e-04 | 558 win/s
step 5600/103000 | loss 1.9698 | lr 6.98e-04 | 559 win/s
step 5800/103000 | loss 1.9604 | lr 6.98e-04 | 560 win/s
step 6000/103000 | loss 1.9873 | lr 6.97e-04 | 561 win/s
step 6200/103000 | loss 1.9453 | lr 6.97e-04 | 562 win/s
step 6400/103000 | loss 1.9275 | lr 6.97e-04 | 562 win/s
step 6600/103000 | loss 1.9293 | lr 6.97e-04 | 562 win/s
step 6800/103000 | loss 1.9206 | lr 6.96e-04 | 563 win/s
step 7000/103000 | loss 1.9176 | lr 6.96e-04 | 564 win/s
step 7200/103000 | loss 1.9058 | lr 6.96e-04 | 565 win/s
step 7400/103000 | loss 1.8962 | lr 6.95e-04 | 565 win/s
step 7600/103000 | loss 1.9185 | lr 6.95e-04 | 566 win/s
step 7800/103000 | loss 1.9240 | lr 6.94e-04 | 566 win/s
step 8000/103000 | loss 1.9251 | lr 6.94e-04 | 567 win/s
[val] step 8000: 8-test-user CER 47.55 | fold-heldout-user CER 56.62  (their Tiny reference: 35.9)
[val] new best 47.55 -> best.pt
step 8200/103000 | loss 1.9088 | lr 6.94e-04 | 567 win/s
step 8400/103000 | loss 1.8898 | lr 6.93e-04 | 567 win/s
step 8600/103000 | loss 1.9035 | lr 6.93e-04 | 568 win/s
step 8800/103000 | loss 1.8903 | lr 6.92e-04 | 568 win/s
step 9000/103000 | loss 1.8930 | lr 6.92e-04 | 569 win/s
step 9200/103000 | loss 1.9019 | lr 6.91e-04 | 569 win/s
step 9400/103000 | loss 1.8914 | lr 6.91e-04 | 570 win/s
step 9600/103000 | loss 1.9003 | lr 6.90e-04 | 570 win/s
step 9800/103000 | loss 1.8865 | lr 6.90e-04 | 570 win/s
step 10000/103000 | loss 1.8803 | lr 6.89e-04 | 570 win/s
step 10200/103000 | loss 1.8826 | lr 6.89e-04 | 571 win/s
step 10400/103000 | loss 1.8894 | lr 6.88e-04 | 571 win/s
step 10600/103000 | loss 1.8815 | lr 6.88e-04 | 571 win/s
step 10800/103000 | loss 1.8811 | lr 6.87e-04 | 572 win/s
step 11000/103000 | loss 1.8669 | lr 6.87e-04 | 572 win/s
step 11200/103000 | loss 1.8975 | lr 6.86e-04 | 573 win/s
step 11400/103000 | loss 1.9037 | lr 6.85e-04 | 573 win/s
step 11600/103000 | loss 1.8715 | lr 6.85e-04 | 573 win/s
step 11800/103000 | loss 1.8762 | lr 6.84e-04 | 574 win/s
step 12000/103000 | loss 1.8392 | lr 6.83e-04 | 574 win/s
[val] step 12000: 8-test-user CER 47.32 | fold-heldout-user CER 55.42  (their Tiny reference: 35.9)
[val] new best 47.32 -> best.pt
step 12200/103000 | loss 1.8379 | lr 6.83e-04 | 574 win/s
step 12400/103000 | loss 1.8535 | lr 6.82e-04 | 575 win/s
step 12600/103000 | loss 1.8923 | lr 6.81e-04 | 575 win/s
step 12800/103000 | loss 1.9005 | lr 6.81e-04 | 575 win/s
step 13000/103000 | loss 1.8701 | lr 6.80e-04 | 576 win/s
step 13200/103000 | loss 1.8596 | lr 6.79e-04 | 576 win/s
step 13400/103000 | loss 1.8607 | lr 6.78e-04 | 576 win/s
step 13600/103000 | loss 1.8615 | lr 6.78e-04 | 576 win/s
step 13800/103000 | loss 1.8459 | lr 6.77e-04 | 577 win/s
step 14000/103000 | loss 1.8617 | lr 6.76e-04 | 577 win/s
step 14200/103000 | loss 1.8515 | lr 6.75e-04 | 577 win/s
step 14400/103000 | loss 1.8193 | lr 6.75e-04 | 577 win/s
step 14600/103000 | loss 1.8253 | lr 6.74e-04 | 577 win/s
step 14800/103000 | loss 1.8249 | lr 6.73e-04 | 577 win/s
step 15000/103000 | loss 1.7997 | lr 6.72e-04 | 577 win/s
step 15200/103000 | loss 1.8145 | lr 6.71e-04 | 577 win/s
step 15400/103000 | loss 1.8179 | lr 6.70e-04 | 577 win/s
step 15600/103000 | loss 1.8242 | lr 6.69e-04 | 577 win/s
step 15800/103000 | loss 1.8194 | lr 6.68e-04 | 576 win/s
step 16000/103000 | loss 1.8093 | lr 6.68e-04 | 576 win/s
[val] step 16000: 8-test-user CER 48.66 | fold-heldout-user CER 56.65  (their Tiny reference: 35.9)
step 16200/103000 | loss 1.7908 | lr 6.67e-04 | 576 win/s
step 16400/103000 | loss 1.7945 | lr 6.66e-04 | 576 win/s
step 16600/103000 | loss 1.8004 | lr 6.65e-04 | 576 win/s
step 16800/103000 | loss 1.8009 | lr 6.64e-04 | 576 win/s
step 17000/103000 | loss 1.8000 | lr 6.63e-04 | 575 win/s
step 17200/103000 | loss 1.8291 | lr 6.62e-04 | 575 win/s
step 17400/103000 | loss 1.8201 | lr 6.61e-04 | 575 win/s
step 17600/103000 | loss 1.8070 | lr 6.60e-04 | 575 win/s
step 17800/103000 | loss 1.7941 | lr 6.59e-04 | 575 win/s
step 18000/103000 | loss 1.8039 | lr 6.58e-04 | 575 win/s
step 18200/103000 | loss 1.8180 | lr 6.57e-04 | 575 win/s
step 18400/103000 | loss 1.7984 | lr 6.56e-04 | 575 win/s
step 18600/103000 | loss 1.7908 | lr 6.55e-04 | 574 win/s
step 18800/103000 | loss 1.8112 | lr 6.54e-04 | 573 win/s
step 19000/103000 | loss 1.8024 | lr 6.52e-04 | 573 win/s
step 19200/103000 | loss 1.8031 | lr 6.51e-04 | 573 win/s
step 19400/103000 | loss 1.7882 | lr 6.50e-04 | 573 win/s
step 19600/103000 | loss 1.8035 | lr 6.49e-04 | 573 win/s
step 19800/103000 | loss 1.7987 | lr 6.48e-04 | 573 win/s
step 20000/103000 | loss 1.8101 | lr 6.47e-04 | 573 win/s
[val] step 20000: 8-test-user CER 46.72 | fold-heldout-user CER 56.64  (their Tiny reference: 35.9)
[val] new best 46.72 -> best.pt
step 20200/103000 | loss 1.7934 | lr 6.46e-04 | 574 win/s
step 20400/103000 | loss 1.7823 | lr 6.45e-04 | 575 win/s
step 20600/103000 | loss 1.7964 | lr 6.43e-04 | 575 win/s
step 20800/103000 | loss 1.7737 | lr 6.42e-04 | 576 win/s
step 21000/103000 | loss 1.7790 | lr 6.41e-04 | 577 win/s
