96 training users -> 4 folds
  fold 0:  24 users,  213 sessions | e.g. ['11372316', '14312238', '2396581']
  fold 1:  24 users,  206 sessions | e.g. ['11944098', '1438774', '25847138']
  fold 2:  24 users,  213 sessions | e.g. ['12565339', '18200807', '25915650']
  fold 3:  24 users,  205 sessions | e.g. ['13321435', '20676876', '26940776']
[split] fold 2: train on 72 users (624 sessions); HELD OUT 24 users (213 sessions)
[split] official test users: 16 sessions (never trained on in either mode)
[data] 168679 training windows of 4.0s
[data] monitor sets: 160 test windows, 160 fold-heldout windows
/data2/chenyuxiang/conda_envs/qwerty/lib/python3.10/site-packages/torch/nn/modules/transformer.py:306: UserWarning: enable_nested_tensor is True, but self.use_nested_tensor is False because encoder_layer.norm_first was True
  warnings.warn(f"enable_nested_tensor is True, but self.use_nested_tensor is False because {why_not_sparsity_fast_path}")
[model] featurizer [11, 3, 3]/[5, 2, 2] -> 100 Hz frames (400 per window)
[model] tiny: 2.12M total  (featurizer 0.08M  encoder 1.98M  decoder 0.01M)
/data2/chenyuxiang/conda_envs/qwerty/lib/python3.10/site-packages/torch/nn/modules/conv.py:306: UserWarning: Plan failed with a cudnnException: CUDNN_BACKEND_EXECUTION_PLAN_DESCRIPTOR: cudnnFinalize Descriptor Failed cudnn_status: CUDNN_STATUS_NOT_SUPPORTED (Triggered internally at ../aten/src/ATen/native/cudnn/Conv_v8.cpp:919.)
  return F.conv1d(input, weight, bias, self.stride,
step 200/40000 | loss 50.8030 | lr 1.00e-04 | 562 win/s
step 400/40000 | loss 3.6495 | lr 2.00e-04 | 597 win/s
step 600/40000 | loss 3.3959 | lr 3.00e-04 | 610 win/s
step 800/40000 | loss 3.2811 | lr 4.00e-04 | 614 win/s
step 1000/40000 | loss 3.2043 | lr 5.00e-04 | 618 win/s
step 1200/40000 | loss 3.1571 | lr 6.00e-04 | 620 win/s
step 1400/40000 | loss 3.1016 | lr 7.00e-04 | 621 win/s
step 1600/40000 | loss 3.0360 | lr 8.00e-04 | 622 win/s
step 1800/40000 | loss 2.9623 | lr 9.00e-04 | 623 win/s
step 2000/40000 | loss 2.8845 | lr 1.00e-03 | 623 win/s
[val] step 2000: 8-test-user CER 100.00 | fold-heldout-user CER 100.00  (their Tiny reference: 35.9)
[val] new best 100.00 -> best.pt
step 2200/40000 | loss 2.7923 | lr 1.00e-03 | 623 win/s
step 2400/40000 | loss 2.7022 | lr 1.00e-03 | 624 win/s
step 2600/40000 | loss 2.6118 | lr 9.99e-04 | 625 win/s
step 2800/40000 | loss 2.5361 | lr 9.99e-04 | 626 win/s
step 3000/40000 | loss 2.4417 | lr 9.98e-04 | 626 win/s
step 3200/40000 | loss 2.3872 | lr 9.98e-04 | 626 win/s
step 3400/40000 | loss 2.3519 | lr 9.97e-04 | 626 win/s
step 3600/40000 | loss 2.3252 | lr 9.96e-04 | 627 win/s
step 3800/40000 | loss 2.3155 | lr 9.94e-04 | 627 win/s
step 4000/40000 | loss 2.3101 | lr 9.93e-04 | 626 win/s
[val] step 4000: 8-test-user CER 84.75 | fold-heldout-user CER 87.68  (their Tiny reference: 35.9)
[val] new best 84.75 -> best.pt
step 4200/40000 | loss 2.3054 | lr 9.92e-04 | 626 win/s
step 4400/40000 | loss 2.3074 | lr 9.90e-04 | 625 win/s
step 4600/40000 | loss 2.2842 | lr 9.88e-04 | 625 win/s
step 4800/40000 | loss 2.2756 | lr 9.87e-04 | 625 win/s
step 5000/40000 | loss 2.2768 | lr 9.85e-04 | 625 win/s
step 5200/40000 | loss 2.2683 | lr 9.83e-04 | 625 win/s
step 5400/40000 | loss 2.2691 | lr 9.80e-04 | 624 win/s
step 5600/40000 | loss 2.2518 | lr 9.78e-04 | 624 win/s
step 5800/40000 | loss 2.2417 | lr 9.76e-04 | 624 win/s
step 6000/40000 | loss 2.2307 | lr 9.73e-04 | 624 win/s
[val] step 6000: 8-test-user CER 83.52 | fold-heldout-user CER 85.93  (their Tiny reference: 35.9)
[val] new best 83.52 -> best.pt
step 6200/40000 | loss 2.2442 | lr 9.70e-04 | 623 win/s
step 6400/40000 | loss 2.2213 | lr 9.67e-04 | 623 win/s
step 6600/40000 | loss 2.2058 | lr 9.64e-04 | 623 win/s
step 6800/40000 | loss 2.2107 | lr 9.61e-04 | 623 win/s
step 7000/40000 | loss 2.2146 | lr 9.58e-04 | 623 win/s
step 7200/40000 | loss 2.2147 | lr 9.55e-04 | 623 win/s
step 7400/40000 | loss 2.2005 | lr 9.51e-04 | 624 win/s
step 7600/40000 | loss 2.1822 | lr 9.47e-04 | 624 win/s
step 7800/40000 | loss 2.1717 | lr 9.44e-04 | 624 win/s
step 8000/40000 | loss 2.1750 | lr 9.40e-04 | 624 win/s
[val] step 8000: 8-test-user CER 84.90 | fold-heldout-user CER 87.25  (their Tiny reference: 35.9)
step 8200/40000 | loss 2.1545 | lr 9.36e-04 | 623 win/s
step 8400/40000 | loss 2.1771 | lr 9.32e-04 | 623 win/s
step 8600/40000 | loss 2.1476 | lr 9.27e-04 | 623 win/s
step 8800/40000 | loss 2.1604 | lr 9.23e-04 | 623 win/s
step 9000/40000 | loss 2.1716 | lr 9.19e-04 | 623 win/s
step 9200/40000 | loss 2.1472 | lr 9.14e-04 | 623 win/s
step 9400/40000 | loss 2.1386 | lr 9.09e-04 | 623 win/s
step 9600/40000 | loss 2.1349 | lr 9.05e-04 | 623 win/s
step 9800/40000 | loss 2.1463 | lr 9.00e-04 | 623 win/s
step 10000/40000 | loss 2.1344 | lr 8.95e-04 | 623 win/s
[val] step 10000: 8-test-user CER 87.26 | fold-heldout-user CER 88.44  (their Tiny reference: 35.9)
step 10200/40000 | loss 2.1317 | lr 8.89e-04 | 623 win/s
step 10400/40000 | loss 2.1249 | lr 8.84e-04 | 623 win/s
step 10600/40000 | loss 2.1240 | lr 8.79e-04 | 624 win/s
step 10800/40000 | loss 2.1320 | lr 8.73e-04 | 624 win/s
step 11000/40000 | loss 2.1292 | lr 8.68e-04 | 624 win/s
step 11200/40000 | loss 2.1194 | lr 8.62e-04 | 624 win/s
step 11400/40000 | loss 2.1104 | lr 8.56e-04 | 625 win/s
step 11600/40000 | loss 2.0999 | lr 8.51e-04 | 625 win/s
step 11800/40000 | loss 2.1043 | lr 8.45e-04 | 625 win/s
step 12000/40000 | loss 2.0986 | lr 8.39e-04 | 625 win/s
[val] step 12000: 8-test-user CER 83.57 | fold-heldout-user CER 85.62  (their Tiny reference: 35.9)
step 12200/40000 | loss 2.0776 | lr 8.33e-04 | 624 win/s
step 12400/40000 | loss 2.0788 | lr 8.26e-04 | 624 win/s
step 12600/40000 | loss 2.0736 | lr 8.20e-04 | 624 win/s
step 12800/40000 | loss 2.0699 | lr 8.14e-04 | 624 win/s
step 13000/40000 | loss 2.0792 | lr 8.07e-04 | 624 win/s
step 13200/40000 | loss 2.0490 | lr 8.01e-04 | 623 win/s
step 13400/40000 | loss 2.0877 | lr 7.94e-04 | 624 win/s
step 13600/40000 | loss 2.0767 | lr 7.87e-04 | 624 win/s
step 13800/40000 | loss 2.0833 | lr 7.80e-04 | 623 win/s
step 14000/40000 | loss 2.0744 | lr 7.73e-04 | 623 win/s
[val] step 14000: 8-test-user CER 82.46 | fold-heldout-user CER 84.73  (their Tiny reference: 35.9)
[val] new best 82.46 -> best.pt
step 14200/40000 | loss 2.0607 | lr 7.67e-04 | 623 win/s
step 14400/40000 | loss 2.0389 | lr 7.59e-04 | 623 win/s
step 14600/40000 | loss 2.0507 | lr 7.52e-04 | 624 win/s
step 14800/40000 | loss 2.0103 | lr 7.45e-04 | 624 win/s
step 15000/40000 | loss 2.0102 | lr 7.38e-04 | 624 win/s
step 15200/40000 | loss 2.0283 | lr 7.31e-04 | 624 win/s
step 15400/40000 | loss 2.0544 | lr 7.23e-04 | 624 win/s
step 15600/40000 | loss 2.0851 | lr 7.16e-04 | 624 win/s
step 15800/40000 | loss 2.0288 | lr 7.08e-04 | 624 win/s
step 16000/40000 | loss 2.0242 | lr 7.01e-04 | 624 win/s
[val] step 16000: 8-test-user CER 85.37 | fold-heldout-user CER 87.04  (their Tiny reference: 35.9)
step 16200/40000 | loss 2.0133 | lr 6.93e-04 | 624 win/s
step 16400/40000 | loss 1.9963 | lr 6.86e-04 | 624 win/s
step 16600/40000 | loss 2.0055 | lr 6.78e-04 | 624 win/s
step 16800/40000 | loss 1.9899 | lr 6.70e-04 | 624 win/s
step 17000/40000 | loss 1.9728 | lr 6.62e-04 | 624 win/s
step 17200/40000 | loss 1.9772 | lr 6.55e-04 | 623 win/s
step 17400/40000 | loss 1.9724 | lr 6.47e-04 | 623 win/s
step 17600/40000 | loss 1.9553 | lr 6.39e-04 | 622 win/s
step 17800/40000 | loss 1.9443 | lr 6.31e-04 | 621 win/s
step 18000/40000 | loss 1.9509 | lr 6.23e-04 | 621 win/s
[val] step 18000: 8-test-user CER 82.87 | fold-heldout-user CER 85.63  (their Tiny reference: 35.9)
step 18200/40000 | loss 1.9498 | lr 6.15e-04 | 621 win/s
step 18400/40000 | loss 1.9634 | lr 6.07e-04 | 621 win/s
step 18600/40000 | loss 1.9658 | lr 5.99e-04 | 621 win/s
step 18800/40000 | loss 1.9436 | lr 5.90e-04 | 621 win/s
step 19000/40000 | loss 1.9224 | lr 5.82e-04 | 622 win/s
step 19200/40000 | loss 1.9155 | lr 5.74e-04 | 622 win/s
step 19400/40000 | loss 1.9025 | lr 5.66e-04 | 622 win/s
step 19600/40000 | loss 1.9141 | lr 5.58e-04 | 622 win/s
step 19800/40000 | loss 1.9047 | lr 5.50e-04 | 622 win/s
step 20000/40000 | loss 1.8902 | lr 5.41e-04 | 622 win/s
[val] step 20000: 8-test-user CER 84.45 | fold-heldout-user CER 86.80  (their Tiny reference: 35.9)
step 20200/40000 | loss 1.8839 | lr 5.33e-04 | 622 win/s
step 20400/40000 | loss 1.9107 | lr 5.25e-04 | 622 win/s
step 20600/40000 | loss 1.8924 | lr 5.17e-04 | 622 win/s
step 20800/40000 | loss 1.8818 | lr 5.08e-04 | 622 win/s
step 21000/40000 | loss 1.8629 | lr 5.00e-04 | 622 win/s
step 21200/40000 | loss 1.8812 | lr 4.92e-04 | 622 win/s
step 21400/40000 | loss 1.8677 | lr 4.83e-04 | 621 win/s
step 21600/40000 | loss 1.8534 | lr 4.75e-04 | 621 win/s
step 21800/40000 | loss 1.8368 | lr 4.67e-04 | 621 win/s
step 22000/40000 | loss 1.8470 | lr 4.59e-04 | 621 win/s
[val] step 22000: 8-test-user CER 85.91 | fold-heldout-user CER 87.84  (their Tiny reference: 35.9)
step 22200/40000 | loss 1.8541 | lr 4.50e-04 | 621 win/s
step 22400/40000 | loss 1.8624 | lr 4.42e-04 | 621 win/s
step 22600/40000 | loss 1.8403 | lr 4.34e-04 | 621 win/s
step 22800/40000 | loss 1.8248 | lr 4.26e-04 | 621 win/s
step 23000/40000 | loss 1.8298 | lr 4.18e-04 | 621 win/s
step 23200/40000 | loss 1.8214 | lr 4.10e-04 | 621 win/s
step 23400/40000 | loss 1.8241 | lr 4.01e-04 | 621 win/s
step 23600/40000 | loss 1.8198 | lr 3.93e-04 | 621 win/s
step 23800/40000 | loss 1.8091 | lr 3.85e-04 | 621 win/s
step 24000/40000 | loss 1.7930 | lr 3.77e-04 | 621 win/s
[val] step 24000: 8-test-user CER 86.14 | fold-heldout-user CER 88.00  (their Tiny reference: 35.9)
step 24200/40000 | loss 1.7833 | lr 3.69e-04 | 621 win/s
step 24400/40000 | loss 1.7992 | lr 3.61e-04 | 621 win/s
step 24600/40000 | loss 1.7945 | lr 3.53e-04 | 621 win/s
step 24800/40000 | loss 1.7900 | lr 3.45e-04 | 621 win/s
step 25000/40000 | loss 1.7774 | lr 3.38e-04 | 621 win/s
step 25200/40000 | loss 1.7691 | lr 3.30e-04 | 621 win/s
step 25400/40000 | loss 1.7662 | lr 3.22e-04 | 621 win/s
step 25600/40000 | loss 1.7636 | lr 3.14e-04 | 621 win/s
step 25800/40000 | loss 1.7566 | lr 3.07e-04 | 621 win/s
step 26000/40000 | loss 1.7450 | lr 2.99e-04 | 621 win/s
[val] step 26000: 8-test-user CER 85.30 | fold-heldout-user CER 87.37  (their Tiny reference: 35.9)
step 26200/40000 | loss 1.7329 | lr 2.92e-04 | 621 win/s
step 26400/40000 | loss 1.7224 | lr 2.84e-04 | 621 win/s
step 26600/40000 | loss 1.7284 | lr 2.77e-04 | 620 win/s
step 26800/40000 | loss 1.7112 | lr 2.69e-04 | 620 win/s
step 27000/40000 | loss 1.7045 | lr 2.62e-04 | 620 win/s
step 27200/40000 | loss 1.7105 | lr 2.55e-04 | 620 win/s
step 27400/40000 | loss 1.6999 | lr 2.48e-04 | 620 win/s
step 27600/40000 | loss 1.6950 | lr 2.41e-04 | 620 win/s
step 27800/40000 | loss 1.6861 | lr 2.33e-04 | 620 win/s
step 28000/40000 | loss 1.6802 | lr 2.27e-04 | 620 win/s
[val] step 28000: 8-test-user CER 84.98 | fold-heldout-user CER 87.32  (their Tiny reference: 35.9)
step 28200/40000 | loss 1.6761 | lr 2.20e-04 | 620 win/s
step 28400/40000 | loss 1.6723 | lr 2.13e-04 | 620 win/s
step 28600/40000 | loss 1.6706 | lr 2.06e-04 | 620 win/s
step 28800/40000 | loss 1.6610 | lr 1.99e-04 | 620 win/s
step 29000/40000 | loss 1.6610 | lr 1.93e-04 | 620 win/s
step 29200/40000 | loss 1.6365 | lr 1.86e-04 | 620 win/s
step 29400/40000 | loss 1.6378 | lr 1.80e-04 | 620 win/s
step 29600/40000 | loss 1.6345 | lr 1.74e-04 | 620 win/s
step 29800/40000 | loss 1.6355 | lr 1.67e-04 | 620 win/s
step 30000/40000 | loss 1.6301 | lr 1.61e-04 | 620 win/s
[val] step 30000: 8-test-user CER 86.79 | fold-heldout-user CER 88.51  (their Tiny reference: 35.9)
step 30200/40000 | loss 1.6278 | lr 1.55e-04 | 619 win/s
step 30400/40000 | loss 1.6213 | lr 1.49e-04 | 619 win/s
step 30600/40000 | loss 1.6175 | lr 1.44e-04 | 619 win/s
step 30800/40000 | loss 1.6137 | lr 1.38e-04 | 619 win/s
step 31000/40000 | loss 1.6170 | lr 1.32e-04 | 619 win/s
