96 training users -> 4 folds
  fold 0:  24 users,  213 sessions | e.g. ['11372316', '14312238', '2396581']
  fold 1:  24 users,  206 sessions | e.g. ['11944098', '1438774', '25847138']
  fold 2:  24 users,  213 sessions | e.g. ['12565339', '18200807', '25915650']
  fold 3:  24 users,  205 sessions | e.g. ['13321435', '20676876', '26940776']
[split] fold 0: train on 72 users (624 sessions); HELD OUT 24 users (213 sessions)
[split] official test users: 16 sessions (never trained on in either mode)
[data] 172708 training windows of 4.0s
[data] monitor sets: 160 test windows, 160 fold-heldout windows
/data2/chenyuxiang/conda_envs/qwerty/lib/python3.10/site-packages/torch/nn/modules/transformer.py:306: UserWarning: enable_nested_tensor is True, but self.use_nested_tensor is False because encoder_layer.norm_first was True
  warnings.warn(f"enable_nested_tensor is True, but self.use_nested_tensor is False because {why_not_sparsity_fast_path}")
[model] featurizer [11, 3, 3]/[5, 2, 2] -> 100 Hz frames (400 per window)
[model] tiny: 2.12M total  (featurizer 0.08M  encoder 1.98M  decoder 0.01M)
/data2/chenyuxiang/conda_envs/qwerty/lib/python3.10/site-packages/torch/nn/modules/conv.py:306: UserWarning: Plan failed with a cudnnException: CUDNN_BACKEND_EXECUTION_PLAN_DESCRIPTOR: cudnnFinalize Descriptor Failed cudnn_status: CUDNN_STATUS_NOT_SUPPORTED (Triggered internally at ../aten/src/ATen/native/cudnn/Conv_v8.cpp:919.)
  return F.conv1d(input, weight, bias, self.stride,
step 200/40000 | loss 104.1468 | lr 3.00e-05 | 639 win/s
step 400/40000 | loss 5.1708 | lr 6.00e-05 | 671 win/s
step 600/40000 | loss 3.6421 | lr 9.00e-05 | 685 win/s
step 800/40000 | loss 3.4897 | lr 1.20e-04 | 683 win/s
step 1000/40000 | loss 3.3800 | lr 1.50e-04 | 672 win/s
step 1200/40000 | loss 3.3008 | lr 1.80e-04 | 653 win/s
step 1400/40000 | loss 3.2304 | lr 2.10e-04 | 640 win/s
step 1600/40000 | loss 3.1930 | lr 2.40e-04 | 623 win/s
step 1800/40000 | loss 3.1578 | lr 2.70e-04 | 614 win/s
step 2000/40000 | loss 3.1303 | lr 3.00e-04 | 604 win/s
[val] step 2000: 8-test-user CER 100.00 | fold-heldout-user CER 100.00  (their Tiny reference: 35.9)
[val] new best 100.00 -> best.pt
step 2200/40000 | loss 3.0763 | lr 3.00e-04 | 593 win/s
step 2400/40000 | loss 3.0404 | lr 3.00e-04 | 587 win/s
step 2600/40000 | loss 3.0051 | lr 3.00e-04 | 577 win/s
