[split] REFERENCE run: all 96 training users
[split] official test users: 16 sessions (never trained on in either mode)
[data] 183349 training windows of 5.0s
[data] monitor sets: 160 test windows, 0 fold-heldout windows
/data2/chenyuxiang/conda_envs/qwerty/lib/python3.10/site-packages/torch/nn/modules/transformer.py:306: UserWarning: enable_nested_tensor is True, but self.use_nested_tensor is False because encoder_layer.norm_first was True
  warnings.warn(f"enable_nested_tensor is True, but self.use_nested_tensor is False because {why_not_sparsity_fast_path}")
[model] tiny: 2.12M total  (featurizer 0.08M  encoder 1.98M  decoder 0.01M)
/data2/chenyuxiang/conda_envs/qwerty/lib/python3.10/site-packages/torch/nn/modules/conv.py:306: UserWarning: Plan failed with a cudnnException: CUDNN_BACKEND_EXECUTION_PLAN_DESCRIPTOR: cudnnFinalize Descriptor Failed cudnn_status: CUDNN_STATUS_NOT_SUPPORTED (Triggered internally at ../aten/src/ATen/native/cudnn/Conv_v8.cpp:919.)
  return F.conv1d(input, weight, bias, self.stride,
step 200/40000 | loss 15.9860 | lr 3.00e-05 | 619 win/s
step 400/40000 | loss 4.1166 | lr 6.00e-05 | 685 win/s
step 600/40000 | loss 3.6306 | lr 9.00e-05 | 714 win/s
step 800/40000 | loss 3.5240 | lr 1.20e-04 | 729 win/s
step 1000/40000 | loss 3.4617 | lr 1.50e-04 | 740 win/s
step 1200/40000 | loss 3.4053 | lr 1.80e-04 | 747 win/s
step 1400/40000 | loss 3.3407 | lr 2.10e-04 | 751 win/s
step 1600/40000 | loss 3.2931 | lr 2.40e-04 | 757 win/s
step 1800/40000 | loss 3.2358 | lr 2.70e-04 | 763 win/s
step 2000/40000 | loss 3.2045 | lr 3.00e-04 | 745 win/s
[val] step 2000: 8-test-user CER 100.00 | fold-heldout-user CER nan  (their Tiny reference: 35.9)
[val] new best 100.00 -> best.pt
step 2200/40000 | loss 3.1655 | lr 3.00e-04 | 702 win/s
step 2400/40000 | loss 3.1317 | lr 3.00e-04 | 664 win/s
step 2600/40000 | loss 3.1030 | lr 3.00e-04 | 643 win/s
step 2800/40000 | loss 3.0774 | lr 3.00e-04 | 627 win/s
step 3000/40000 | loss 3.0469 | lr 2.99e-04 | 613 win/s
step 3200/40000 | loss 3.0115 | lr 2.99e-04 | 603 win/s
step 3400/40000 | loss 2.9829 | lr 2.99e-04 | 593 win/s
step 3600/40000 | loss 2.9581 | lr 2.99e-04 | 586 win/s
step 3800/40000 | loss 2.9303 | lr 2.98e-04 | 580 win/s
step 4000/40000 | loss 2.9071 | lr 2.98e-04 | 578 win/s
[val] step 4000: 8-test-user CER 94.53 | fold-heldout-user CER nan  (their Tiny reference: 35.9)
[val] new best 94.53 -> best.pt
step 4200/40000 | loss 2.8733 | lr 2.98e-04 | 573 win/s
step 4400/40000 | loss 2.8545 | lr 2.97e-04 | 568 win/s
step 4600/40000 | loss 2.8270 | lr 2.97e-04 | 562 win/s
step 4800/40000 | loss 2.7896 | lr 2.96e-04 | 555 win/s
step 5000/40000 | loss 2.7656 | lr 2.95e-04 | 547 win/s
