[model] v1 | 5.94M params total (published backbone 5.29M + ICL module 0.65M) | device=cuda | phase=icl
[data] train sessions=837 val sessions=192
[data] episodic users=86 train + 10 meta-val (held out from module training)
[optim] backbone 5.29M @ lr 3.0e-05 | context 0.65M @ lr 1.0e-03 | 2 params exempt from weight decay
[pretrained] loaded 51 backbone tensors from /data2/chenyuxiang/code/emg2qwerty/models/generic.ckpt; 31 context tensors keep their initialization
[watchdog] armed
step 100/12000 | loss 1.5150 | lr 3.79e-06 | 2.43 it/s
step 200/12000 | loss 1.4696 | lr 7.54e-06 | 2.81 it/s
step 300/12000 | loss 1.4570 | lr 1.13e-05 | 2.67 it/s
step 400/12000 | loss 1.3018 | lr 1.50e-05 | 3.44 it/s
step 500/12000 | loss 1.4907 | lr 1.88e-05 | 2.25 it/s
step 600/12000 | loss 1.2829 | lr 2.25e-05 | 2.15 it/s
step 700/12000 | loss 1.3163 | lr 2.63e-05 | 2.35 it/s
step 800/12000 | loss 1.1969 | lr 3.00e-05 | 2.56 it/s
step 900/12000 | loss 1.3141 | lr 3.00e-05 | 1.95 it/s
step 1000/12000 | loss 1.1116 | lr 3.00e-05 | 2.76 it/s
[val] step 1000: mode-C CER 30.50 | mode-B CER 29.53 | mode-A CER 29.53 | gain C -0.97 / B +0.00 | loss 1.3749
[val] new best CER 30.50 -> saved best.pt
step 1100/12000 | loss 1.0599 | lr 2.99e-05 | 2.41 it/s
step 1200/12000 | loss 1.1924 | lr 2.99e-05 | 2.36 it/s
step 1300/12000 | loss 1.3019 | lr 2.99e-05 | 2.36 it/s
step 1400/12000 | loss 1.3243 | lr 2.98e-05 | 2.21 it/s
step 1500/12000 | loss 1.2068 | lr 2.97e-05 | 3.22 it/s
step 1600/12000 | loss 1.2018 | lr 2.96e-05 | 2.46 it/s
step 1700/12000 | loss 1.1483 | lr 2.95e-05 | 2.82 it/s
step 1800/12000 | loss 1.2237 | lr 2.94e-05 | 2.29 it/s
step 1900/12000 | loss 0.9938 | lr 2.93e-05 | 2.31 it/s
step 2000/12000 | loss 1.1422 | lr 2.92e-05 | 2.65 it/s
[val] step 2000: mode-C CER 32.81 | mode-B CER 31.44 | mode-A CER 31.44 | gain C -1.37 / B +0.00 | loss 1.3576
step 2100/12000 | loss 1.0900 | lr 2.91e-05 | 2.34 it/s
step 2200/12000 | loss 1.1184 | lr 2.89e-05 | 2.82 it/s
step 2300/12000 | loss 1.0284 | lr 2.88e-05 | 2.69 it/s
step 2400/12000 | loss 1.0589 | lr 2.86e-05 | 2.26 it/s
step 2500/12000 | loss 1.2357 | lr 2.84e-05 | 2.26 it/s
step 2600/12000 | loss 1.1941 | lr 2.82e-05 | 2.88 it/s
step 2700/12000 | loss 0.8877 | lr 2.80e-05 | 2.66 it/s
step 2800/12000 | loss 0.9455 | lr 2.78e-05 | 2.37 it/s
step 2900/12000 | loss 1.1111 | lr 2.76e-05 | 2.29 it/s
step 3000/12000 | loss 1.1600 | lr 2.74e-05 | 2.66 it/s
[val] step 3000: mode-C CER 33.20 | mode-B CER 31.60 | mode-A CER 31.60 | gain C -1.60 / B +0.00 | loss 1.3673
step 3100/12000 | loss 0.8748 | lr 2.71e-05 | 2.28 it/s
step 3200/12000 | loss 1.0314 | lr 2.69e-05 | 2.30 it/s
step 3300/12000 | loss 1.0097 | lr 2.66e-05 | 3.01 it/s
step 3400/12000 | loss 1.0374 | lr 2.64e-05 | 2.52 it/s
step 3500/12000 | loss 1.1197 | lr 2.61e-05 | 2.45 it/s
step 3600/12000 | loss 0.9990 | lr 2.58e-05 | 2.94 it/s
step 3700/12000 | loss 1.0182 | lr 2.55e-05 | 2.66 it/s
step 3800/12000 | loss 0.9906 | lr 2.52e-05 | 3.74 it/s
step 3900/12000 | loss 0.9082 | lr 2.49e-05 | 3.17 it/s
step 4000/12000 | loss 0.9571 | lr 2.46e-05 | 3.08 it/s
[val] step 4000: mode-C CER 32.13 | mode-B CER 31.54 | mode-A CER 31.54 | gain C -0.59 / B +0.00 | loss 1.4702
step 4100/12000 | loss 0.9392 | lr 2.43e-05 | 1.97 it/s
step 4200/12000 | loss 1.0445 | lr 2.40e-05 | 3.17 it/s
step 4300/12000 | loss 0.8615 | lr 2.37e-05 | 2.46 it/s
step 4400/12000 | loss 0.9433 | lr 2.33e-05 | 2.32 it/s
step 4500/12000 | loss 0.9224 | lr 2.30e-05 | 2.59 it/s
step 4600/12000 | loss 0.8775 | lr 2.26e-05 | 3.69 it/s
step 4700/12000 | loss 0.9649 | lr 2.23e-05 | 2.67 it/s
step 4800/12000 | loss 0.9351 | lr 2.19e-05 | 2.53 it/s
step 4900/12000 | loss 1.0281 | lr 2.16e-05 | 2.99 it/s
step 5000/12000 | loss 1.0062 | lr 2.12e-05 | 2.63 it/s
[val] step 5000: mode-C CER 33.53 | mode-B CER 32.85 | mode-A CER 32.85 | gain C -0.69 / B +0.00 | loss 1.4454
step 5100/12000 | loss 1.0320 | lr 2.08e-05 | 2.02 it/s
step 5200/12000 | loss 1.0183 | lr 2.05e-05 | 2.34 it/s
step 5300/12000 | loss 1.0151 | lr 2.01e-05 | 2.27 it/s
step 5400/12000 | loss 0.8576 | lr 1.97e-05 | 2.58 it/s
step 5500/12000 | loss 0.9906 | lr 1.93e-05 | 2.63 it/s
step 5600/12000 | loss 0.8836 | lr 1.89e-05 | 3.21 it/s
step 5700/12000 | loss 0.9395 | lr 1.85e-05 | 2.57 it/s
step 5800/12000 | loss 0.9643 | lr 1.81e-05 | 2.57 it/s
step 5900/12000 | loss 0.7714 | lr 1.77e-05 | 3.14 it/s
step 6000/12000 | loss 0.9906 | lr 1.73e-05 | 2.94 it/s
[val] step 6000: mode-C CER 32.07 | mode-B CER 30.50 | mode-A CER 30.50 | gain C -1.56 / B +0.00 | loss 1.3934
step 6100/12000 | loss 0.9721 | lr 1.69e-05 | 2.22 it/s
step 6200/12000 | loss 0.9426 | lr 1.65e-05 | 2.77 it/s
step 6300/12000 | loss 0.8743 | lr 1.61e-05 | 2.41 it/s
step 6400/12000 | loss 1.0258 | lr 1.57e-05 | 2.40 it/s
step 6500/12000 | loss 0.9416 | lr 1.54e-05 | 3.03 it/s
step 6600/12000 | loss 0.9720 | lr 1.50e-05 | 2.75 it/s
step 6700/12000 | loss 0.9048 | lr 1.46e-05 | 2.76 it/s
step 6800/12000 | loss 0.8598 | lr 1.42e-05 | 2.28 it/s
step 6900/12000 | loss 0.8396 | lr 1.38e-05 | 2.78 it/s
step 7000/12000 | loss 0.9489 | lr 1.34e-05 | 2.72 it/s
[val] step 7000: mode-C CER 36.63 | mode-B CER 34.97 | mode-A CER 34.97 | gain C -1.67 / B +0.00 | loss 1.5572
step 7100/12000 | loss 0.9677 | lr 1.30e-05 | 1.95 it/s
step 7200/12000 | loss 0.9070 | lr 1.26e-05 | 3.02 it/s
step 7300/12000 | loss 0.9643 | lr 1.22e-05 | 2.82 it/s
step 7400/12000 | loss 0.9660 | lr 1.18e-05 | 2.64 it/s
step 7500/12000 | loss 0.8189 | lr 1.14e-05 | 2.78 it/s
step 7600/12000 | loss 0.9363 | lr 1.10e-05 | 2.74 it/s
step 7700/12000 | loss 0.9067 | lr 1.07e-05 | 2.55 it/s
step 7800/12000 | loss 0.8892 | lr 1.03e-05 | 2.78 it/s
step 7900/12000 | loss 0.9712 | lr 9.93e-06 | 2.44 it/s
step 8000/12000 | loss 0.8661 | lr 9.57e-06 | 3.06 it/s
[val] step 8000: mode-C CER 34.44 | mode-B CER 31.99 | mode-A CER 31.99 | gain C -2.44 / B +0.00 | loss 1.5017
step 8100/12000 | loss 0.8991 | lr 9.21e-06 | 2.08 it/s
step 8200/12000 | loss 0.9606 | lr 8.86e-06 | 2.60 it/s
step 8300/12000 | loss 0.7855 | lr 8.51e-06 | 3.20 it/s
step 8400/12000 | loss 0.8420 | lr 8.17e-06 | 2.99 it/s
step 8500/12000 | loss 0.8792 | lr 7.83e-06 | 3.03 it/s
step 8600/12000 | loss 0.8196 | lr 7.50e-06 | 2.95 it/s
step 8700/12000 | loss 0.8166 | lr 7.18e-06 | 3.26 it/s
step 8800/12000 | loss 0.9157 | lr 6.87e-06 | 2.42 it/s
step 8900/12000 | loss 0.9670 | lr 6.56e-06 | 2.12 it/s
step 9000/12000 | loss 0.8908 | lr 6.25e-06 | 2.08 it/s
[val] step 9000: mode-C CER 35.38 | mode-B CER 33.70 | mode-A CER 33.70 | gain C -1.68 / B +0.00 | loss 1.4947
step 9100/12000 | loss 0.8563 | lr 5.96e-06 | 2.66 it/s
step 9200/12000 | loss 0.9154 | lr 5.67e-06 | 1.42 it/s
step 9300/12000 | loss 0.8208 | lr 5.40e-06 | 1.52 it/s
step 9400/12000 | loss 0.8707 | lr 5.12e-06 | 1.48 it/s
step 9500/12000 | loss 0.7565 | lr 4.86e-06 | 2.26 it/s
step 9600/12000 | loss 0.9989 | lr 4.61e-06 | 2.08 it/s
step 9700/12000 | loss 0.8287 | lr 4.36e-06 | 2.94 it/s
step 9800/12000 | loss 0.8024 | lr 4.13e-06 | 2.79 it/s
step 9900/12000 | loss 0.8826 | lr 3.90e-06 | 3.37 it/s
step 10000/12000 | loss 0.9480 | lr 3.68e-06 | 2.79 it/s
[val] step 10000: mode-C CER 33.73 | mode-B CER 31.82 | mode-A CER 31.82 | gain C -1.91 / B +0.00 | loss 1.4693
step 10100/12000 | loss 0.9386 | lr 3.48e-06 | 2.14 it/s
step 10200/12000 | loss 0.9384 | lr 3.28e-06 | 3.28 it/s
step 10300/12000 | loss 0.9083 | lr 3.09e-06 | 2.60 it/s
step 10400/12000 | loss 0.8921 | lr 2.91e-06 | 2.58 it/s
step 10500/12000 | loss 0.8510 | lr 2.74e-06 | 2.77 it/s
step 10600/12000 | loss 0.7796 | lr 2.58e-06 | 2.80 it/s
step 10700/12000 | loss 1.0353 | lr 2.44e-06 | 2.90 it/s
step 10800/12000 | loss 0.8474 | lr 2.30e-06 | 3.38 it/s
step 10900/12000 | loss 0.8653 | lr 2.17e-06 | 3.08 it/s
step 11000/12000 | loss 0.8874 | lr 2.06e-06 | 2.82 it/s
[val] step 11000: mode-C CER 35.43 | mode-B CER 33.23 | mode-A CER 33.23 | gain C -2.20 / B +0.00 | loss 1.4557
step 11100/12000 | loss 0.8655 | lr 1.95e-06 | 2.23 it/s
step 11200/12000 | loss 0.9035 | lr 1.86e-06 | 3.17 it/s
step 11300/12000 | loss 0.9123 | lr 1.77e-06 | 2.66 it/s
step 11400/12000 | loss 0.8933 | lr 1.70e-06 | 2.78 it/s
step 11500/12000 | loss 0.9338 | lr 1.64e-06 | 2.84 it/s
step 11600/12000 | loss 1.0009 | lr 1.59e-06 | 2.45 it/s
step 11700/12000 | loss 0.8615 | lr 1.55e-06 | 2.99 it/s
step 11800/12000 | loss 0.9282 | lr 1.52e-06 | 2.44 it/s
step 11900/12000 | loss 0.9326 | lr 1.51e-06 | 3.41 it/s
step 12000/12000 | loss 0.9137 | lr 1.50e-06 | 2.45 it/s
[val] step 12000: mode-C CER 37.66 | mode-B CER 35.96 | mode-A CER 35.96 | gain C -1.69 / B +0.00 | loss 1.6246
[done] {'best_val_cer': 30.502512562814072, 'steps': 12000, 'phase': 'icl'}
