[model] v1 | 6.01M params total (published backbone 5.29M + ICL module 0.71M) | device=cuda | phase=icl
[data] train sessions=837 val sessions=192
[data] episodic users=86 train + 10 meta-val (held out from module training)
[episodes] frozen backbone -> mode-A episodes carry no gradient and are skipped; mode_probs renormalized to [0.0, 0.176, 0.824]
[optim] backbone 5.29M @ lr 3.0e-05 | context 0.71M @ lr 1.0e-03 | 2 params exempt from weight decay
[pretrained] loaded 51 backbone tensors from /data2/chenyuxiang/code/emg2qwerty/models/generic.ckpt; 35 context tensors keep their initialization
[freeze] backbone 5.29M frozen | context modules 0.71M trainable (11.9% of total)
[watchdog] armed
step 100/12000 | loss 1.7924 | lr 3.07e-06 | 2.13 it/s
step 200/12000 | loss 1.6190 | lr 6.30e-06 | 2.71 it/s
step 300/12000 | loss 1.3745 | lr 9.45e-06 | 2.43 it/s
step 400/12000 | loss 1.1368 | lr 1.28e-05 | 2.13 it/s
step 500/12000 | loss 1.2146 | lr 1.57e-05 | 2.75 it/s
step 600/12000 | loss 1.2217 | lr 1.89e-05 | 2.39 it/s
step 1000/12000 | loss 1.1302 | lr 3.00e-05 | 0.67 it/s
[val] step 1000: mode-C CER 25.15 | mode-B CER 29.55 | mode-A CER 29.55 | gain C +4.40 / B +0.00 | loss 0.9079
[val] new best CER 25.15 -> saved best.pt
step 1100/12000 | loss 1.1313 | lr 3.00e-05 | 2.08 it/s
step 1300/12000 | loss 1.2426 | lr 3.00e-05 | 1.32 it/s
step 1400/12000 | loss 1.1867 | lr 2.99e-05 | 2.53 it/s
step 1500/12000 | loss 1.0373 | lr 2.99e-05 | 3.39 it/s
step 1600/12000 | loss 1.2060 | lr 2.99e-05 | 2.48 it/s
step 1700/12000 | loss 1.2098 | lr 2.98e-05 | 2.15 it/s
step 1800/12000 | loss 1.1460 | lr 2.98e-05 | 2.67 it/s
step 1900/12000 | loss 1.1478 | lr 2.97e-05 | 2.26 it/s
step 2000/12000 | loss 0.9502 | lr 2.96e-05 | 3.08 it/s
[val] step 2000: mode-C CER 26.04 | mode-B CER 28.43 | mode-A CER 28.43 | gain C +2.39 / B +0.00 | loss 0.9527
step 2200/12000 | loss 0.9636 | lr 2.95e-05 | 1.13 it/s
step 2300/12000 | loss 1.1982 | lr 2.94e-05 | 2.99 it/s
step 2400/12000 | loss 1.0952 | lr 2.93e-05 | 3.04 it/s
step 2500/12000 | loss 1.0357 | lr 2.92e-05 | 2.33 it/s
step 2600/12000 | loss 1.1802 | lr 2.91e-05 | 2.28 it/s
step 2900/12000 | loss 0.9687 | lr 2.87e-05 | 0.87 it/s
step 3000/12000 | loss 0.8788 | lr 2.85e-05 | 3.43 it/s
[val] step 3000: mode-C CER 24.62 | mode-B CER 29.05 | mode-A CER 29.05 | gain C +4.43 / B +0.00 | loss 0.8933
[val] new best CER 24.62 -> saved best.pt
step 3100/12000 | loss 1.0839 | lr 2.84e-05 | 1.83 it/s
step 3300/12000 | loss 1.0977 | lr 2.81e-05 | 1.30 it/s
step 3400/12000 | loss 1.0106 | lr 2.79e-05 | 2.25 it/s
step 3500/12000 | loss 1.0919 | lr 2.77e-05 | 2.99 it/s
step 3600/12000 | loss 0.9295 | lr 2.75e-05 | 2.84 it/s
step 3700/12000 | loss 1.2785 | lr 2.74e-05 | 2.50 it/s
step 3800/12000 | loss 0.8994 | lr 2.72e-05 | 2.54 it/s
step 4000/12000 | loss 1.3069 | lr 2.68e-05 | 1.27 it/s
[val] step 4000: mode-C CER 24.23 | mode-B CER 29.43 | mode-A CER 29.43 | gain C +5.20 / B +0.00 | loss 0.8216
[val] new best CER 24.23 -> saved best.pt
step 4100/12000 | loss 0.8874 | lr 2.66e-05 | 2.42 it/s
step 4200/12000 | loss 1.1638 | lr 2.64e-05 | 2.29 it/s
step 4300/12000 | loss 0.9268 | lr 2.62e-05 | 2.83 it/s
step 4400/12000 | loss 1.1963 | lr 2.60e-05 | 2.20 it/s
step 4500/12000 | loss 0.8273 | lr 2.57e-05 | 3.17 it/s
step 4600/12000 | loss 0.9443 | lr 2.55e-05 | 2.82 it/s
step 4700/12000 | loss 0.9612 | lr 2.53e-05 | 2.62 it/s
step 4800/12000 | loss 1.0506 | lr 2.50e-05 | 2.96 it/s
step 4900/12000 | loss 1.0696 | lr 2.48e-05 | 2.74 it/s
step 5000/12000 | loss 1.0140 | lr 2.45e-05 | 2.92 it/s
[val] step 5000: mode-C CER 23.96 | mode-B CER 29.20 | mode-A CER 29.20 | gain C +5.24 / B +0.00 | loss 0.7840
[val] new best CER 23.96 -> saved best.pt
step 5200/12000 | loss 0.8237 | lr 2.40e-05 | 1.46 it/s
step 5400/12000 | loss 0.9247 | lr 2.34e-05 | 1.40 it/s
step 5600/12000 | loss 0.9640 | lr 2.29e-05 | 1.32 it/s
step 5800/12000 | loss 1.0892 | lr 2.23e-05 | 1.24 it/s
step 5900/12000 | loss 1.0266 | lr 2.20e-05 | 2.29 it/s
step 6000/12000 | loss 0.6838 | lr 2.17e-05 | 3.36 it/s
[val] step 6000: mode-C CER 22.53 | mode-B CER 29.07 | mode-A CER 29.07 | gain C +6.54 / B +0.00 | loss 0.7915
[val] new best CER 22.53 -> saved best.pt
step 6100/12000 | loss 1.0521 | lr 2.14e-05 | 2.11 it/s
step 6200/12000 | loss 0.9153 | lr 2.11e-05 | 2.59 it/s
step 6300/12000 | loss 0.9760 | lr 2.08e-05 | 2.91 it/s
step 6400/12000 | loss 0.8540 | lr 2.05e-05 | 3.03 it/s
step 6600/12000 | loss 0.9683 | lr 2.00e-05 | 1.31 it/s
step 6700/12000 | loss 0.9501 | lr 1.97e-05 | 2.68 it/s
step 6800/12000 | loss 0.8931 | lr 1.93e-05 | 2.56 it/s
step 6900/12000 | loss 0.9074 | lr 1.90e-05 | 2.52 it/s
step 7000/12000 | loss 0.6697 | lr 1.87e-05 | 2.76 it/s
[val] step 7000: mode-C CER 23.87 | mode-B CER 29.58 | mode-A CER 29.58 | gain C +5.71 / B +0.00 | loss 0.8372
step 7100/12000 | loss 0.8518 | lr 1.84e-05 | 2.63 it/s
step 7200/12000 | loss 1.0604 | lr 1.81e-05 | 2.47 it/s
step 7300/12000 | loss 0.7002 | lr 1.78e-05 | 2.45 it/s
step 7500/12000 | loss 1.0227 | lr 1.71e-05 | 1.21 it/s
step 7600/12000 | loss 0.9934 | lr 1.68e-05 | 3.10 it/s
step 7700/12000 | loss 1.0549 | lr 1.65e-05 | 2.62 it/s
step 7800/12000 | loss 1.1088 | lr 1.61e-05 | 2.24 it/s
step 7900/12000 | loss 1.2455 | lr 1.58e-05 | 2.39 it/s
step 8000/12000 | loss 1.0490 | lr 1.54e-05 | 2.48 it/s
[val] step 8000: mode-C CER 22.48 | mode-B CER 29.28 | mode-A CER 29.28 | gain C +6.79 / B +0.00 | loss 0.7533
[val] new best CER 22.48 -> saved best.pt
step 8100/12000 | loss 1.1145 | lr 1.51e-05 | 2.30 it/s
step 8300/12000 | loss 1.0341 | lr 1.45e-05 | 1.39 it/s
step 8400/12000 | loss 1.0187 | lr 1.41e-05 | 2.75 it/s
step 8500/12000 | loss 1.1987 | lr 1.38e-05 | 1.86 it/s
step 8600/12000 | loss 1.0076 | lr 1.35e-05 | 2.94 it/s
step 8700/12000 | loss 0.9075 | lr 1.31e-05 | 2.53 it/s
step 8900/12000 | loss 0.9996 | lr 1.25e-05 | 1.32 it/s
step 9000/12000 | loss 0.9956 | lr 1.22e-05 | 3.01 it/s
[val] step 9000: mode-C CER 23.24 | mode-B CER 29.13 | mode-A CER 29.13 | gain C +5.89 / B +0.00 | loss 0.7760
step 9100/12000 | loss 1.0603 | lr 1.19e-05 | 2.19 it/s
step 9200/12000 | loss 0.7988 | lr 1.15e-05 | 3.00 it/s
step 9300/12000 | loss 0.8752 | lr 1.12e-05 | 2.51 it/s
step 9500/12000 | loss 1.0258 | lr 1.06e-05 | 1.14 it/s
step 9700/12000 | loss 0.8733 | lr 1.00e-05 | 1.14 it/s
step 9800/12000 | loss 1.0111 | lr 9.72e-06 | 2.65 it/s
step 9900/12000 | loss 0.9020 | lr 9.42e-06 | 2.65 it/s
step 10000/12000 | loss 0.9523 | lr 9.13e-06 | 2.58 it/s
[val] step 10000: mode-C CER 20.66 | mode-B CER 28.85 | mode-A CER 28.85 | gain C +8.19 / B +0.00 | loss 0.6736
[val] new best CER 20.66 -> saved best.pt
step 10100/12000 | loss 0.8520 | lr 8.84e-06 | 2.18 it/s
step 10200/12000 | loss 0.9866 | lr 8.53e-06 | 2.66 it/s
step 10300/12000 | loss 0.8900 | lr 8.25e-06 | 2.39 it/s
step 10400/12000 | loss 0.7142 | lr 8.00e-06 | 3.11 it/s
step 10500/12000 | loss 0.9485 | lr 7.71e-06 | 2.48 it/s
step 10700/12000 | loss 0.9365 | lr 7.18e-06 | 1.27 it/s
step 10800/12000 | loss 0.9937 | lr 6.90e-06 | 2.52 it/s
step 11000/12000 | loss 1.0081 | lr 6.39e-06 | 1.15 it/s
[val] step 11000: mode-C CER 21.93 | mode-B CER 29.27 | mode-A CER 29.27 | gain C +7.34 / B +0.00 | loss 0.6969
step 11100/12000 | loss 1.0204 | lr 6.14e-06 | 2.09 it/s
step 11200/12000 | loss 0.8443 | lr 5.91e-06 | 2.54 it/s
step 11300/12000 | loss 0.9902 | lr 5.66e-06 | 2.77 it/s
step 11500/12000 | loss 0.8968 | lr 5.20e-06 | 1.43 it/s
step 11600/12000 | loss 0.8179 | lr 4.98e-06 | 2.81 it/s
step 11700/12000 | loss 0.9536 | lr 4.77e-06 | 2.35 it/s
step 11800/12000 | loss 0.9043 | lr 4.56e-06 | 2.55 it/s
step 11900/12000 | loss 0.8902 | lr 4.35e-06 | 2.46 it/s
step 12000/12000 | loss 0.8650 | lr 4.17e-06 | 2.47 it/s
[val] step 12000: mode-C CER 21.98 | mode-B CER 28.65 | mode-A CER 28.65 | gain C +6.67 / B +0.00 | loss 0.7356
[done] {'best_val_cer': 20.662382600098862, 'steps': 12000, 'phase': 'icl'}
