[model] v1 | 5.94M params total (published backbone 5.29M + ICL module 0.65M) | device=cuda | phase=icl
[data] train sessions=837 val sessions=192
[data] episodic users=86 train + 10 meta-val (held out from module training)
[episodes] frozen backbone -> mode-A episodes carry no gradient and are skipped; mode_probs renormalized to [0.0, 0.176, 0.824]
[optim] backbone 5.29M @ lr 3.0e-05 | context 0.65M @ lr 1.0e-03 | 2 params exempt from weight decay
[pretrained] loaded 51 backbone tensors from /data2/chenyuxiang/code/emg2qwerty/models/generic.ckpt; 31 context tensors keep their initialization
[freeze] backbone 5.29M frozen | context modules 0.65M trainable (10.9% of total)
[watchdog] armed
step 100/8000 | loss 3.5556 | lr 3.11e-06 | 3.97 it/s
step 200/8000 | loss 2.4392 | lr 6.37e-06 | 4.54 it/s
step 300/8000 | loss 2.1647 | lr 9.56e-06 | 4.54 it/s
step 400/8000 | loss 2.0004 | lr 1.29e-05 | 4.46 it/s
step 500/8000 | loss 1.7653 | lr 1.58e-05 | 4.44 it/s
[val] step 500: mode-C CER 48.25 | mode-B CER 74.69 | mode-A CER 74.69 | gain C +26.44 / B +0.00 | loss 1.9355
[val] new best CER 48.25 -> saved best.pt
step 600/8000 | loss 1.7426 | lr 1.90e-05 | 3.57 it/s
step 700/8000 | loss 1.6238 | lr 2.23e-05 | 4.67 it/s
step 800/8000 | loss 1.7623 | lr 2.52e-05 | 4.55 it/s
step 900/8000 | loss 1.6281 | lr 2.85e-05 | 4.62 it/s
step 1000/8000 | loss 1.8394 | lr 3.00e-05 | 4.69 it/s
[val] step 1000: mode-C CER 40.50 | mode-B CER 75.37 | mode-A CER 75.37 | gain C +34.86 / B +0.00 | loss 1.4733
[val] new best CER 40.50 -> saved best.pt
step 1200/8000 | loss 1.6502 | lr 2.99e-05 | 2.01 it/s
step 1300/8000 | loss 1.5030 | lr 2.99e-05 | 4.53 it/s
step 1400/8000 | loss 1.5459 | lr 2.98e-05 | 4.57 it/s
step 1500/8000 | loss 1.6611 | lr 2.97e-05 | 4.58 it/s
[val] step 1500: mode-C CER 40.17 | mode-B CER 74.41 | mode-A CER 74.41 | gain C +34.23 / B +0.00 | loss 1.4346
[val] new best CER 40.17 -> saved best.pt
step 1700/8000 | loss 1.5474 | lr 2.95e-05 | 2.12 it/s
step 1800/8000 | loss 1.6278 | lr 2.93e-05 | 4.68 it/s
step 1900/8000 | loss 1.4972 | lr 2.92e-05 | 4.79 it/s
step 2000/8000 | loss 1.4630 | lr 2.90e-05 | 4.93 it/s
[val] step 2000: mode-C CER 40.20 | mode-B CER 76.06 | mode-A CER 76.06 | gain C +35.86 / B +0.00 | loss 1.4218
step 2300/8000 | loss 1.4769 | lr 2.84e-05 | 1.46 it/s
step 2400/8000 | loss 1.4996 | lr 2.81e-05 | 4.81 it/s
step 2500/8000 | loss 1.4493 | lr 2.79e-05 | 4.80 it/s
[val] step 2500: mode-C CER 38.06 | mode-B CER 75.39 | mode-A CER 75.39 | gain C +37.33 / B +0.00 | loss 1.3286
[val] new best CER 38.06 -> saved best.pt
step 2600/8000 | loss 1.4415 | lr 2.76e-05 | 3.72 it/s
step 2700/8000 | loss 1.5468 | lr 2.73e-05 | 4.82 it/s
step 2800/8000 | loss 1.4330 | lr 2.70e-05 | 4.90 it/s
step 3000/8000 | loss 1.3357 | lr 2.63e-05 | 2.43 it/s
[val] step 3000: mode-C CER 37.07 | mode-B CER 75.16 | mode-A CER 75.16 | gain C +38.08 / B +0.00 | loss 1.2965
[val] new best CER 37.07 -> saved best.pt
step 3100/8000 | loss 1.5474 | lr 2.60e-05 | 3.72 it/s
step 3300/8000 | loss 1.4212 | lr 2.53e-05 | 2.46 it/s
step 3400/8000 | loss 1.4289 | lr 2.49e-05 | 4.69 it/s
step 3500/8000 | loss 1.4570 | lr 2.45e-05 | 4.87 it/s
[val] step 3500: mode-C CER 36.60 | mode-B CER 74.97 | mode-A CER 74.97 | gain C +38.37 / B +0.00 | loss 1.2618
[val] new best CER 36.60 -> saved best.pt
step 3600/8000 | loss 1.5061 | lr 2.40e-05 | 3.65 it/s
step 3700/8000 | loss 1.3803 | lr 2.36e-05 | 4.94 it/s
step 3800/8000 | loss 1.3862 | lr 2.32e-05 | 4.93 it/s
step 4000/8000 | loss 1.3894 | lr 2.23e-05 | 2.47 it/s
[val] step 4000: mode-C CER 34.94 | mode-B CER 75.56 | mode-A CER 75.56 | gain C +40.62 / B +0.00 | loss 1.2116
[val] new best CER 34.94 -> saved best.pt
step 4100/8000 | loss 1.2831 | lr 2.19e-05 | 3.74 it/s
step 4200/8000 | loss 1.3054 | lr 2.14e-05 | 4.66 it/s
step 4400/8000 | loss 1.3709 | lr 2.05e-05 | 2.35 it/s
step 4500/8000 | loss 1.2857 | lr 2.00e-05 | 4.77 it/s
[val] step 4500: mode-C CER 36.83 | mode-B CER 74.24 | mode-A CER 74.24 | gain C +37.41 / B +0.00 | loss 1.2671
step 4600/8000 | loss 1.4054 | lr 1.95e-05 | 3.76 it/s
step 4700/8000 | loss 1.4566 | lr 1.90e-05 | 4.88 it/s
step 4800/8000 | loss 1.2629 | lr 1.85e-05 | 4.72 it/s
step 4900/8000 | loss 1.3211 | lr 1.80e-05 | 4.81 it/s
step 5000/8000 | loss 1.4086 | lr 1.75e-05 | 4.70 it/s
[val] step 5000: mode-C CER 36.99 | mode-B CER 75.01 | mode-A CER 75.01 | gain C +38.02 / B +0.00 | loss 1.2423
step 5100/8000 | loss 1.2449 | lr 1.69e-05 | 3.74 it/s
step 5200/8000 | loss 1.3550 | lr 1.64e-05 | 4.71 it/s
step 5300/8000 | loss 1.2322 | lr 1.59e-05 | 4.75 it/s
step 5600/8000 | loss 1.2359 | lr 1.44e-05 | 1.59 it/s
step 5700/8000 | loss 1.2497 | lr 1.40e-05 | 4.73 it/s
step 5800/8000 | loss 1.3323 | lr 1.34e-05 | 4.91 it/s
step 6000/8000 | loss 1.2909 | lr 1.24e-05 | 2.31 it/s
[val] step 6000: mode-C CER 35.03 | mode-B CER 75.49 | mode-A CER 75.49 | gain C +40.46 / B +0.00 | loss 1.2003
step 6100/8000 | loss 1.3183 | lr 1.19e-05 | 3.76 it/s
step 6200/8000 | loss 1.3371 | lr 1.14e-05 | 4.63 it/s
step 6300/8000 | loss 1.3537 | lr 1.09e-05 | 4.70 it/s
step 6400/8000 | loss 1.2804 | lr 1.04e-05 | 4.79 it/s
step 6500/8000 | loss 1.3065 | lr 9.96e-06 | 4.63 it/s
[val] step 6500: mode-C CER 36.91 | mode-B CER 75.17 | mode-A CER 75.17 | gain C +38.26 / B +0.00 | loss 1.2732
step 6600/8000 | loss 1.1923 | lr 9.49e-06 | 3.72 it/s
step 6700/8000 | loss 1.3493 | lr 9.05e-06 | 4.80 it/s
step 6800/8000 | loss 1.3275 | lr 8.66e-06 | 4.88 it/s
step 6900/8000 | loss 1.3875 | lr 8.20e-06 | 4.89 it/s
