[model] v1 | 6.26M params total (published backbone 5.29M + ICL module 0.96M) | device=cuda | phase=icl
[data] train sessions=837 val sessions=192
[data] episodic users=86 train + 10 meta-val (held out from module training)
[episodes] frozen backbone -> mode-A episodes carry no gradient and are skipped; mode_probs renormalized to [0.0, 0.294, 0.706]
[optim] backbone 5.29M @ lr 1.0e-03 | context 0.96M @ lr 1.0e-03 | 2 params exempt from weight decay
[pretrained] loaded 51 backbone tensors from /data2/chenyuxiang/code/emg2qwerty/models/generic.ckpt; 104 context tensors keep their initialization
[freeze] backbone 5.29M frozen | context modules 0.96M trainable (15.4% of total)
[watchdog] armed
step 100/8000 | loss 4.9355 | lr 1.01e-04 | 0.80 it/s
step 200/8000 | loss 3.7268 | lr 2.01e-04 | 0.80 it/s
step 300/8000 | loss 3.3812 | lr 3.01e-04 | 0.82 it/s
step 400/8000 | loss 3.2773 | lr 4.01e-04 | 0.92 it/s
step 500/8000 | loss 3.1125 | lr 5.01e-04 | 0.81 it/s
[val] step 500: mode-C CER 66.18 | mode-B CER 68.33 | mode-A CER 79.82 | gain C +13.65 / B +11.49 | loss 2.7225
[val] new best CER 66.18 -> saved best.pt
step 600/8000 | loss 3.1748 | lr 6.01e-04 | 0.76 it/s
step 700/8000 | loss 3.1977 | lr 7.01e-04 | 0.77 it/s
step 800/8000 | loss 3.1203 | lr 8.01e-04 | 0.92 it/s
step 900/8000 | loss 2.9018 | lr 9.01e-04 | 0.74 it/s
step 1000/8000 | loss 3.1137 | lr 1.00e-03 | 0.97 it/s
[val] step 1000: mode-C CER 66.35 | mode-B CER 69.46 | mode-A CER 79.79 | gain C +13.45 / B +10.33 | loss 2.9385
step 1100/8000 | loss 3.1185 | lr 1.00e-03 | 0.71 it/s
step 1200/8000 | loss 2.9824 | lr 9.98e-04 | 0.87 it/s
step 1300/8000 | loss 2.9539 | lr 9.96e-04 | 0.96 it/s
step 1400/8000 | loss 2.8587 | lr 9.92e-04 | 0.79 it/s
step 1500/8000 | loss 2.9836 | lr 9.88e-04 | 0.78 it/s
[val] step 1500: mode-C CER 84.82 | mode-B CER 70.83 | mode-A CER 79.68 | gain C -5.13 / B +8.86 | loss 4.7072
step 1600/8000 | loss 2.8126 | lr 9.83e-04 | 0.69 it/s
step 1700/8000 | loss 2.8301 | lr 9.77e-04 | 0.83 it/s
step 1800/8000 | loss 2.8126 | lr 9.70e-04 | 0.84 it/s
step 1900/8000 | loss 2.8575 | lr 9.62e-04 | 0.80 it/s
step 2000/8000 | loss 2.7120 | lr 9.53e-04 | 0.79 it/s
[val] step 2000: mode-C CER 73.79 | mode-B CER 74.83 | mode-A CER 80.42 | gain C +6.64 / B +5.59 | loss 3.9042
step 2100/8000 | loss 2.8414 | lr 9.43e-04 | 0.72 it/s
