/data2/chenyuxiang/conda_envs/qwerty/lib/python3.10/site-packages/torch/nn/modules/transformer.py:306: UserWarning: enable_nested_tensor is True, but self.use_nested_tensor is False because encoder_layer.norm_first was True
  warnings.warn(f"enable_nested_tensor is True, but self.use_nested_tensor is False because {why_not_sparsity_fast_path}")
[1/96] 11372316: held-out-session CER 9.83 (10 sessions)
[2/96] 11944098: held-out-session CER 3.47 (7 sessions)
[3/96] 12565339: held-out-session CER 2.46 (9 sessions)
[4/96] 13321435: held-out-session CER 15.67 (10 sessions)
[5/96] 14312238: held-out-session CER 4.08 (9 sessions)
[6/96] 1438774: held-out-session CER 11.89 (10 sessions)
[7/96] 18200807: held-out-session CER 14.57 (10 sessions)
[8/96] 20676876: held-out-session CER 9.28 (10 sessions)
[9/96] 2396581: held-out-session CER 10.03 (10 sessions)
[10/96] 25847138: held-out-session CER 14.82 (9 sessions)
[11/96] 25915650: held-out-session CER 2.68 (9 sessions)
[12/96] 26940776: held-out-session CER 10.05 (10 sessions)
[13/96] 29502646: held-out-session CER 3.87 (9 sessions)
[14/96] 30481951: held-out-session CER 9.43 (7 sessions)
[15/96] 30807164: held-out-session CER 18.98 (10 sessions)
[16/96] 33259248: held-out-session CER 5.65 (10 sessions)
[17/96] 33505485: held-out-session CER 17.66 (10 sessions)
[18/96] 3432025: held-out-session CER 3.58 (10 sessions)
[19/96] 34527640: held-out-session CER 15.67 (10 sessions)
[20/96] 3537794: held-out-session CER 9.42 (3 sessions)
[21/96] 3734552: held-out-session CER 7.73 (10 sessions)
[22/96] 37398304: held-out-session CER 4.08 (10 sessions)
[23/96] 39024419: held-out-session CER 5.07 (9 sessions)
[24/96] 41222064: held-out-session CER 6.19 (9 sessions)
[25/96] 41556660: held-out-session CER 8.94 (10 sessions)
[26/96] 4162929: held-out-session CER 13.13 (6 sessions)
[27/96] 42383274: held-out-session CER 10.77 (10 sessions)
[28/96] 42408607: held-out-session CER 18.95 (10 sessions)
[29/96] 45200932: held-out-session CER 10.45 (7 sessions)
[30/96] 45828573: held-out-session CER 4.48 (9 sessions)
[31/96] 46697259: held-out-session CER 3.11 (10 sessions)
[32/96] 47005474: held-out-session CER 2.81 (9 sessions)
[33/96] 47919028: held-out-session CER 9.51 (3 sessions)
[34/96] 5344357: held-out-session CER 11.42 (10 sessions)
[35/96] 53845929: held-out-session CER 10.71 (6 sessions)
[36/96] 53853064: held-out-session CER 18.70 (10 sessions)
[37/96] 54043950: held-out-session CER 1.93 (10 sessions)
[38/96] 54618645: held-out-session CER 3.32 (10 sessions)
[39/96] 5681256: held-out-session CER 2.43 (9 sessions)
[40/96] 56837824: held-out-session CER 5.58 (7 sessions)
[41/96] 57024413: held-out-session CER 14.23 (9 sessions)
[42/96] 59627171: held-out-session CER 1.52 (10 sessions)
[43/96] 60557560: held-out-session CER 4.46 (6 sessions)
[44/96] 60709537: held-out-session CER 6.59 (9 sessions)
[45/96] 60776453: held-out-session CER 7.48 (10 sessions)
[46/96] 61792419: held-out-session CER 4.46 (6 sessions)
[47/96] 61833540: held-out-session CER 7.99 (10 sessions)
[48/96] 62172970: held-out-session CER 6.36 (9 sessions)
[49/96] 62451416: held-out-session CER 9.12 (3 sessions)
[50/96] 63959856: held-out-session CER 5.96 (8 sessions)
[51/96] 64036820: held-out-session CER 15.09 (10 sessions)
[52/96] 65027280: held-out-session CER 4.73 (10 sessions)
[53/96] 6526339: held-out-session CER 8.11 (10 sessions)
[54/96] 65383704: held-out-session CER 5.36 (10 sessions)
[55/96] 6564851: held-out-session CER 13.85 (8 sessions)
[56/96] 66161848: held-out-session CER 9.84 (10 sessions)
[57/96] 66483889: held-out-session CER 8.99 (10 sessions)
[58/96] 66727638: held-out-session CER 19.81 (4 sessions)
[59/96] 66778805: held-out-session CER 8.81 (10 sessions)
[60/96] 68186383: held-out-session CER 18.97 (5 sessions)
[61/96] 68324575: held-out-session CER 15.15 (10 sessions)
[62/96] 6950380: held-out-session CER 9.48 (9 sessions)
[63/96] 70495563: held-out-session CER 5.92 (9 sessions)
[64/96] 71409769: held-out-session CER 4.38 (9 sessions)
[65/96] 72389321: held-out-session CER 9.17 (7 sessions)
[66/96] 74403863: held-out-session CER 6.89 (10 sessions)
[67/96] 76521819: held-out-session CER 23.23 (7 sessions)
[68/96] 76574170: held-out-session CER 17.53 (10 sessions)
[69/96] 7746087: held-out-session CER 8.05 (7 sessions)
[70/96] 80214583: held-out-session CER 33.82 (2 sessions)
[71/96] 80587505: held-out-session CER 8.72 (10 sessions)
[72/96] 80745050: held-out-session CER 5.60 (4 sessions)
[73/96] 80815303: held-out-session CER 5.21 (10 sessions)
[74/96] 81522433: held-out-session CER 6.55 (10 sessions)
[75/96] 81695116: held-out-session CER 4.22 (6 sessions)
[76/96] 83774284: held-out-session CER 5.94 (10 sessions)
[77/96] 84958031: held-out-session CER 5.49 (6 sessions)
[78/96] 85881224: held-out-session CER 11.32 (10 sessions)
[79/96] 86629437: held-out-session CER 5.70 (10 sessions)
[80/96] 87998384: held-out-session CER 10.21 (7 sessions)
[81/96] 89335547: held-out-session CER 6.72 (16 sessions)
[82/96] 89415164: held-out-session CER 10.43 (9 sessions)
[83/96] 90443344: held-out-session CER 11.99 (8 sessions)
[84/96] 92249581: held-out-session CER 6.20 (10 sessions)
[85/96] 92418081: held-out-session CER 9.78 (10 sessions)
[86/96] 92903591: held-out-session CER 7.70 (10 sessions)
[87/96] 93203007: held-out-session CER 5.60 (8 sessions)
[88/96] 94305460: held-out-session CER 3.59 (9 sessions)
[89/96] 9456349: held-out-session CER 7.59 (7 sessions)
[90/96] 94998811: held-out-session CER 4.05 (10 sessions)
[91/96] 95396398: held-out-session CER 3.24 (9 sessions)
[92/96] 97165588: held-out-session CER 9.34 (5 sessions)
[93/96] 97336339: held-out-session CER 12.43 (10 sessions)
[94/96] 97890030: held-out-session CER 9.45 (10 sessions)
[95/96] 97946571: held-out-session CER 10.07 (10 sessions)
[96/96] 99192446: held-out-session CER 2.17 (10 sessions)

=== SEEN users (n=96): median 8.11 p10 3.32 p90 15.67 ===
=== UNSEEN users (8 official test): 55.39 published ===
