[model] v1 | 6.25M params total (published backbone 5.29M + ICL module 0.96M) | device=cuda | phase=icl
[data] train sessions=837 val sessions=192
[data] episodic users=86 train + 10 meta-val (held out from module training)
[pretrained] loaded 51 backbone tensors from /data2/chenyuxiang/code/emg2qwerty/models/generic.ckpt; 98 context tensors keep their initialization
step 50/20000 | loss 1.0828 | lr 1.02e-05 | 1.87 it/s
step 100/20000 | loss 1.4795 | lr 2.02e-05 | 2.09 it/s
step 150/20000 | loss 1.0804 | lr 3.02e-05 | 3.06 it/s
step 200/20000 | loss 1.1189 | lr 4.02e-05 | 3.41 it/s
step 250/20000 | loss 1.2473 | lr 5.02e-05 | 2.23 it/s
step 300/20000 | loss 0.9581 | lr 6.02e-05 | 2.20 it/s
step 350/20000 | loss 1.0808 | lr 7.02e-05 | 3.16 it/s
step 400/20000 | loss 1.1256 | lr 8.02e-05 | 1.88 it/s
step 450/20000 | loss 1.0754 | lr 9.02e-05 | 2.06 it/s
step 500/20000 | loss 1.0149 | lr 1.00e-04 | 3.49 it/s
step 550/20000 | loss 0.8585 | lr 1.10e-04 | 2.56 it/s
step 600/20000 | loss 0.8740 | lr 1.20e-04 | 3.17 it/s
step 650/20000 | loss 1.0281 | lr 1.30e-04 | 2.48 it/s
step 700/20000 | loss 0.9044 | lr 1.40e-04 | 3.15 it/s
step 750/20000 | loss 0.9874 | lr 1.50e-04 | 2.75 it/s
step 800/20000 | loss 0.8673 | lr 1.60e-04 | 3.98 it/s
step 850/20000 | loss 0.9725 | lr 1.70e-04 | 3.47 it/s
step 900/20000 | loss 0.8951 | lr 1.80e-04 | 2.70 it/s
step 950/20000 | loss 0.8898 | lr 1.90e-04 | 2.06 it/s
step 1000/20000 | loss 0.7683 | lr 2.00e-04 | 2.99 it/s
step 1050/20000 | loss 0.8821 | lr 2.00e-04 | 2.71 it/s
step 1100/20000 | loss 0.8265 | lr 2.00e-04 | 2.08 it/s
step 1150/20000 | loss 0.9247 | lr 2.00e-04 | 2.68 it/s
step 1200/20000 | loss 0.8428 | lr 2.00e-04 | 2.82 it/s
step 1250/20000 | loss 0.7273 | lr 2.00e-04 | 2.84 it/s
step 1300/20000 | loss 0.8662 | lr 2.00e-04 | 2.39 it/s
step 1350/20000 | loss 0.8137 | lr 2.00e-04 | 3.45 it/s
step 1400/20000 | loss 0.7834 | lr 2.00e-04 | 2.70 it/s
step 1450/20000 | loss 0.6977 | lr 2.00e-04 | 3.03 it/s
step 1500/20000 | loss 0.9534 | lr 2.00e-04 | 2.00 it/s
step 1550/20000 | loss 0.8138 | lr 2.00e-04 | 3.86 it/s
step 1600/20000 | loss 0.8276 | lr 2.00e-04 | 2.81 it/s
step 1650/20000 | loss 0.8512 | lr 1.99e-04 | 2.78 it/s
step 1700/20000 | loss 0.8193 | lr 1.99e-04 | 2.74 it/s
step 1750/20000 | loss 0.7454 | lr 1.99e-04 | 2.79 it/s
step 1800/20000 | loss 0.8925 | lr 1.99e-04 | 2.38 it/s
step 1850/20000 | loss 0.8996 | lr 1.99e-04 | 2.09 it/s
step 1900/20000 | loss 0.9109 | lr 1.99e-04 | 2.74 it/s
step 1950/20000 | loss 0.8820 | lr 1.99e-04 | 2.02 it/s
step 2000/20000 | loss 0.6788 | lr 1.99e-04 | 3.27 it/s
[val] step 2000: mode-B CER 21.98 | mode-A CER 21.94 | conditioning gain -0.04 | loss 0.6653
[val] new best CER 21.98 -> saved best.pt
step 2050/20000 | loss 0.7883 | lr 1.99e-04 | 1.69 it/s
step 2100/20000 | loss 0.7913 | lr 1.98e-04 | 2.55 it/s
step 2150/20000 | loss 0.6896 | lr 1.98e-04 | 3.19 it/s
step 2200/20000 | loss 0.9313 | lr 1.98e-04 | 2.81 it/s
step 2250/20000 | loss 0.8072 | lr 1.98e-04 | 2.08 it/s
step 2300/20000 | loss 0.8378 | lr 1.98e-04 | 3.14 it/s
step 2350/20000 | loss 0.7133 | lr 1.98e-04 | 2.26 it/s
step 2400/20000 | loss 0.8699 | lr 1.97e-04 | 2.83 it/s
step 2450/20000 | loss 0.8735 | lr 1.97e-04 | 2.41 it/s
step 2500/20000 | loss 0.7446 | lr 1.97e-04 | 2.54 it/s
step 2550/20000 | loss 0.8333 | lr 1.97e-04 | 2.25 it/s
step 2600/20000 | loss 0.8754 | lr 1.97e-04 | 2.41 it/s
step 2650/20000 | loss 0.8180 | lr 1.96e-04 | 2.67 it/s
step 2700/20000 | loss 0.8059 | lr 1.96e-04 | 2.54 it/s
step 2750/20000 | loss 0.8292 | lr 1.96e-04 | 2.83 it/s
step 2800/20000 | loss 0.7697 | lr 1.96e-04 | 3.22 it/s
step 2850/20000 | loss 0.8384 | lr 1.96e-04 | 2.03 it/s
step 2900/20000 | loss 0.8750 | lr 1.95e-04 | 2.54 it/s
step 2950/20000 | loss 0.7652 | lr 1.95e-04 | 3.07 it/s
step 3000/20000 | loss 0.8736 | lr 1.95e-04 | 2.55 it/s
step 3050/20000 | loss 0.7793 | lr 1.95e-04 | 2.58 it/s
step 3100/20000 | loss 0.7110 | lr 1.94e-04 | 2.88 it/s
step 3150/20000 | loss 0.8244 | lr 1.94e-04 | 3.92 it/s
step 3200/20000 | loss 0.6304 | lr 1.94e-04 | 2.66 it/s
step 3250/20000 | loss 0.8174 | lr 1.94e-04 | 3.26 it/s
step 3300/20000 | loss 0.7537 | lr 1.93e-04 | 2.61 it/s
step 3350/20000 | loss 0.8159 | lr 1.93e-04 | 2.57 it/s
step 3400/20000 | loss 0.7811 | lr 1.93e-04 | 3.35 it/s
step 3450/20000 | loss 0.7593 | lr 1.92e-04 | 1.64 it/s
step 3500/20000 | loss 0.6935 | lr 1.92e-04 | 2.16 it/s
step 3550/20000 | loss 0.9047 | lr 1.92e-04 | 2.29 it/s
step 3600/20000 | loss 0.8359 | lr 1.91e-04 | 2.49 it/s
step 3650/20000 | loss 0.8098 | lr 1.91e-04 | 1.95 it/s
step 3700/20000 | loss 0.7814 | lr 1.91e-04 | 2.63 it/s
step 3750/20000 | loss 0.7868 | lr 1.90e-04 | 2.47 it/s
step 3800/20000 | loss 0.8387 | lr 1.90e-04 | 2.79 it/s
step 3850/20000 | loss 0.7397 | lr 1.90e-04 | 2.86 it/s
step 3900/20000 | loss 0.7361 | lr 1.89e-04 | 3.05 it/s
step 3950/20000 | loss 0.7209 | lr 1.89e-04 | 2.91 it/s
step 4000/20000 | loss 0.7155 | lr 1.89e-04 | 1.80 it/s
[val] step 4000: mode-B CER 23.50 | mode-A CER 23.43 | conditioning gain -0.07 | loss 0.6882
step 4050/20000 | loss 0.8798 | lr 1.88e-04 | 2.44 it/s
step 4100/20000 | loss 0.7231 | lr 1.88e-04 | 2.13 it/s
step 4150/20000 | loss 0.6924 | lr 1.87e-04 | 2.59 it/s
step 4200/20000 | loss 0.6325 | lr 1.87e-04 | 2.39 it/s
step 4250/20000 | loss 0.7145 | lr 1.87e-04 | 2.27 it/s
step 4300/20000 | loss 0.7452 | lr 1.86e-04 | 3.21 it/s
step 4350/20000 | loss 0.8451 | lr 1.86e-04 | 2.12 it/s
step 4400/20000 | loss 0.7163 | lr 1.85e-04 | 2.37 it/s
step 4450/20000 | loss 0.7702 | lr 1.85e-04 | 3.15 it/s
step 4500/20000 | loss 0.7134 | lr 1.85e-04 | 2.09 it/s
step 4550/20000 | loss 0.7508 | lr 1.84e-04 | 2.12 it/s
step 4600/20000 | loss 0.8035 | lr 1.84e-04 | 2.14 it/s
step 4650/20000 | loss 0.6441 | lr 1.83e-04 | 2.42 it/s
step 4700/20000 | loss 0.8407 | lr 1.83e-04 | 2.10 it/s
step 4750/20000 | loss 0.7352 | lr 1.82e-04 | 2.43 it/s
step 4800/20000 | loss 0.8058 | lr 1.82e-04 | 2.45 it/s
step 4850/20000 | loss 0.6502 | lr 1.81e-04 | 2.55 it/s
step 4900/20000 | loss 0.7242 | lr 1.81e-04 | 1.76 it/s
step 4950/20000 | loss 0.7113 | lr 1.80e-04 | 2.91 it/s
step 5000/20000 | loss 0.7616 | lr 1.80e-04 | 3.59 it/s
step 5050/20000 | loss 0.7130 | lr 1.79e-04 | 2.68 it/s
step 5100/20000 | loss 0.7691 | lr 1.79e-04 | 1.87 it/s
step 5150/20000 | loss 0.7520 | lr 1.78e-04 | 2.25 it/s
step 5200/20000 | loss 0.7979 | lr 1.78e-04 | 1.93 it/s
step 5250/20000 | loss 0.6447 | lr 1.77e-04 | 2.88 it/s
step 5300/20000 | loss 0.7122 | lr 1.77e-04 | 2.60 it/s
step 5350/20000 | loss 0.7196 | lr 1.76e-04 | 2.92 it/s
step 5400/20000 | loss 0.7198 | lr 1.76e-04 | 2.68 it/s
step 5450/20000 | loss 0.7077 | lr 1.75e-04 | 2.71 it/s
step 5500/20000 | loss 0.7921 | lr 1.75e-04 | 2.88 it/s
step 5550/20000 | loss 0.6535 | lr 1.74e-04 | 2.77 it/s
step 5600/20000 | loss 0.7417 | lr 1.74e-04 | 1.65 it/s
step 5650/20000 | loss 0.7441 | lr 1.73e-04 | 3.08 it/s
step 5700/20000 | loss 0.6583 | lr 1.73e-04 | 2.67 it/s
step 5750/20000 | loss 0.6924 | lr 1.72e-04 | 2.75 it/s
step 5800/20000 | loss 0.6435 | lr 1.72e-04 | 2.29 it/s
step 5850/20000 | loss 0.6924 | lr 1.71e-04 | 2.22 it/s
step 5900/20000 | loss 0.7700 | lr 1.70e-04 | 2.66 it/s
step 5950/20000 | loss 0.6968 | lr 1.70e-04 | 2.54 it/s
step 6000/20000 | loss 0.6844 | lr 1.69e-04 | 2.20 it/s
[val] step 6000: mode-B CER 22.57 | mode-A CER 22.46 | conditioning gain -0.11 | loss 0.6848
step 6050/20000 | loss 0.6537 | lr 1.69e-04 | 2.19 it/s
step 6100/20000 | loss 0.8089 | lr 1.68e-04 | 2.32 it/s
step 6150/20000 | loss 0.7448 | lr 1.68e-04 | 2.40 it/s
step 6200/20000 | loss 0.6489 | lr 1.67e-04 | 3.43 it/s
step 6250/20000 | loss 0.7670 | lr 1.66e-04 | 2.86 it/s
step 6300/20000 | loss 0.7985 | lr 1.66e-04 | 2.30 it/s
step 6350/20000 | loss 0.7193 | lr 1.65e-04 | 3.32 it/s
step 6400/20000 | loss 0.6129 | lr 1.65e-04 | 2.30 it/s
step 6450/20000 | loss 0.7989 | lr 1.64e-04 | 4.08 it/s
step 6500/20000 | loss 0.7872 | lr 1.63e-04 | 2.81 it/s
step 6550/20000 | loss 0.7092 | lr 1.63e-04 | 1.87 it/s
step 6600/20000 | loss 0.6908 | lr 1.62e-04 | 2.36 it/s
step 6650/20000 | loss 0.6550 | lr 1.61e-04 | 2.44 it/s
step 6700/20000 | loss 0.7085 | lr 1.61e-04 | 3.03 it/s
step 6750/20000 | loss 0.8288 | lr 1.60e-04 | 1.88 it/s
step 6800/20000 | loss 0.6440 | lr 1.60e-04 | 1.76 it/s
step 6850/20000 | loss 0.6613 | lr 1.59e-04 | 2.13 it/s
step 6900/20000 | loss 0.7284 | lr 1.58e-04 | 3.29 it/s
step 6950/20000 | loss 0.7235 | lr 1.58e-04 | 2.74 it/s
step 7000/20000 | loss 0.7319 | lr 1.57e-04 | 2.63 it/s
step 7050/20000 | loss 0.6712 | lr 1.56e-04 | 2.70 it/s
step 7100/20000 | loss 0.7231 | lr 1.56e-04 | 3.05 it/s
step 7150/20000 | loss 0.6328 | lr 1.55e-04 | 2.20 it/s
step 7200/20000 | loss 0.6255 | lr 1.54e-04 | 2.07 it/s
step 7250/20000 | loss 0.6716 | lr 1.54e-04 | 3.18 it/s
step 7300/20000 | loss 0.7553 | lr 1.53e-04 | 2.30 it/s
step 7350/20000 | loss 0.7496 | lr 1.52e-04 | 2.04 it/s
step 7400/20000 | loss 0.7981 | lr 1.52e-04 | 2.10 it/s
step 7450/20000 | loss 0.6365 | lr 1.51e-04 | 3.20 it/s
step 7500/20000 | loss 0.6847 | lr 1.50e-04 | 2.73 it/s
step 7550/20000 | loss 0.6761 | lr 1.50e-04 | 2.42 it/s
step 7600/20000 | loss 0.8401 | lr 1.49e-04 | 2.74 it/s
step 7650/20000 | loss 0.7773 | lr 1.48e-04 | 2.36 it/s
step 7700/20000 | loss 0.7418 | lr 1.47e-04 | 2.80 it/s
step 7750/20000 | loss 0.5655 | lr 1.47e-04 | 2.82 it/s
step 7800/20000 | loss 0.6801 | lr 1.46e-04 | 2.46 it/s
step 7850/20000 | loss 0.5910 | lr 1.45e-04 | 2.47 it/s
step 7900/20000 | loss 0.6404 | lr 1.45e-04 | 1.79 it/s
step 7950/20000 | loss 0.6290 | lr 1.44e-04 | 2.73 it/s
step 8000/20000 | loss 0.7281 | lr 1.43e-04 | 2.79 it/s
[val] step 8000: mode-B CER 24.53 | mode-A CER 24.29 | conditioning gain -0.24 | loss 0.7577
step 8050/20000 | loss 0.6791 | lr 1.42e-04 | 1.62 it/s
step 8100/20000 | loss 0.6580 | lr 1.42e-04 | 2.19 it/s
step 8150/20000 | loss 0.6842 | lr 1.41e-04 | 3.21 it/s
step 8200/20000 | loss 0.7772 | lr 1.40e-04 | 3.36 it/s
step 8250/20000 | loss 0.5328 | lr 1.40e-04 | 3.13 it/s
step 8300/20000 | loss 0.5675 | lr 1.39e-04 | 2.24 it/s
step 8350/20000 | loss 0.5998 | lr 1.38e-04 | 2.60 it/s
step 8400/20000 | loss 0.5992 | lr 1.37e-04 | 3.13 it/s
step 8450/20000 | loss 0.7235 | lr 1.37e-04 | 2.27 it/s
step 8500/20000 | loss 0.6728 | lr 1.36e-04 | 2.46 it/s
step 8550/20000 | loss 0.7265 | lr 1.35e-04 | 2.56 it/s
step 8600/20000 | loss 0.6504 | lr 1.34e-04 | 2.88 it/s
step 8650/20000 | loss 0.5626 | lr 1.34e-04 | 3.25 it/s
step 8700/20000 | loss 0.6048 | lr 1.33e-04 | 2.55 it/s
step 8750/20000 | loss 0.6248 | lr 1.32e-04 | 3.57 it/s
step 8800/20000 | loss 0.6197 | lr 1.31e-04 | 1.96 it/s
step 8850/20000 | loss 0.7792 | lr 1.31e-04 | 2.16 it/s
step 8900/20000 | loss 0.7258 | lr 1.30e-04 | 3.16 it/s
step 8950/20000 | loss 0.8325 | lr 1.29e-04 | 2.35 it/s
step 9000/20000 | loss 0.6630 | lr 1.28e-04 | 2.58 it/s
step 9050/20000 | loss 0.6218 | lr 1.28e-04 | 2.97 it/s
step 9100/20000 | loss 0.6203 | lr 1.27e-04 | 2.87 it/s
step 9150/20000 | loss 0.6524 | lr 1.26e-04 | 2.67 it/s
step 9200/20000 | loss 0.6768 | lr 1.25e-04 | 2.03 it/s
step 9250/20000 | loss 0.7057 | lr 1.24e-04 | 2.32 it/s
step 9300/20000 | loss 0.7545 | lr 1.24e-04 | 2.32 it/s
step 9350/20000 | loss 0.5762 | lr 1.23e-04 | 3.08 it/s
step 9400/20000 | loss 0.7589 | lr 1.22e-04 | 1.96 it/s
step 9450/20000 | loss 0.6989 | lr 1.21e-04 | 1.99 it/s
step 9500/20000 | loss 0.6547 | lr 1.21e-04 | 1.61 it/s
step 9550/20000 | loss 0.5536 | lr 1.20e-04 | 2.12 it/s
step 9600/20000 | loss 0.5905 | lr 1.19e-04 | 2.22 it/s
step 9650/20000 | loss 0.6364 | lr 1.18e-04 | 3.29 it/s
step 9700/20000 | loss 0.6690 | lr 1.18e-04 | 2.47 it/s
step 9750/20000 | loss 0.5307 | lr 1.17e-04 | 2.39 it/s
step 9800/20000 | loss 0.7228 | lr 1.16e-04 | 2.59 it/s
step 9850/20000 | loss 0.7720 | lr 1.15e-04 | 2.24 it/s
step 9900/20000 | loss 0.6308 | lr 1.14e-04 | 3.02 it/s
step 9950/20000 | loss 0.6850 | lr 1.14e-04 | 3.54 it/s
step 10000/20000 | loss 0.7680 | lr 1.13e-04 | 2.81 it/s
[val] step 10000: mode-B CER 25.85 | mode-A CER 25.37 | conditioning gain -0.48 | loss 0.8139
step 10050/20000 | loss 0.6611 | lr 1.12e-04 | 2.61 it/s
step 10100/20000 | loss 0.7678 | lr 1.11e-04 | 2.71 it/s
step 10150/20000 | loss 0.6429 | lr 1.10e-04 | 3.13 it/s
step 10200/20000 | loss 0.6810 | lr 1.10e-04 | 2.05 it/s
step 10250/20000 | loss 0.6190 | lr 1.09e-04 | 1.76 it/s
step 10300/20000 | loss 0.7088 | lr 1.08e-04 | 1.82 it/s
step 10350/20000 | loss 0.7612 | lr 1.07e-04 | 2.42 it/s
step 10400/20000 | loss 0.5930 | lr 1.07e-04 | 2.20 it/s
step 10450/20000 | loss 0.6665 | lr 1.06e-04 | 3.72 it/s
step 10500/20000 | loss 0.6740 | lr 1.05e-04 | 2.43 it/s
step 10550/20000 | loss 0.6331 | lr 1.04e-04 | 2.42 it/s
step 10600/20000 | loss 0.7617 | lr 1.03e-04 | 3.08 it/s
step 10650/20000 | loss 0.6660 | lr 1.03e-04 | 2.42 it/s
step 10700/20000 | loss 0.6920 | lr 1.02e-04 | 3.06 it/s
step 10750/20000 | loss 0.6857 | lr 1.01e-04 | 2.91 it/s
step 10800/20000 | loss 0.6621 | lr 1.00e-04 | 2.72 it/s
step 10850/20000 | loss 0.6568 | lr 9.95e-05 | 2.16 it/s
step 10900/20000 | loss 0.6243 | lr 9.87e-05 | 2.33 it/s
step 10950/20000 | loss 0.6569 | lr 9.79e-05 | 2.47 it/s
step 11000/20000 | loss 0.5898 | lr 9.72e-05 | 2.38 it/s
step 11050/20000 | loss 0.6160 | lr 9.64e-05 | 2.65 it/s
step 11100/20000 | loss 0.6631 | lr 9.56e-05 | 2.75 it/s
step 11150/20000 | loss 0.6251 | lr 9.48e-05 | 2.41 it/s
step 11200/20000 | loss 0.6190 | lr 9.40e-05 | 1.87 it/s
step 11250/20000 | loss 0.8146 | lr 9.32e-05 | 2.69 it/s
step 11300/20000 | loss 0.8041 | lr 9.25e-05 | 1.67 it/s
step 11350/20000 | loss 0.7196 | lr 9.17e-05 | 2.11 it/s
step 11400/20000 | loss 0.7085 | lr 9.09e-05 | 2.48 it/s
step 11450/20000 | loss 0.6226 | lr 9.01e-05 | 2.48 it/s
step 11500/20000 | loss 0.7189 | lr 8.94e-05 | 3.27 it/s
step 11550/20000 | loss 0.6517 | lr 8.86e-05 | 3.30 it/s
step 11600/20000 | loss 0.7479 | lr 8.78e-05 | 2.16 it/s
step 11650/20000 | loss 0.8174 | lr 8.70e-05 | 2.33 it/s
step 11700/20000 | loss 0.7352 | lr 8.63e-05 | 2.32 it/s
step 11750/20000 | loss 0.6595 | lr 8.55e-05 | 3.34 it/s
step 11800/20000 | loss 0.5711 | lr 8.47e-05 | 2.54 it/s
step 11850/20000 | loss 0.7358 | lr 8.40e-05 | 3.43 it/s
step 11900/20000 | loss 0.5944 | lr 8.32e-05 | 3.14 it/s
step 11950/20000 | loss 0.7883 | lr 8.24e-05 | 1.74 it/s
step 12000/20000 | loss 0.5961 | lr 8.17e-05 | 2.48 it/s
[val] step 12000: mode-B CER 23.03 | mode-A CER 22.94 | conditioning gain -0.09 | loss 0.6843
step 12050/20000 | loss 0.6290 | lr 8.09e-05 | 2.47 it/s
step 12100/20000 | loss 0.6255 | lr 8.02e-05 | 2.98 it/s
step 12150/20000 | loss 0.6524 | lr 7.94e-05 | 2.71 it/s
step 12200/20000 | loss 0.6815 | lr 7.86e-05 | 2.65 it/s
step 12250/20000 | loss 0.7296 | lr 7.79e-05 | 2.80 it/s
step 12300/20000 | loss 0.5968 | lr 7.71e-05 | 2.08 it/s
step 12350/20000 | loss 0.7429 | lr 7.64e-05 | 2.41 it/s
step 12400/20000 | loss 0.6998 | lr 7.56e-05 | 1.85 it/s
step 12450/20000 | loss 0.5284 | lr 7.49e-05 | 3.96 it/s
step 12500/20000 | loss 0.8179 | lr 7.42e-05 | 1.91 it/s
step 12550/20000 | loss 0.6717 | lr 7.34e-05 | 1.95 it/s
step 12600/20000 | loss 0.6653 | lr 7.27e-05 | 3.22 it/s
step 12650/20000 | loss 0.6676 | lr 7.19e-05 | 1.90 it/s
step 12700/20000 | loss 0.6036 | lr 7.12e-05 | 3.44 it/s
step 12750/20000 | loss 0.6445 | lr 7.05e-05 | 2.34 it/s
step 12800/20000 | loss 0.6147 | lr 6.97e-05 | 2.69 it/s
step 12850/20000 | loss 0.6445 | lr 6.90e-05 | 3.13 it/s
step 12900/20000 | loss 0.5698 | lr 6.83e-05 | 2.90 it/s
step 12950/20000 | loss 0.7129 | lr 6.76e-05 | 3.16 it/s
step 13000/20000 | loss 0.5932 | lr 6.68e-05 | 2.76 it/s
step 13050/20000 | loss 0.7099 | lr 6.61e-05 | 3.07 it/s
step 13100/20000 | loss 0.8685 | lr 6.54e-05 | 1.82 it/s
step 13150/20000 | loss 0.6656 | lr 6.47e-05 | 2.60 it/s
step 13200/20000 | loss 0.5686 | lr 6.40e-05 | 2.73 it/s
step 13250/20000 | loss 0.7561 | lr 6.33e-05 | 3.24 it/s
step 13300/20000 | loss 0.6093 | lr 6.26e-05 | 3.85 it/s
step 13350/20000 | loss 0.6396 | lr 6.19e-05 | 2.84 it/s
step 13400/20000 | loss 0.6364 | lr 6.12e-05 | 3.34 it/s
step 13450/20000 | loss 0.6668 | lr 6.05e-05 | 2.20 it/s
step 13500/20000 | loss 0.6777 | lr 5.98e-05 | 2.40 it/s
step 13550/20000 | loss 0.6093 | lr 5.91e-05 | 2.94 it/s
step 13600/20000 | loss 0.7101 | lr 5.84e-05 | 2.80 it/s
step 13650/20000 | loss 0.6912 | lr 5.77e-05 | 2.57 it/s
step 13700/20000 | loss 0.5719 | lr 5.70e-05 | 2.55 it/s
step 13750/20000 | loss 0.6503 | lr 5.64e-05 | 3.31 it/s
step 13800/20000 | loss 0.6414 | lr 5.57e-05 | 2.67 it/s
step 13850/20000 | loss 0.7206 | lr 5.50e-05 | 2.50 it/s
step 13900/20000 | loss 0.5819 | lr 5.44e-05 | 3.47 it/s
step 13950/20000 | loss 0.5671 | lr 5.37e-05 | 3.67 it/s
step 14000/20000 | loss 0.5760 | lr 5.30e-05 | 2.34 it/s
[val] step 14000: mode-B CER 22.15 | mode-A CER 22.00 | conditioning gain -0.15 | loss 0.6598
step 14050/20000 | loss 0.6384 | lr 5.24e-05 | 2.47 it/s
step 14100/20000 | loss 0.7032 | lr 5.17e-05 | 3.09 it/s
step 14150/20000 | loss 0.6476 | lr 5.11e-05 | 3.31 it/s
step 14200/20000 | loss 0.5511 | lr 5.04e-05 | 2.90 it/s
step 14250/20000 | loss 0.6516 | lr 4.98e-05 | 2.55 it/s
step 14300/20000 | loss 0.5450 | lr 4.92e-05 | 2.93 it/s
step 14350/20000 | loss 0.6544 | lr 4.85e-05 | 2.17 it/s
step 14400/20000 | loss 0.5574 | lr 4.79e-05 | 2.77 it/s
step 14450/20000 | loss 0.5618 | lr 4.73e-05 | 2.92 it/s
step 14500/20000 | loss 0.5613 | lr 4.66e-05 | 3.32 it/s
step 14550/20000 | loss 0.6386 | lr 4.60e-05 | 1.98 it/s
step 14600/20000 | loss 0.6870 | lr 4.54e-05 | 2.97 it/s
step 14650/20000 | loss 0.6265 | lr 4.48e-05 | 2.95 it/s
step 14700/20000 | loss 0.7256 | lr 4.42e-05 | 2.88 it/s
step 14750/20000 | loss 0.5507 | lr 4.36e-05 | 2.39 it/s
step 14800/20000 | loss 0.6404 | lr 4.30e-05 | 2.78 it/s
step 14850/20000 | loss 0.5737 | lr 4.24e-05 | 2.67 it/s
step 14900/20000 | loss 0.6597 | lr 4.18e-05 | 1.75 it/s
step 14950/20000 | loss 0.6389 | lr 4.12e-05 | 2.44 it/s
step 15000/20000 | loss 0.5323 | lr 4.07e-05 | 2.81 it/s
step 15050/20000 | loss 0.5431 | lr 4.01e-05 | 2.81 it/s
step 15100/20000 | loss 0.6771 | lr 3.95e-05 | 2.75 it/s
step 15150/20000 | loss 0.5993 | lr 3.89e-05 | 3.46 it/s
step 15200/20000 | loss 0.6320 | lr 3.84e-05 | 3.41 it/s
step 15250/20000 | loss 0.6461 | lr 3.78e-05 | 3.08 it/s
step 15300/20000 | loss 0.6837 | lr 3.73e-05 | 2.68 it/s
step 15350/20000 | loss 0.5804 | lr 3.67e-05 | 2.91 it/s
step 15400/20000 | loss 0.6543 | lr 3.62e-05 | 2.96 it/s
step 15450/20000 | loss 0.7195 | lr 3.56e-05 | 3.12 it/s
step 15500/20000 | loss 0.7061 | lr 3.51e-05 | 3.12 it/s
step 15550/20000 | loss 0.6647 | lr 3.46e-05 | 3.04 it/s
step 15600/20000 | loss 0.6088 | lr 3.41e-05 | 2.93 it/s
step 15650/20000 | loss 0.5660 | lr 3.35e-05 | 2.18 it/s
step 15700/20000 | loss 0.5547 | lr 3.30e-05 | 2.68 it/s
step 15750/20000 | loss 0.5947 | lr 3.25e-05 | 2.92 it/s
step 15800/20000 | loss 0.6748 | lr 3.20e-05 | 2.31 it/s
step 15850/20000 | loss 0.6074 | lr 3.15e-05 | 2.79 it/s
step 15900/20000 | loss 0.6303 | lr 3.10e-05 | 2.51 it/s
step 15950/20000 | loss 0.5914 | lr 3.05e-05 | 3.20 it/s
step 16000/20000 | loss 0.5788 | lr 3.00e-05 | 2.75 it/s
[val] step 16000: mode-B CER 21.41 | mode-A CER 21.36 | conditioning gain -0.05 | loss 0.6350
[val] new best CER 21.41 -> saved best.pt
step 16050/20000 | loss 0.6963 | lr 2.96e-05 | 2.20 it/s
step 16100/20000 | loss 0.6201 | lr 2.91e-05 | 2.30 it/s
step 16150/20000 | loss 0.5533 | lr 2.86e-05 | 3.31 it/s
step 16200/20000 | loss 0.6021 | lr 2.81e-05 | 3.23 it/s
step 16250/20000 | loss 0.5408 | lr 2.77e-05 | 2.25 it/s
step 16300/20000 | loss 0.7412 | lr 2.72e-05 | 2.23 it/s
step 16350/20000 | loss 0.6221 | lr 2.68e-05 | 2.87 it/s
step 16400/20000 | loss 0.6802 | lr 2.63e-05 | 2.46 it/s
step 16450/20000 | loss 0.7828 | lr 2.59e-05 | 2.60 it/s
step 16500/20000 | loss 0.7956 | lr 2.55e-05 | 2.64 it/s
step 16550/20000 | loss 0.5592 | lr 2.50e-05 | 3.36 it/s
step 16600/20000 | loss 0.6071 | lr 2.46e-05 | 2.53 it/s
step 16650/20000 | loss 0.5140 | lr 2.42e-05 | 3.66 it/s
step 16700/20000 | loss 0.5743 | lr 2.38e-05 | 2.96 it/s
step 16750/20000 | loss 0.6704 | lr 2.34e-05 | 2.09 it/s
step 16800/20000 | loss 0.6482 | lr 2.30e-05 | 2.26 it/s
step 16850/20000 | loss 0.5243 | lr 2.26e-05 | 1.72 it/s
step 16900/20000 | loss 0.5937 | lr 2.22e-05 | 3.12 it/s
step 16950/20000 | loss 0.6241 | lr 2.18e-05 | 2.95 it/s
step 17000/20000 | loss 0.7084 | lr 2.14e-05 | 2.15 it/s
step 17050/20000 | loss 0.6275 | lr 2.11e-05 | 2.39 it/s
step 17100/20000 | loss 0.5507 | lr 2.07e-05 | 2.52 it/s
step 17150/20000 | loss 0.5665 | lr 2.04e-05 | 3.72 it/s
step 17200/20000 | loss 0.7360 | lr 2.00e-05 | 3.27 it/s
step 17250/20000 | loss 0.6895 | lr 1.97e-05 | 2.32 it/s
step 17300/20000 | loss 0.5060 | lr 1.93e-05 | 2.65 it/s
step 17350/20000 | loss 0.5973 | lr 1.90e-05 | 2.42 it/s
step 17400/20000 | loss 0.5694 | lr 1.86e-05 | 2.64 it/s
step 17450/20000 | loss 0.6120 | lr 1.83e-05 | 1.80 it/s
step 17500/20000 | loss 0.5989 | lr 1.80e-05 | 2.90 it/s
step 17550/20000 | loss 0.6624 | lr 1.77e-05 | 3.22 it/s
step 17600/20000 | loss 0.6734 | lr 1.74e-05 | 1.68 it/s
step 17650/20000 | loss 0.7612 | lr 1.71e-05 | 3.48 it/s
step 17700/20000 | loss 0.6033 | lr 1.68e-05 | 2.61 it/s
step 17750/20000 | loss 0.5788 | lr 1.65e-05 | 3.09 it/s
step 17800/20000 | loss 0.5535 | lr 1.62e-05 | 2.36 it/s
step 17850/20000 | loss 0.6670 | lr 1.59e-05 | 2.68 it/s
step 17900/20000 | loss 0.6617 | lr 1.57e-05 | 2.71 it/s
step 17950/20000 | loss 0.5468 | lr 1.54e-05 | 2.22 it/s
step 18000/20000 | loss 0.6802 | lr 1.51e-05 | 3.34 it/s
[val] step 18000: mode-B CER 23.03 | mode-A CER 22.72 | conditioning gain -0.31 | loss 0.6873
step 18050/20000 | loss 0.7848 | lr 1.49e-05 | 1.50 it/s
step 18100/20000 | loss 0.5550 | lr 1.46e-05 | 2.40 it/s
step 18150/20000 | loss 0.6493 | lr 1.44e-05 | 2.41 it/s
step 18200/20000 | loss 0.5911 | lr 1.42e-05 | 3.13 it/s
step 18250/20000 | loss 0.5930 | lr 1.39e-05 | 2.71 it/s
step 18300/20000 | loss 0.5575 | lr 1.37e-05 | 2.73 it/s
step 18350/20000 | loss 0.5952 | lr 1.35e-05 | 2.96 it/s
step 18400/20000 | loss 0.5427 | lr 1.33e-05 | 2.25 it/s
step 18450/20000 | loss 0.5154 | lr 1.31e-05 | 3.51 it/s
step 18500/20000 | loss 0.6047 | lr 1.29e-05 | 3.33 it/s
step 18550/20000 | loss 0.5736 | lr 1.27e-05 | 3.56 it/s
step 18600/20000 | loss 0.6324 | lr 1.25e-05 | 1.75 it/s
step 18650/20000 | loss 0.6766 | lr 1.24e-05 | 2.89 it/s
step 18700/20000 | loss 0.6612 | lr 1.22e-05 | 3.12 it/s
step 18750/20000 | loss 0.5846 | lr 1.20e-05 | 3.67 it/s
step 18800/20000 | loss 0.6204 | lr 1.19e-05 | 2.61 it/s
step 18850/20000 | loss 0.6035 | lr 1.17e-05 | 2.93 it/s
step 18900/20000 | loss 0.6397 | lr 1.16e-05 | 3.08 it/s
step 18950/20000 | loss 0.4904 | lr 1.14e-05 | 3.27 it/s
step 19000/20000 | loss 0.5560 | lr 1.13e-05 | 2.24 it/s
step 19050/20000 | loss 0.6557 | lr 1.12e-05 | 2.50 it/s
step 19100/20000 | loss 0.5502 | lr 1.10e-05 | 2.52 it/s
step 19150/20000 | loss 0.6196 | lr 1.09e-05 | 3.22 it/s
step 19200/20000 | loss 0.6320 | lr 1.08e-05 | 3.33 it/s
step 19250/20000 | loss 0.6185 | lr 1.07e-05 | 1.91 it/s
step 19300/20000 | loss 0.5739 | lr 1.06e-05 | 2.84 it/s
step 19350/20000 | loss 0.7698 | lr 1.05e-05 | 2.76 it/s
step 19400/20000 | loss 0.5887 | lr 1.05e-05 | 2.33 it/s
step 19450/20000 | loss 0.7849 | lr 1.04e-05 | 3.02 it/s
step 19500/20000 | loss 0.6164 | lr 1.03e-05 | 2.91 it/s
step 19550/20000 | loss 0.5675 | lr 1.03e-05 | 3.27 it/s
step 19600/20000 | loss 0.5864 | lr 1.02e-05 | 2.38 it/s
step 19650/20000 | loss 0.5450 | lr 1.02e-05 | 2.84 it/s
step 19700/20000 | loss 0.5428 | lr 1.01e-05 | 2.94 it/s
step 19750/20000 | loss 0.7220 | lr 1.01e-05 | 2.23 it/s
step 19800/20000 | loss 0.6034 | lr 1.01e-05 | 2.58 it/s
step 19850/20000 | loss 0.6549 | lr 1.00e-05 | 2.14 it/s
step 19900/20000 | loss 0.5672 | lr 1.00e-05 | 2.60 it/s
step 19950/20000 | loss 0.5390 | lr 1.00e-05 | 2.60 it/s
step 20000/20000 | loss 0.6283 | lr 1.00e-05 | 2.83 it/s
[val] step 20000: mode-B CER 22.86 | mode-A CER 22.83 | conditioning gain -0.04 | loss 0.6912
[done] {'best_val_cer': 21.411849450747344, 'steps': 20000, 'phase': 'icl'}
